mode: set
leaflock/auth/handlers.go:24.44,28.2 1 1
leaflock/auth/handlers.go:42.48,44.43 2 1
leaflock/auth/handlers.go:44.43,49.3 1 1
leaflock/auth/handlers.go:52.2,60.40 4 1
leaflock/auth/handlers.go:60.40,65.3 1 0
leaflock/auth/handlers.go:68.2,68.58 1 1
leaflock/auth/handlers.go:68.58,73.3 1 1
leaflock/auth/handlers.go:76.2,80.16 4 1
leaflock/auth/handlers.go:80.16,81.54 1 1
leaflock/auth/handlers.go:81.54,86.4 1 1
leaflock/auth/handlers.go:87.3,87.48 1 1
leaflock/auth/handlers.go:87.48,92.4 1 1
leaflock/auth/handlers.go:93.3,96.5 1 0
leaflock/auth/handlers.go:99.2,99.25 1 0
leaflock/auth/handlers.go:114.45,116.43 2 1
leaflock/auth/handlers.go:116.43,121.3 1 1
leaflock/auth/handlers.go:124.2,128.16 4 1
leaflock/auth/handlers.go:128.16,129.46 1 1
leaflock/auth/handlers.go:129.46,134.4 1 0
leaflock/auth/handlers.go:135.3,135.48 1 1
leaflock/auth/handlers.go:135.48,140.4 1 0
leaflock/auth/handlers.go:141.3,144.5 1 1
leaflock/auth/handlers.go:147.2,147.25 1 0
leaflock/auth/handlers.go:161.49,163.43 2 1
leaflock/auth/handlers.go:163.43,168.3 1 1
leaflock/auth/handlers.go:170.2,172.16 3 1
leaflock/auth/handlers.go:172.16,173.47 1 1
leaflock/auth/handlers.go:173.47,178.4 1 1
leaflock/auth/handlers.go:179.3,182.5 1 0
leaflock/auth/handlers.go:185.2,185.25 1 0
leaflock/auth/handlers.go:198.46,201.22 2 1
leaflock/auth/handlers.go:201.22,206.3 1 1
leaflock/auth/handlers.go:209.2,210.45 2 1
leaflock/auth/handlers.go:210.45,215.3 1 1
leaflock/auth/handlers.go:217.2,220.53 3 1
leaflock/auth/handlers.go:220.53,225.3 1 1
leaflock/auth/handlers.go:227.2,229.4 1 1
leaflock/auth/handlers.go:241.52,245.16 3 1
leaflock/auth/handlers.go:245.16,250.3 1 1
leaflock/auth/handlers.go:252.2,255.4 1 0
leaflock/auth/handlers.go:267.53,275.16 6 1
leaflock/auth/handlers.go:275.16,280.3 1 1
leaflock/auth/handlers.go:283.2,284.16 2 0
leaflock/auth/handlers.go:284.16,289.3 1 0
leaflock/auth/handlers.go:290.2,294.16 3 0
leaflock/auth/handlers.go:294.16,299.3 1 0
leaflock/auth/handlers.go:301.2,304.4 1 0
leaflock/auth/handlers.go:318.49,325.43 3 1
leaflock/auth/handlers.go:325.43,330.3 1 0
leaflock/auth/handlers.go:332.2,333.16 2 1
leaflock/auth/handlers.go:333.16,338.3 1 1
leaflock/auth/handlers.go:340.2,342.4 1 0
leaflock/auth/handlers.go:356.50,360.43 3 1
leaflock/auth/handlers.go:360.43,365.3 1 1
leaflock/auth/handlers.go:367.2,367.80 1 0
leaflock/auth/handlers.go:367.80,372.3 1 0
leaflock/auth/handlers.go:374.2,376.4 1 0
leaflock/auth/handlers.go:391.61,397.43 3 1
leaflock/auth/handlers.go:397.43,402.3 1 1
leaflock/auth/handlers.go:404.2,405.16 2 0
leaflock/auth/handlers.go:405.16,410.3 1 0
leaflock/auth/handlers.go:412.2,414.4 1 0
leaflock/auth/handlers.go:427.60,429.43 2 1
leaflock/auth/handlers.go:429.43,434.3 1 0
leaflock/auth/handlers.go:437.2,447.16 6 1
leaflock/auth/handlers.go:447.16,452.3 1 1
leaflock/auth/handlers.go:455.2,460.16 4 0
leaflock/auth/handlers.go:460.16,465.3 1 0
leaflock/auth/handlers.go:470.2,474.4 2 0
leaflock/auth/handlers.go:487.56,489.17 2 1
leaflock/auth/handlers.go:489.17,494.3 1 1
leaflock/auth/handlers.go:496.2,497.16 2 0
leaflock/auth/handlers.go:497.16,502.3 1 0
leaflock/auth/handlers.go:504.2,506.4 1 0
leaflock/auth/handlers.go:519.60,521.43 2 1
leaflock/auth/handlers.go:521.43,526.3 1 0
leaflock/auth/handlers.go:528.2,528.106 1 1
leaflock/auth/handlers.go:528.106,529.48 1 1
leaflock/auth/handlers.go:529.48,534.4 1 0
leaflock/auth/handlers.go:535.3,538.5 1 1
leaflock/auth/handlers.go:541.2,543.4 1 0
leaflock/auth/handlers.go:553.61,563.16 4 1
leaflock/auth/handlers.go:563.16,566.3 1 0
leaflock/auth/handlers.go:568.2,570.4 1 1
leaflock/auth/handlers.go:583.50,591.18 4 1
leaflock/auth/handlers.go:591.18,596.3 1 0
leaflock/auth/handlers.go:599.2,601.56 3 1
leaflock/auth/handlers.go:601.56,606.3 1 0
leaflock/auth/handlers.go:608.2,609.43 2 1
leaflock/auth/handlers.go:609.43,614.3 1 0
leaflock/auth/handlers.go:617.2,658.16 15 1
leaflock/auth/handlers.go:658.16,661.3 2 0
leaflock/auth/handlers.go:664.2,668.65 3 1
leaflock/auth/handlers.go:668.65,671.3 2 0
leaflock/auth/handlers.go:671.8,673.3 1 1
leaflock/auth/handlers.go:675.2,675.26 1 1
leaflock/auth/handlers.go:686.54,694.18 4 1
leaflock/auth/handlers.go:694.18,699.3 1 0
leaflock/auth/handlers.go:702.2,704.56 3 1
leaflock/auth/handlers.go:704.56,709.3 1 0
leaflock/auth/handlers.go:712.2,730.16 8 1
leaflock/auth/handlers.go:730.16,735.3 1 0
leaflock/auth/handlers.go:738.2,739.16 2 1
leaflock/auth/handlers.go:739.16,748.3 1 0
leaflock/auth/handlers.go:750.2,757.4 1 1
leaflock/auth/handlers.go:768.58,776.18 4 1
leaflock/auth/handlers.go:776.18,781.3 1 0
leaflock/auth/handlers.go:784.2,786.56 3 1
leaflock/auth/handlers.go:786.56,791.3 1 0
leaflock/auth/handlers.go:794.2,796.16 3 1
leaflock/auth/handlers.go:796.16,801.3 1 0
leaflock/auth/handlers.go:803.2,804.16 2 1
leaflock/auth/handlers.go:804.16,810.3 1 0
leaflock/auth/handlers.go:812.2,822.4 2 1
leaflock/auth/handlers.go:833.54,841.18 4 0
leaflock/auth/handlers.go:841.18,846.3 1 0
leaflock/auth/handlers.go:849.2,851.56 3 0
leaflock/auth/handlers.go:851.56,856.3 1 0
leaflock/auth/handlers.go:859.2,862.16 4 0
leaflock/auth/handlers.go:862.16,867.3 1 0
leaflock/auth/handlers.go:870.2,871.16 2 0
leaflock/auth/handlers.go:871.16,876.3 1 0
leaflock/auth/handlers.go:877.2,877.15 1 0
leaflock/auth/handlers.go:877.15,879.3 1 0
leaflock/auth/handlers.go:882.2,890.44 2 0
leaflock/auth/handlers.go:890.44,892.17 2 0
leaflock/auth/handlers.go:892.17,897.4 1 0
leaflock/auth/handlers.go:901.2,902.16 2 0
leaflock/auth/handlers.go:902.16,907.3 1 0
leaflock/auth/handlers.go:910.2,911.16 2 0
leaflock/auth/handlers.go:911.16,916.3 1 0
leaflock/auth/handlers.go:918.2,922.4 1 0
leaflock/auth/mfa.go:35.87,40.2 1 1
leaflock/auth/mfa.go:43.74,51.16 2 1
leaflock/auth/mfa.go:51.16,53.3 1 0
leaflock/auth/mfa.go:55.2,55.17 1 1
leaflock/auth/mfa.go:59.60,61.2 1 1
leaflock/auth/mfa.go:64.73,68.39 3 1
leaflock/auth/mfa.go:68.39,71.51 2 1
leaflock/auth/mfa.go:71.51,73.4 1 0
leaflock/auth/mfa.go:76.3,83.19 6 1
leaflock/auth/mfa.go:86.2,86.27 1 1
leaflock/auth/mfa.go:90.106,105.16 6 1
leaflock/auth/mfa.go:105.16,107.3 1 1
leaflock/auth/mfa.go:110.2,113.41 3 1
leaflock/auth/mfa.go:113.41,114.45 1 1
leaflock/auth/mfa.go:114.45,116.9 2 1
leaflock/auth/mfa.go:120.2,120.24 1 1
leaflock/auth/mfa.go:120.24,122.3 1 0
leaflock/auth/mfa.go:125.2,125.37 1 1
leaflock/auth/mfa.go:125.37,126.43 1 1
leaflock/auth/mfa.go:126.43,128.4 1 1
leaflock/auth/mfa.go:132.2,139.16 3 1
leaflock/auth/mfa.go:139.16,141.3 1 0
leaflock/auth/mfa.go:144.2,145.23 2 1
leaflock/auth/mfa.go:145.23,147.3 1 0
leaflock/auth/mfa.go:149.2,149.18 1 1
leaflock/auth/mfa.go:153.118,155.34 1 1
leaflock/auth/mfa.go:155.34,157.3 1 1
leaflock/auth/mfa.go:160.2,161.16 2 0
leaflock/auth/mfa.go:161.16,163.3 1 0
leaflock/auth/mfa.go:166.2,167.16 2 0
leaflock/auth/mfa.go:167.16,169.3 1 0
leaflock/auth/mfa.go:172.2,183.16 3 0
leaflock/auth/mfa.go:183.16,185.3 1 0
leaflock/auth/mfa.go:187.2,187.24 1 0
leaflock/auth/mfa.go:191.92,201.16 4 1
leaflock/auth/mfa.go:201.16,203.3 1 0
leaflock/auth/mfa.go:206.2,207.16 2 1
leaflock/auth/mfa.go:207.16,209.3 1 0
leaflock/auth/mfa.go:212.2,212.47 1 1
leaflock/auth/mfa.go:212.47,215.27 2 1
leaflock/auth/mfa.go:215.27,217.4 1 0
leaflock/auth/mfa.go:221.2,232.16 3 1
leaflock/auth/mfa.go:232.16,234.3 1 0
leaflock/auth/mfa.go:236.2,236.12 1 1
leaflock/auth/mfa.go:240.119,251.16 5 1
leaflock/auth/mfa.go:251.16,253.3 1 0
leaflock/auth/mfa.go:256.2,257.54 2 1
leaflock/auth/mfa.go:257.54,259.3 1 1
leaflock/auth/mfa.go:262.2,263.16 2 1
leaflock/auth/mfa.go:263.16,265.3 1 0
leaflock/auth/mfa.go:268.2,277.16 3 1
leaflock/auth/mfa.go:277.16,279.3 1 0
leaflock/auth/mfa.go:281.2,281.24 1 1
leaflock/auth/mfa.go:285.94,297.16 5 1
leaflock/auth/mfa.go:297.16,299.3 1 1
leaflock/auth/mfa.go:301.2,301.37 1 0
leaflock/auth/mfa.go:305.101,314.16 4 1
leaflock/auth/mfa.go:314.16,316.3 1 0
leaflock/auth/mfa.go:318.2,319.16 2 1
leaflock/auth/mfa.go:319.16,321.3 1 0
leaflock/auth/mfa.go:323.2,323.33 1 1
leaflock/auth/mfa.go:328.58,333.2 3 1
leaflock/auth/mfa.go:335.63,336.30 1 1
leaflock/auth/mfa.go:336.30,338.3 1 1
leaflock/auth/mfa.go:341.2,342.34 2 1
leaflock/auth/mfa.go:342.34,344.3 1 1
leaflock/auth/mfa.go:346.2,346.18 1 1
leaflock/auth/mfa.go:349.60,351.20 1 1
leaflock/auth/mfa.go:351.20,353.3 1 1
leaflock/auth/mfa.go:354.2,354.66 1 1
leaflock/auth/mfa.go:357.63,362.2 3 1
leaflock/auth/middleware.go:11.53,14.22 2 1
leaflock/auth/middleware.go:14.22,19.3 1 0
leaflock/auth/middleware.go:22.2,23.45 2 1
leaflock/auth/middleware.go:23.45,28.3 1 0
leaflock/auth/middleware.go:30.2,34.16 3 1
leaflock/auth/middleware.go:34.16,39.3 1 1
leaflock/auth/middleware.go:42.2,46.17 4 1
leaflock/auth/middleware.go:50.61,52.22 2 1
leaflock/auth/middleware.go:52.22,54.3 1 0
leaflock/auth/middleware.go:56.2,57.45 2 1
leaflock/auth/middleware.go:57.45,59.3 1 0
leaflock/auth/middleware.go:61.2,65.16 3 1
leaflock/auth/middleware.go:65.16,67.3 1 1
leaflock/auth/middleware.go:70.2,74.17 4 1
leaflock/auth/middleware.go:78.61,80.19 2 1
leaflock/auth/middleware.go:80.19,85.3 1 1
leaflock/auth/middleware.go:87.2,87.17 1 1
leaflock/auth/middleware.go:91.62,93.21 2 1
leaflock/auth/middleware.go:93.21,98.3 1 1
leaflock/auth/middleware.go:100.2,100.17 1 1
leaflock/auth/middleware.go:104.49,106.9 2 1
leaflock/auth/middleware.go:106.9,108.3 1 1
leaflock/auth/middleware.go:109.2,109.20 1 1
leaflock/auth/middleware.go:113.33,116.2 2 1
leaflock/auth/password.go:42.97,47.2 1 1
leaflock/auth/password.go:50.78,69.2 2 1
leaflock/auth/password.go:73.80,82.2 1 1
leaflock/auth/password.go:85.92,88.2 2 1
leaflock/auth/password.go:91.76,92.39 1 1
leaflock/auth/password.go:92.39,94.3 1 1
leaflock/auth/password.go:97.2,97.67 1 1
leaflock/auth/password.go:97.67,99.3 1 1
leaflock/auth/password.go:102.2,102.67 1 1
leaflock/auth/password.go:102.67,104.3 1 1
leaflock/auth/password.go:107.2,107.67 1 1
leaflock/auth/password.go:107.67,109.3 1 1
leaflock/auth/password.go:112.2,112.98 1 1
leaflock/auth/password.go:112.98,114.3 1 1
leaflock/auth/password.go:116.2,116.12 1 1
leaflock/auth/password.go:120.59,122.43 2 1
leaflock/auth/password.go:122.43,124.3 1 0
leaflock/auth/password.go:125.2,125.18 1 1
leaflock/auth/password.go:129.129,132.49 2 1
leaflock/auth/password.go:132.49,134.3 1 0
leaflock/auth/password.go:135.2,142.16 4 1
leaflock/auth/password.go:142.16,144.3 1 0
leaflock/auth/password.go:146.2,147.16 2 1
leaflock/auth/password.go:147.16,149.3 1 0
leaflock/auth/password.go:152.2,160.16 4 1
leaflock/auth/password.go:160.16,162.3 1 1
leaflock/auth/password.go:164.2,164.19 1 1
leaflock/auth/password.go:168.99,184.16 7 1
leaflock/auth/password.go:184.16,186.3 1 1
leaflock/auth/password.go:189.2,189.10 1 1
leaflock/auth/password.go:189.10,191.3 1 1
leaflock/auth/password.go:194.2,194.39 1 1
leaflock/auth/password.go:194.39,196.3 1 1
leaflock/auth/password.go:198.2,198.20 1 1
leaflock/auth/password.go:202.104,205.16 2 1
leaflock/auth/password.go:205.16,207.3 1 1
leaflock/auth/password.go:210.2,210.65 1 1
leaflock/auth/password.go:210.65,212.3 1 1
leaflock/auth/password.go:215.2,216.16 2 1
leaflock/auth/password.go:216.16,218.3 1 0
leaflock/auth/password.go:221.2,225.48 3 1
leaflock/auth/password.go:225.48,227.3 1 0
leaflock/auth/password.go:230.2,242.16 4 1
leaflock/auth/password.go:242.16,244.3 1 0
leaflock/auth/password.go:247.2,248.16 2 1
leaflock/auth/password.go:248.16,250.3 1 0
leaflock/auth/password.go:251.2,251.15 1 1
leaflock/auth/password.go:251.15,253.3 1 1
leaflock/auth/password.go:256.2,262.16 3 1
leaflock/auth/password.go:262.16,264.3 1 1
leaflock/auth/password.go:267.2,273.16 3 1
leaflock/auth/password.go:273.16,275.3 1 0
leaflock/auth/password.go:278.2,278.39 1 1
leaflock/auth/password.go:278.39,280.3 1 0
leaflock/auth/password.go:283.2,287.12 2 1
leaflock/auth/password.go:291.98,298.16 3 1
leaflock/auth/password.go:298.16,300.3 1 1
leaflock/auth/password.go:301.2,301.12 1 1
leaflock/auth/password.go:305.76,311.16 3 1
leaflock/auth/password.go:311.16,313.3 1 1
leaflock/auth/password.go:314.2,314.12 1 1
leaflock/auth/password.go:318.124,325.16 4 1
leaflock/auth/password.go:325.16,327.3 1 0
leaflock/auth/password.go:329.2,330.16 2 1
leaflock/auth/password.go:330.16,332.3 1 0
leaflock/auth/password.go:335.2,336.21 2 1
leaflock/auth/password.go:336.21,338.17 2 1
leaflock/auth/password.go:338.17,340.4 1 1
leaflock/auth/password.go:344.2,348.100 2 1
leaflock/auth/service.go:43.118,52.2 1 1
leaflock/auth/service.go:55.96,57.70 1 1
leaflock/auth/service.go:57.70,59.3 1 1
leaflock/auth/service.go:62.2,63.16 2 1
leaflock/auth/service.go:63.16,65.3 1 0
leaflock/auth/service.go:68.2,72.48 3 1
leaflock/auth/service.go:72.48,74.3 1 0
leaflock/auth/service.go:77.2,80.16 4 1
leaflock/auth/service.go:80.16,82.3 1 0
leaflock/auth/service.go:85.2,90.16 4 1
leaflock/auth/service.go:90.16,92.3 1 0
leaflock/auth/service.go:95.2,99.16 3 1
leaflock/auth/service.go:99.16,101.3 1 1
leaflock/auth/service.go:102.2,102.15 1 1
leaflock/auth/service.go:102.15,104.3 1 1
leaflock/auth/service.go:107.2,121.16 4 1
leaflock/auth/service.go:121.16,122.92 1 1
leaflock/auth/service.go:122.92,124.4 1 1
leaflock/auth/service.go:125.3,125.59 1 1
leaflock/auth/service.go:129.2,130.50 2 1
leaflock/auth/service.go:130.50,132.3 1 0
leaflock/auth/service.go:134.2,139.16 3 1
leaflock/auth/service.go:139.16,141.3 1 1
leaflock/auth/service.go:144.2,146.51 3 1
leaflock/auth/service.go:146.51,148.3 1 0
leaflock/auth/service.go:151.2,153.16 3 1
leaflock/auth/service.go:153.16,155.3 1 0
leaflock/auth/service.go:158.2,160.16 3 1
leaflock/auth/service.go:160.16,162.3 1 0
leaflock/auth/service.go:164.2,169.16 3 1
leaflock/auth/service.go:169.16,171.3 1 0
leaflock/auth/service.go:174.2,179.16 3 1
leaflock/auth/service.go:179.16,181.3 1 0
leaflock/auth/service.go:184.2,184.39 1 1
leaflock/auth/service.go:184.39,186.3 1 0
leaflock/auth/service.go:189.2,199.16 5 1
leaflock/auth/service.go:199.16,201.3 1 0
leaflock/auth/service.go:203.2,204.16 2 1
leaflock/auth/service.go:204.16,206.3 1 0
leaflock/auth/service.go:208.2,214.33 1 1
leaflock/auth/service.go:214.33,215.22 1 1
leaflock/auth/service.go:215.22,217.5 1 0
leaflock/auth/service.go:218.4,218.50 1 1
leaflock/auth/service.go:225.102,251.16 13 1
leaflock/auth/service.go:251.16,253.3 1 1
leaflock/auth/service.go:256.2,256.65 1 1
leaflock/auth/service.go:256.65,258.3 1 1
leaflock/auth/service.go:261.2,261.62 1 1
leaflock/auth/service.go:261.62,272.3 3 1
leaflock/auth/service.go:275.2,278.16 2 1
leaflock/auth/service.go:278.16,280.20 1 1
leaflock/auth/service.go:280.20,283.18 2 1
leaflock/auth/service.go:283.18,285.5 1 1
leaflock/auth/service.go:288.4,289.14 2 1
leaflock/auth/service.go:289.14,292.29 2 1
leaflock/auth/service.go:292.29,294.6 1 1
leaflock/auth/service.go:298.4,298.59 1 0
leaflock/auth/service.go:302.3,306.17 4 1
leaflock/auth/service.go:306.17,308.4 1 0
leaflock/auth/service.go:310.3,317.9 2 1
leaflock/auth/service.go:321.2,322.16 2 0
leaflock/auth/service.go:322.16,324.3 1 0
leaflock/auth/service.go:327.2,332.22 2 0
leaflock/auth/service.go:336.100,339.16 2 1
leaflock/auth/service.go:339.16,341.3 1 1
leaflock/auth/service.go:344.2,353.16 5 0
leaflock/auth/service.go:353.16,355.3 1 0
leaflock/auth/service.go:358.2,359.16 2 0
leaflock/auth/service.go:359.16,361.3 1 0
leaflock/auth/service.go:364.2,365.12 2 0
leaflock/auth/service.go:365.12,368.27 2 0
leaflock/auth/service.go:368.27,370.4 1 0
leaflock/auth/service.go:374.2,378.16 3 0
leaflock/auth/service.go:378.16,380.3 1 0
leaflock/auth/service.go:383.2,387.22 2 0
leaflock/auth/service.go:391.67,393.2 1 1
leaflock/auth/service.go:396.79,406.16 4 1
leaflock/auth/service.go:406.16,408.3 1 0
leaflock/auth/service.go:410.2,410.25 1 1
leaflock/auth/service.go:414.76,415.83 1 1
leaflock/auth/service.go:415.83,416.58 1 1
leaflock/auth/service.go:416.58,418.4 1 0
leaflock/auth/service.go:419.3,419.34 1 1
leaflock/auth/service.go:422.2,422.16 1 1
leaflock/auth/service.go:422.16,424.3 1 1
leaflock/auth/service.go:426.2,426.18 1 1
leaflock/auth/service.go:426.18,428.3 1 0
leaflock/auth/service.go:430.2,431.9 2 1
leaflock/auth/service.go:431.9,433.3 1 0
leaflock/auth/service.go:435.2,436.9 2 1
leaflock/auth/service.go:436.9,438.3 1 1
leaflock/auth/service.go:440.2,441.16 2 1
leaflock/auth/service.go:441.16,443.3 1 0
leaflock/auth/service.go:445.2,447.29 2 1
leaflock/auth/service.go:452.127,459.16 4 1
leaflock/auth/service.go:459.16,461.3 1 0
leaflock/auth/service.go:464.2,474.16 6 1
leaflock/auth/service.go:474.16,476.3 1 0
leaflock/auth/service.go:479.2,480.16 2 1
leaflock/auth/service.go:480.16,482.3 1 0
leaflock/auth/service.go:484.2,491.29 2 1
leaflock/auth/service.go:491.29,493.3 1 1
leaflock/auth/service.go:496.2,499.108 3 1
leaflock/auth/service.go:499.108,502.3 2 1
leaflock/auth/service.go:504.2,504.22 1 1
leaflock/auth/service.go:507.103,512.22 3 1
leaflock/auth/service.go:512.22,515.3 2 1
leaflock/auth/service.go:517.2,522.64 2 1
leaflock/auth/service.go:525.78,532.2 2 1
leaflock/auth/service.go:535.103,536.14 1 1
leaflock/auth/service.go:536.14,538.3 1 0
leaflock/auth/service.go:541.2,543.16 3 1
leaflock/auth/service.go:543.16,545.3 1 0
leaflock/auth/service.go:547.2,547.19 1 1
leaflock/auth/service.go:547.19,549.3 1 1
leaflock/auth/service.go:552.2,552.70 1 1
leaflock/auth/service.go:552.70,554.3 1 0
leaflock/auth/service.go:557.2,558.16 2 1
leaflock/auth/service.go:558.16,560.3 1 0
leaflock/auth/service.go:563.2,567.48 3 1
leaflock/auth/service.go:567.48,569.3 1 0
leaflock/auth/service.go:572.2,575.16 4 1
leaflock/auth/service.go:575.16,577.3 1 0
leaflock/auth/service.go:580.2,585.16 4 1
leaflock/auth/service.go:585.16,587.3 1 0
leaflock/auth/service.go:590.2,594.16 3 1
leaflock/auth/service.go:594.16,596.3 1 0
leaflock/auth/service.go:597.2,597.15 1 1
leaflock/auth/service.go:597.15,599.3 1 1
leaflock/auth/service.go:602.2,616.16 4 1
leaflock/auth/service.go:616.16,618.3 1 0
leaflock/auth/service.go:621.2,622.50 2 1
leaflock/auth/service.go:622.50,624.3 1 0
leaflock/auth/service.go:626.2,631.16 3 1
leaflock/auth/service.go:631.16,633.3 1 0
leaflock/auth/service.go:636.2,638.51 3 1
leaflock/auth/service.go:638.51,640.3 1 0
leaflock/auth/service.go:643.2,645.16 3 1
leaflock/auth/service.go:645.16,647.3 1 0
leaflock/auth/service.go:650.2,652.16 3 1
leaflock/auth/service.go:652.16,654.3 1 0
leaflock/auth/service.go:656.2,661.16 3 1
leaflock/auth/service.go:661.16,663.3 1 0
leaflock/auth/service.go:666.2,671.16 3 1
leaflock/auth/service.go:671.16,673.3 1 0
leaflock/auth/service.go:676.2,676.39 1 1
leaflock/auth/service.go:676.39,678.3 1 0
leaflock/auth/service.go:680.2,680.12 1 1
leaflock/auth/service.go:684.115,691.16 4 1
leaflock/auth/service.go:691.16,693.3 1 0
leaflock/auth/service.go:695.2,696.16 2 1
leaflock/auth/service.go:696.16,698.3 1 0
leaflock/auth/service.go:701.2,702.21 2 1
leaflock/auth/service.go:702.21,704.17 2 1
leaflock/auth/service.go:704.17,706.4 1 1
leaflock/auth/service.go:710.2,714.99 2 1
leaflock/auth/session.go:34.92,39.2 1 1
leaflock/auth/session.go:42.153,45.49 2 1
leaflock/auth/session.go:45.49,47.3 1 0
leaflock/auth/session.go:48.2,68.16 6 1
leaflock/auth/session.go:68.16,70.3 1 0
leaflock/auth/session.go:73.2,74.16 2 1
leaflock/auth/session.go:74.16,76.3 1 0
leaflock/auth/session.go:79.2,79.90 1 1
leaflock/auth/session.go:79.90,81.3 1 0
leaflock/auth/session.go:83.2,83.28 1 1
leaflock/auth/session.go:87.91,93.22 4 1
leaflock/auth/session.go:93.22,95.3 1 1
leaflock/auth/session.go:96.2,96.16 1 1
leaflock/auth/session.go:96.16,98.3 1 0
leaflock/auth/session.go:101.2,102.16 2 1
leaflock/auth/session.go:102.16,104.3 1 0
leaflock/auth/session.go:107.2,108.62 2 1
leaflock/auth/session.go:108.62,110.3 1 0
leaflock/auth/session.go:113.2,113.47 1 1
leaflock/auth/session.go:113.47,116.3 2 0
leaflock/auth/session.go:118.2,118.22 1 1
leaflock/auth/session.go:122.82,126.58 3 1
leaflock/auth/session.go:126.58,128.3 1 1
leaflock/auth/session.go:130.2,130.12 1 1
leaflock/auth/session.go:134.152,137.49 2 1
leaflock/auth/session.go:137.49,139.3 1 0
leaflock/auth/session.go:140.2,160.16 6 1
leaflock/auth/session.go:160.16,162.3 1 0
leaflock/auth/session.go:164.2,165.16 2 1
leaflock/auth/session.go:165.16,167.3 1 0
leaflock/auth/session.go:170.2,170.93 1 1
leaflock/auth/session.go:170.93,172.3 1 0
leaflock/auth/session.go:174.2,174.19 1 1
leaflock/auth/session.go:178.97,184.22 4 1
leaflock/auth/session.go:184.22,186.3 1 1
leaflock/auth/session.go:187.2,187.16 1 1
leaflock/auth/session.go:187.16,189.3 1 0
leaflock/auth/session.go:192.2,193.16 2 1
leaflock/auth/session.go:193.16,195.3 1 0
leaflock/auth/session.go:198.2,199.65 2 1
leaflock/auth/session.go:199.65,201.3 1 0
leaflock/auth/session.go:204.2,204.50 1 1
leaflock/auth/session.go:204.50,207.3 2 0
leaflock/auth/session.go:209.2,209.25 1 1
leaflock/auth/session.go:213.85,217.58 3 1
leaflock/auth/session.go:217.58,219.3 1 0
leaflock/auth/session.go:221.2,221.12 1 1
leaflock/auth/session.go:225.58,229.2 2 1
leaflock/auth/session.go:232.83,234.16 2 1
leaflock/auth/session.go:234.16,236.3 1 0
leaflock/auth/session.go:239.2,246.16 5 1
leaflock/auth/session.go:246.16,248.3 1 0
leaflock/auth/session.go:250.2,251.16 2 1
leaflock/auth/session.go:251.16,253.3 1 0
leaflock/auth/session.go:255.2,255.90 1 1
leaflock/auth/session.go:255.90,257.3 1 0
leaflock/auth/session.go:259.2,259.12 1 1
