mode: set
leaflock/config/config.go:53.27,55.23 2 1
leaflock/config/config.go:55.23,57.3 1 1
leaflock/config/config.go:58.2,59.72 2 1
leaflock/config/config.go:59.72,61.3 1 1
leaflock/config/config.go:62.2,62.23 1 1
leaflock/config/config.go:62.23,64.3 1 1
leaflock/config/config.go:65.2,65.36 1 1
leaflock/config/config.go:65.36,66.24 1 1
leaflock/config/config.go:66.24,68.4 1 1
leaflock/config/config.go:69.3,69.20 1 1
leaflock/config/config.go:73.2,74.21 2 1
leaflock/config/config.go:74.21,76.3 1 0
leaflock/config/config.go:77.2,77.25 1 1
leaflock/config/config.go:77.25,79.3 1 0
leaflock/config/config.go:81.2,83.35 3 1
leaflock/config/config.go:83.35,84.78 1 1
leaflock/config/config.go:84.78,86.4 1 0
leaflock/config/config.go:89.2,90.18 2 1
leaflock/config/config.go:90.18,92.3 1 0
leaflock/config/config.go:93.2,93.22 1 1
leaflock/config/config.go:93.22,95.3 1 0
leaflock/config/config.go:97.2,98.35 2 1
leaflock/config/config.go:98.35,99.75 1 1
leaflock/config/config.go:99.75,101.4 1 0
leaflock/config/config.go:104.2,105.17 2 1
leaflock/config/config.go:105.17,107.54 1 1
leaflock/config/config.go:107.54,109.4 1 1
leaflock/config/config.go:109.9,112.4 1 0
leaflock/config/config.go:116.2,117.48 2 1
leaflock/config/config.go:117.48,119.30 1 1
leaflock/config/config.go:119.30,121.4 1 0
leaflock/config/config.go:122.3,124.43 3 1
leaflock/config/config.go:124.43,125.102 1 1
leaflock/config/config.go:125.102,127.5 1 0
leaflock/config/config.go:132.2,133.25 2 1
leaflock/config/config.go:133.25,134.29 1 1
leaflock/config/config.go:134.29,136.4 1 0
leaflock/config/config.go:137.3,139.43 3 1
leaflock/config/config.go:139.43,140.102 1 1
leaflock/config/config.go:140.102,142.5 1 0
leaflock/config/config.go:147.2,147.123 1 1
leaflock/config/config.go:147.123,149.3 1 1
leaflock/config/config.go:151.2,158.35 1 1
leaflock/config/config.go:158.35,162.36 2 1
leaflock/config/config.go:162.36,165.5 2 1
leaflock/config/config.go:168.4,170.27 2 1
leaflock/config/config.go:170.27,172.5 1 1
leaflock/config/config.go:174.4,175.18 2 1
leaflock/config/config.go:203.45,204.32 1 1
leaflock/config/config.go:205.18,206.16 1 1
leaflock/config/config.go:207.24,208.17 1 1
leaflock/config/config.go:209.25,210.16 1 1
leaflock/config/config.go:211.22,212.17 1 1
leaflock/config/config.go:213.36,214.17 1 1
leaflock/config/config.go:215.10,216.32 1 1
leaflock/config/config.go:220.45,221.15 1 1
leaflock/config/config.go:222.49,223.14 1 1
leaflock/config/config.go:224.10,225.15 1 1
leaflock/config/config.go:230.55,231.42 1 1
leaflock/config/config.go:231.42,233.3 1 1
leaflock/config/config.go:234.2,234.21 1 1
leaflock/config/config.go:238.55,239.61 1 1
leaflock/config/config.go:239.61,241.56 2 1
leaflock/config/config.go:241.56,243.4 1 1
leaflock/config/config.go:244.3,244.56 1 1
leaflock/config/config.go:244.56,246.4 1 1
leaflock/config/config.go:248.2,248.21 1 1
leaflock/config/config.go:252.70,253.61 1 1
leaflock/config/config.go:253.61,256.30 3 1
leaflock/config/config.go:256.30,257.57 1 1
leaflock/config/config.go:257.57,259.5 1 1
leaflock/config/config.go:261.3,261.16 1 1
leaflock/config/config.go:263.2,263.21 1 1
leaflock/config/config.go:267.52,268.61 1 1
leaflock/config/config.go:268.61,269.55 1 1
leaflock/config/config.go:269.55,271.4 1 1
leaflock/config/config.go:273.2,273.21 1 1
leaflock/config/config.go:277.47,279.19 2 1
leaflock/config/config.go:279.19,281.3 1 1
leaflock/config/config.go:282.2,282.39 1 1
leaflock/config/config.go:282.39,284.3 1 1
leaflock/config/config.go:285.2,286.16 2 1
leaflock/config/config.go:286.16,289.3 2 0
leaflock/config/config.go:290.2,290.18 1 1
leaflock/config/config.go:290.18,292.3 1 1
leaflock/config/config.go:293.2,293.16 1 0
leaflock/config/config.go:298.61,299.20 1 1
leaflock/config/config.go:299.20,301.3 1 1
leaflock/config/config.go:302.2,303.56 2 1
leaflock/config/config.go:303.56,305.3 1 1
leaflock/config/config.go:306.2,307.16 2 1
leaflock/config/config.go:307.16,309.3 1 1
leaflock/config/config.go:310.2,310.19 1 1
leaflock/config/config.go:310.19,311.50 1 1
leaflock/config/config.go:311.50,313.4 1 1
leaflock/config/config.go:315.2,315.17 1 1
leaflock/config/config.go:320.39,322.16 2 1
leaflock/config/config.go:322.16,324.3 1 1
leaflock/config/config.go:325.2,326.16 2 1
leaflock/config/config.go:326.16,328.3 1 1
leaflock/config/config.go:329.2,330.16 2 1
leaflock/config/config.go:330.16,332.3 1 1
leaflock/config/config.go:333.2,333.16 1 1
leaflock/config/config.go:333.16,335.3 1 1
leaflock/config/config.go:336.2,337.14 2 1
leaflock/config/config.go:337.14,339.3 1 1
leaflock/config/config.go:340.2,340.42 1 1
leaflock/config/config.go:340.42,342.3 1 1
leaflock/config/config.go:343.2,344.16 2 1
leaflock/config/config.go:344.16,346.3 1 1
leaflock/config/config.go:347.2,347.16 1 1
leaflock/config/config.go:347.16,349.3 1 1
leaflock/config/config.go:350.2,351.19 2 1
leaflock/config/config.go:351.19,353.3 1 1
leaflock/config/config.go:354.2,354.19 1 1
leaflock/config/config.go:354.19,356.3 1 1
leaflock/config/config.go:357.2,366.19 5 1
leaflock/crypto/crypto.go:24.50,26.2 1 1
leaflock/crypto/crypto.go:30.67,32.16 2 1
leaflock/crypto/crypto.go:32.16,34.3 1 0
leaflock/crypto/crypto.go:36.2,37.44 2 1
leaflock/crypto/crypto.go:37.44,39.3 1 0
leaflock/crypto/crypto.go:41.2,42.42 2 1
leaflock/crypto/crypto.go:47.68,49.16 2 1
leaflock/crypto/crypto.go:49.16,51.3 1 0
leaflock/crypto/crypto.go:53.2,53.40 1 1
leaflock/crypto/crypto.go:53.40,55.3 1 1
leaflock/crypto/crypto.go:57.2,60.47 3 1
leaflock/crypto/crypto.go:66.96,74.16 7 1
leaflock/crypto/crypto.go:74.16,76.3 1 0
leaflock/crypto/crypto.go:78.2,83.51 5 1
leaflock/crypto/crypto.go:88.123,96.16 7 1
leaflock/crypto/crypto.go:96.16,98.3 1 0
leaflock/crypto/crypto.go:100.2,105.47 5 1
leaflock/crypto/crypto.go:110.100,117.16 6 1
leaflock/crypto/crypto.go:117.16,119.3 1 0
leaflock/crypto/crypto.go:120.2,121.44 2 1
leaflock/crypto/crypto.go:121.44,123.3 1 0
leaflock/crypto/crypto.go:124.2,125.42 2 1
leaflock/crypto/crypto.go:130.101,137.16 6 1
leaflock/crypto/crypto.go:137.16,139.3 1 0
leaflock/crypto/crypto.go:140.2,140.40 1 1
leaflock/crypto/crypto.go:140.40,142.3 1 0
leaflock/crypto/crypto.go:143.2,145.47 3 1
leaflock/crypto/crypto.go:150.98,152.16 2 1
leaflock/crypto/crypto.go:152.16,154.3 1 0
leaflock/crypto/crypto.go:155.2,156.44 2 1
leaflock/crypto/crypto.go:156.44,158.3 1 0
leaflock/crypto/crypto.go:159.2,160.42 2 1
leaflock/crypto/crypto.go:165.99,167.16 2 1
leaflock/crypto/crypto.go:167.16,169.3 1 0
leaflock/crypto/crypto.go:170.2,170.40 1 1
leaflock/crypto/crypto.go:170.40,172.3 1 0
leaflock/crypto/crypto.go:173.2,175.47 3 1
leaflock/crypto/crypto.go:180.56,184.2 3 1
leaflock/crypto/crypto.go:188.72,190.2 1 1
leaflock/crypto/crypto.go:194.73,196.2 1 1
leaflock/crypto/password.go:22.56,28.2 4 1
leaflock/crypto/password.go:34.56,36.21 2 1
leaflock/crypto/password.go:36.21,38.3 1 1
leaflock/crypto/password.go:40.2,44.62 4 1
leaflock/main.go:49.13,70.42 12 0
leaflock/main.go:70.42,72.3 1 0
leaflock/main.go:73.2,73.27 1 0
leaflock/main.go:73.27,75.3 1 0
leaflock/main.go:75.8,77.3 1 0
leaflock/main.go:80.2,86.24 5 0
leaflock/main.go:86.24,89.3 2 0
leaflock/main.go:89.8,91.3 1 0
leaflock/main.go:92.2,92.16 1 0
leaflock/main.go:92.16,94.3 1 0
leaflock/main.go:95.2,110.15 5 0
leaflock/main.go:110.15,112.3 1 0
leaflock/main.go:113.2,135.12 13 0
leaflock/main.go:135.12,136.83 1 0
leaflock/main.go:136.83,138.4 1 0
leaflock/main.go:142.2,151.160 6 0
leaflock/main.go:151.160,153.3 1 0
leaflock/main.go:153.8,153.39 1 0
leaflock/main.go:153.39,156.3 2 0
leaflock/main.go:157.2,162.66 4 0
leaflock/main.go:162.66,164.3 1 0
leaflock/main.go:165.2,174.12 6 0
leaflock/main.go:174.12,178.45 4 0
leaflock/main.go:178.45,180.4 1 0
leaflock/main.go:180.9,182.4 1 0
leaflock/main.go:183.3,183.30 1 0
leaflock/main.go:186.2,192.9 4 0
leaflock/routes.go:29.185,35.26 1 1
leaflock/routes.go:35.26,36.75 1 1
leaflock/routes.go:36.75,38.5 1 0
leaflock/routes.go:39.4,39.12 1 1
leaflock/routes.go:61.2,70.33 1 1
leaflock/routes.go:70.33,78.4 3 1
leaflock/routes.go:82.2,83.46 1 1
leaflock/routes.go:83.46,85.74 1 1
leaflock/routes.go:85.74,87.5 1 0
leaflock/routes.go:90.4,90.56 1 1
leaflock/routes.go:90.56,92.32 1 1
leaflock/routes.go:92.32,94.6 1 1
leaflock/routes.go:96.5,96.45 1 1
leaflock/routes.go:96.45,99.31 3 1
leaflock/routes.go:99.31,101.7 1 1
leaflock/routes.go:104.4,104.16 1 0
leaflock/routes.go:113.2,113.53 1 1
leaflock/routes.go:113.53,115.3 1 1
leaflock/routes.go:118.2,155.89 26 1
leaflock/routes.go:155.89,160.3 4 1
leaflock/routes.go:163.2,276.42 79 1
leaflock/routes.go:276.42,277.36 1 0
leaflock/routes.go:277.36,279.4 1 0
leaflock/routes.go:280.3,280.34 1 0
leaflock/routes.go:283.2,283.54 1 1
leaflock/routes.go:283.54,285.3 1 0
leaflock/swagger.go:16.39,18.24 2 1
leaflock/swagger.go:18.24,20.3 1 1
leaflock/swagger.go:22.2,22.34 1 1
leaflock/swagger.go:22.34,24.20 2 1
leaflock/swagger.go:24.20,26.4 1 1
leaflock/swagger.go:27.3,28.29 2 1
leaflock/swagger.go:29.15,30.11 1 1
leaflock/swagger.go:31.37,32.20 1 0
leaflock/swagger.go:33.11,34.42 1 0
leaflock/swagger.go:36.3,36.28 1 1
leaflock/swagger.go:36.28,37.27 1 1
leaflock/swagger.go:37.27,39.5 1 1
leaflock/swagger.go:41.3,41.81 1 0
leaflock/swagger.go:47.45,49.16 2 1
leaflock/swagger.go:49.16,51.3 1 0
leaflock/swagger.go:52.2,53.21 2 1
leaflock/swagger.go:56.43,80.2 4 1
leaflock/database/database.go:34.57,39.42 2 1
leaflock/database/database.go:39.42,41.17 2 0
leaflock/database/database.go:41.17,43.4 1 0
leaflock/database/database.go:45.3,45.42 1 0
leaflock/database/database.go:45.42,48.64 3 0
leaflock/database/database.go:48.64,50.5 1 0
leaflock/database/database.go:52.4,52.15 1 0
leaflock/database/database.go:52.15,53.70 1 0
leaflock/database/database.go:53.70,55.6 1 0
leaflock/database/database.go:57.9,59.4 1 0
leaflock/database/database.go:60.3,60.22 1 0
leaflock/database/database.go:64.2,68.16 3 1
leaflock/database/database.go:68.16,70.3 1 1
leaflock/database/database.go:73.2,88.16 10 0
leaflock/database/database.go:88.16,90.3 1 0
leaflock/database/database.go:93.2,93.58 1 0
leaflock/database/database.go:93.58,95.3 1 0
leaflock/database/database.go:98.2,98.59 1 0
leaflock/database/database.go:98.59,100.3 1 0
leaflock/database/database.go:102.2,103.18 2 0
leaflock/database/database.go:108.61,115.42 3 1
leaflock/database/database.go:115.42,117.17 2 1
leaflock/database/database.go:117.17,119.4 1 0
leaflock/database/database.go:121.3,121.42 1 1
leaflock/database/database.go:121.42,124.64 3 0
leaflock/database/database.go:124.64,126.5 1 0
leaflock/database/database.go:128.4,128.15 1 0
leaflock/database/database.go:128.15,129.70 1 0
leaflock/database/database.go:129.70,131.6 1 0
leaflock/database/database.go:133.9,135.4 1 1
leaflock/database/database.go:136.3,136.22 1 1
leaflock/database/database.go:140.2,144.16 3 1
leaflock/database/database.go:144.16,146.3 1 1
leaflock/database/database.go:149.2,161.16 9 0
leaflock/database/database.go:161.16,163.3 1 0
leaflock/database/database.go:166.2,166.39 1 0
leaflock/database/database.go:166.39,168.3 1 0
leaflock/database/database.go:170.2,171.18 2 0
leaflock/database/database.go:175.69,179.21 2 1
leaflock/database/database.go:179.21,182.3 2 1
leaflock/database/database.go:184.2,189.16 4 1
leaflock/database/database.go:189.16,191.3 1 1
leaflock/database/database.go:192.2,192.15 1 1
leaflock/database/database.go:192.15,194.3 1 1
leaflock/database/database.go:197.2,197.56 1 1
leaflock/database/database.go:197.56,199.3 1 1
leaflock/database/database.go:202.2,202.80 1 1
leaflock/database/database.go:202.80,204.3 1 1
leaflock/database/database.go:207.2,207.39 1 1
leaflock/database/database.go:207.39,209.3 1 1
leaflock/database/database.go:211.2,212.12 2 1
leaflock/database/database.go:216.76,226.16 2 1
leaflock/database/database.go:226.16,229.3 2 1
leaflock/database/database.go:232.2,234.16 3 1
leaflock/database/database.go:234.16,235.36 1 1
leaflock/database/database.go:235.36,238.4 1 1
leaflock/database/database.go:239.3,240.18 2 1
leaflock/database/database.go:244.2,244.46 1 1
leaflock/database/database.go:244.46,246.3 1 1
leaflock/database/database.go:249.2,255.59 3 1
leaflock/database/database.go:255.59,258.3 1 1
leaflock/database/database.go:260.2,260.29 1 1
leaflock/database/database.go:264.83,267.2 2 1
leaflock/database/database.go:270.62,274.16 3 1
leaflock/database/database.go:274.16,276.3 1 1
leaflock/database/database.go:277.2,277.12 1 1
leaflock/database/database.go:281.54,286.49 3 1
leaflock/database/database.go:286.49,288.3 1 1
leaflock/database/database.go:290.2,291.12 2 1
leaflock/database/database.go:295.55,297.16 2 1
leaflock/database/database.go:297.16,299.3 1 1
leaflock/database/database.go:301.2,304.27 3 1
leaflock/database/database.go:308.46,309.31 1 1
leaflock/database/database.go:309.31,311.3 1 1
leaflock/database/database.go:312.2,312.18 1 1
leaflock/auth/handlers.go:24.44,28.2 1 1
leaflock/auth/handlers.go:42.48,44.43 2 1
leaflock/auth/handlers.go:44.43,49.3 1 1
leaflock/auth/handlers.go:52.2,60.40 4 1
leaflock/auth/handlers.go:60.40,65.3 1 0
leaflock/auth/handlers.go:68.2,68.58 1 1
leaflock/auth/handlers.go:68.58,73.3 1 1
leaflock/auth/handlers.go:76.2,80.16 4 1
leaflock/auth/handlers.go:80.16,81.54 1 1
leaflock/auth/handlers.go:81.54,86.4 1 1
leaflock/auth/handlers.go:87.3,87.48 1 1
leaflock/auth/handlers.go:87.48,92.4 1 1
leaflock/auth/handlers.go:93.3,96.5 1 0
leaflock/auth/handlers.go:99.2,99.25 1 0
leaflock/auth/handlers.go:114.45,116.43 2 1
leaflock/auth/handlers.go:116.43,121.3 1 1
leaflock/auth/handlers.go:124.2,128.16 4 1
leaflock/auth/handlers.go:128.16,129.46 1 1
leaflock/auth/handlers.go:129.46,134.4 1 0
leaflock/auth/handlers.go:135.3,135.48 1 1
leaflock/auth/handlers.go:135.48,140.4 1 0
leaflock/auth/handlers.go:141.3,144.5 1 1
leaflock/auth/handlers.go:147.2,147.25 1 0
leaflock/auth/handlers.go:161.49,163.43 2 1
leaflock/auth/handlers.go:163.43,168.3 1 1
leaflock/auth/handlers.go:170.2,172.16 3 1
leaflock/auth/handlers.go:172.16,173.47 1 1
leaflock/auth/handlers.go:173.47,178.4 1 1
leaflock/auth/handlers.go:179.3,182.5 1 0
leaflock/auth/handlers.go:185.2,185.25 1 0
leaflock/auth/handlers.go:198.46,201.22 2 1
leaflock/auth/handlers.go:201.22,206.3 1 1
leaflock/auth/handlers.go:209.2,210.45 2 1
leaflock/auth/handlers.go:210.45,215.3 1 1
leaflock/auth/handlers.go:217.2,220.53 3 1
leaflock/auth/handlers.go:220.53,225.3 1 1
leaflock/auth/handlers.go:227.2,229.4 1 1
leaflock/auth/handlers.go:241.52,245.16 3 1
leaflock/auth/handlers.go:245.16,250.3 1 1
leaflock/auth/handlers.go:252.2,255.4 1 0
leaflock/auth/handlers.go:267.53,275.16 6 1
leaflock/auth/handlers.go:275.16,280.3 1 1
leaflock/auth/handlers.go:283.2,284.16 2 0
leaflock/auth/handlers.go:284.16,289.3 1 0
leaflock/auth/handlers.go:290.2,294.16 3 0
leaflock/auth/handlers.go:294.16,299.3 1 0
leaflock/auth/handlers.go:301.2,304.4 1 0
leaflock/auth/handlers.go:318.49,325.43 3 1
leaflock/auth/handlers.go:325.43,330.3 1 0
leaflock/auth/handlers.go:332.2,333.16 2 1
leaflock/auth/handlers.go:333.16,338.3 1 1
leaflock/auth/handlers.go:340.2,342.4 1 0
leaflock/auth/handlers.go:356.50,360.43 3 1
leaflock/auth/handlers.go:360.43,365.3 1 1
leaflock/auth/handlers.go:367.2,367.80 1 0
leaflock/auth/handlers.go:367.80,372.3 1 0
leaflock/auth/handlers.go:374.2,376.4 1 0
leaflock/auth/handlers.go:391.61,397.43 3 1
leaflock/auth/handlers.go:397.43,402.3 1 1
leaflock/auth/handlers.go:404.2,405.16 2 0
leaflock/auth/handlers.go:405.16,410.3 1 0
leaflock/auth/handlers.go:412.2,414.4 1 0
leaflock/auth/handlers.go:427.60,429.43 2 1
leaflock/auth/handlers.go:429.43,434.3 1 0
leaflock/auth/handlers.go:437.2,447.16 6 1
leaflock/auth/handlers.go:447.16,452.3 1 1
leaflock/auth/handlers.go:455.2,460.16 4 0
leaflock/auth/handlers.go:460.16,465.3 1 0
leaflock/auth/handlers.go:470.2,474.4 2 0
leaflock/auth/handlers.go:487.56,489.17 2 1
leaflock/auth/handlers.go:489.17,494.3 1 1
leaflock/auth/handlers.go:496.2,497.16 2 0
leaflock/auth/handlers.go:497.16,502.3 1 0
leaflock/auth/handlers.go:504.2,506.4 1 0
leaflock/auth/handlers.go:519.60,521.43 2 1
leaflock/auth/handlers.go:521.43,526.3 1 0
leaflock/auth/handlers.go:528.2,528.106 1 1
leaflock/auth/handlers.go:528.106,529.48 1 1
leaflock/auth/handlers.go:529.48,534.4 1 0
leaflock/auth/handlers.go:535.3,538.5 1 1
leaflock/auth/handlers.go:541.2,543.4 1 0
leaflock/auth/handlers.go:553.61,563.16 4 1
leaflock/auth/handlers.go:563.16,566.3 1 0
leaflock/auth/handlers.go:568.2,570.4 1 1
leaflock/auth/handlers.go:583.50,591.18 4 1
leaflock/auth/handlers.go:591.18,596.3 1 0
leaflock/auth/handlers.go:599.2,601.56 3 1
leaflock/auth/handlers.go:601.56,606.3 1 0
leaflock/auth/handlers.go:608.2,609.43 2 1
leaflock/auth/handlers.go:609.43,614.3 1 0
leaflock/auth/handlers.go:617.2,658.16 15 1
leaflock/auth/handlers.go:658.16,661.3 2 0
leaflock/auth/handlers.go:664.2,668.65 3 1
leaflock/auth/handlers.go:668.65,671.3 2 0
leaflock/auth/handlers.go:671.8,673.3 1 1
leaflock/auth/handlers.go:675.2,675.26 1 1
leaflock/auth/handlers.go:686.54,694.18 4 1
leaflock/auth/handlers.go:694.18,699.3 1 0
leaflock/auth/handlers.go:702.2,704.56 3 1
leaflock/auth/handlers.go:704.56,709.3 1 0
leaflock/auth/handlers.go:712.2,730.16 8 1
leaflock/auth/handlers.go:730.16,735.3 1 0
leaflock/auth/handlers.go:738.2,739.16 2 1
leaflock/auth/handlers.go:739.16,748.3 1 0
leaflock/auth/handlers.go:750.2,757.4 1 1
leaflock/auth/handlers.go:768.58,776.18 4 1
leaflock/auth/handlers.go:776.18,781.3 1 0
leaflock/auth/handlers.go:784.2,786.56 3 1
leaflock/auth/handlers.go:786.56,791.3 1 0
leaflock/auth/handlers.go:794.2,796.16 3 1
leaflock/auth/handlers.go:796.16,801.3 1 0
leaflock/auth/handlers.go:803.2,804.16 2 1
leaflock/auth/handlers.go:804.16,810.3 1 0
leaflock/auth/handlers.go:812.2,822.4 2 1
leaflock/auth/handlers.go:833.54,841.18 4 0
leaflock/auth/handlers.go:841.18,846.3 1 0
leaflock/auth/handlers.go:849.2,851.56 3 0
leaflock/auth/handlers.go:851.56,856.3 1 0
leaflock/auth/handlers.go:859.2,862.16 4 0
leaflock/auth/handlers.go:862.16,867.3 1 0
leaflock/auth/handlers.go:870.2,871.16 2 0
leaflock/auth/handlers.go:871.16,876.3 1 0
leaflock/auth/handlers.go:877.2,877.15 1 0
leaflock/auth/handlers.go:877.15,879.3 1 0
leaflock/auth/handlers.go:882.2,890.44 2 0
leaflock/auth/handlers.go:890.44,892.17 2 0
leaflock/auth/handlers.go:892.17,897.4 1 0
leaflock/auth/handlers.go:901.2,902.16 2 0
leaflock/auth/handlers.go:902.16,907.3 1 0
leaflock/auth/handlers.go:910.2,911.16 2 0
leaflock/auth/handlers.go:911.16,916.3 1 0
leaflock/auth/handlers.go:918.2,922.4 1 0
leaflock/auth/mfa.go:35.87,40.2 1 1
leaflock/auth/mfa.go:43.74,51.16 2 1
leaflock/auth/mfa.go:51.16,53.3 1 0
leaflock/auth/mfa.go:55.2,55.17 1 1
leaflock/auth/mfa.go:59.60,61.2 1 1
leaflock/auth/mfa.go:64.73,68.39 3 1
leaflock/auth/mfa.go:68.39,71.51 2 1
leaflock/auth/mfa.go:71.51,73.4 1 0
leaflock/auth/mfa.go:76.3,83.19 6 1
leaflock/auth/mfa.go:86.2,86.27 1 1
leaflock/auth/mfa.go:90.106,105.16 6 1
leaflock/auth/mfa.go:105.16,107.3 1 1
leaflock/auth/mfa.go:110.2,113.41 3 1
leaflock/auth/mfa.go:113.41,114.45 1 1
leaflock/auth/mfa.go:114.45,116.9 2 1
leaflock/auth/mfa.go:120.2,120.24 1 1
leaflock/auth/mfa.go:120.24,122.3 1 0
leaflock/auth/mfa.go:125.2,125.37 1 1
leaflock/auth/mfa.go:125.37,126.43 1 1
leaflock/auth/mfa.go:126.43,128.4 1 1
leaflock/auth/mfa.go:132.2,139.16 3 1
leaflock/auth/mfa.go:139.16,141.3 1 0
leaflock/auth/mfa.go:144.2,145.23 2 1
leaflock/auth/mfa.go:145.23,147.3 1 0
leaflock/auth/mfa.go:149.2,149.18 1 1
leaflock/auth/mfa.go:153.118,155.34 1 1
leaflock/auth/mfa.go:155.34,157.3 1 1
leaflock/auth/mfa.go:160.2,161.16 2 0
leaflock/auth/mfa.go:161.16,163.3 1 0
leaflock/auth/mfa.go:166.2,167.16 2 0
leaflock/auth/mfa.go:167.16,169.3 1 0
leaflock/auth/mfa.go:172.2,183.16 3 0
leaflock/auth/mfa.go:183.16,185.3 1 0
leaflock/auth/mfa.go:187.2,187.24 1 0
leaflock/auth/mfa.go:191.92,201.16 4 1
leaflock/auth/mfa.go:201.16,203.3 1 0
leaflock/auth/mfa.go:206.2,207.16 2 1
leaflock/auth/mfa.go:207.16,209.3 1 0
leaflock/auth/mfa.go:212.2,212.47 1 1
leaflock/auth/mfa.go:212.47,215.27 2 1
leaflock/auth/mfa.go:215.27,217.4 1 0
leaflock/auth/mfa.go:221.2,232.16 3 1
leaflock/auth/mfa.go:232.16,234.3 1 0
leaflock/auth/mfa.go:236.2,236.12 1 1
leaflock/auth/mfa.go:240.119,251.16 5 1
leaflock/auth/mfa.go:251.16,253.3 1 0
leaflock/auth/mfa.go:256.2,257.54 2 1
leaflock/auth/mfa.go:257.54,259.3 1 1
leaflock/auth/mfa.go:262.2,263.16 2 1
leaflock/auth/mfa.go:263.16,265.3 1 0
leaflock/auth/mfa.go:268.2,277.16 3 1
leaflock/auth/mfa.go:277.16,279.3 1 0
leaflock/auth/mfa.go:281.2,281.24 1 1
leaflock/auth/mfa.go:285.94,297.16 5 1
leaflock/auth/mfa.go:297.16,299.3 1 1
leaflock/auth/mfa.go:301.2,301.37 1 0
leaflock/auth/mfa.go:305.101,314.16 4 1
leaflock/auth/mfa.go:314.16,316.3 1 0
leaflock/auth/mfa.go:318.2,319.16 2 1
leaflock/auth/mfa.go:319.16,321.3 1 0
leaflock/auth/mfa.go:323.2,323.33 1 1
leaflock/auth/mfa.go:328.58,333.2 3 1
leaflock/auth/mfa.go:335.63,336.30 1 1
leaflock/auth/mfa.go:336.30,338.3 1 1
leaflock/auth/mfa.go:341.2,342.34 2 1
leaflock/auth/mfa.go:342.34,344.3 1 1
leaflock/auth/mfa.go:346.2,346.18 1 1
leaflock/auth/mfa.go:349.60,351.20 1 1
leaflock/auth/mfa.go:351.20,353.3 1 1
leaflock/auth/mfa.go:354.2,354.66 1 1
leaflock/auth/mfa.go:357.63,362.2 3 1
leaflock/auth/middleware.go:11.53,14.22 2 1
leaflock/auth/middleware.go:14.22,19.3 1 0
leaflock/auth/middleware.go:22.2,23.45 2 1
leaflock/auth/middleware.go:23.45,28.3 1 0
leaflock/auth/middleware.go:30.2,34.16 3 1
leaflock/auth/middleware.go:34.16,39.3 1 1
leaflock/auth/middleware.go:42.2,46.17 4 1
leaflock/auth/middleware.go:50.61,52.22 2 1
leaflock/auth/middleware.go:52.22,54.3 1 0
leaflock/auth/middleware.go:56.2,57.45 2 1
leaflock/auth/middleware.go:57.45,59.3 1 0
leaflock/auth/middleware.go:61.2,65.16 3 1
leaflock/auth/middleware.go:65.16,67.3 1 1
leaflock/auth/middleware.go:70.2,74.17 4 1
leaflock/auth/middleware.go:78.61,80.19 2 1
leaflock/auth/middleware.go:80.19,85.3 1 1
leaflock/auth/middleware.go:87.2,87.17 1 1
leaflock/auth/middleware.go:91.62,93.21 2 1
leaflock/auth/middleware.go:93.21,98.3 1 1
leaflock/auth/middleware.go:100.2,100.17 1 1
leaflock/auth/middleware.go:104.49,106.9 2 1
leaflock/auth/middleware.go:106.9,108.3 1 1
leaflock/auth/middleware.go:109.2,109.20 1 1
leaflock/auth/middleware.go:113.33,116.2 2 1
leaflock/auth/password.go:42.97,47.2 1 1
leaflock/auth/password.go:50.78,69.2 2 1
leaflock/auth/password.go:73.80,82.2 1 1
leaflock/auth/password.go:85.92,88.2 2 1
leaflock/auth/password.go:91.76,92.39 1 1
leaflock/auth/password.go:92.39,94.3 1 1
leaflock/auth/password.go:97.2,97.67 1 1
leaflock/auth/password.go:97.67,99.3 1 1
leaflock/auth/password.go:102.2,102.67 1 1
leaflock/auth/password.go:102.67,104.3 1 1
leaflock/auth/password.go:107.2,107.67 1 1
leaflock/auth/password.go:107.67,109.3 1 1
leaflock/auth/password.go:112.2,112.98 1 1
leaflock/auth/password.go:112.98,114.3 1 1
leaflock/auth/password.go:116.2,116.12 1 1
leaflock/auth/password.go:120.59,122.43 2 1
leaflock/auth/password.go:122.43,124.3 1 0
leaflock/auth/password.go:125.2,125.18 1 1
leaflock/auth/password.go:129.129,132.49 2 1
leaflock/auth/password.go:132.49,134.3 1 0
leaflock/auth/password.go:135.2,142.16 4 1
leaflock/auth/password.go:142.16,144.3 1 0
leaflock/auth/password.go:146.2,147.16 2 1
leaflock/auth/password.go:147.16,149.3 1 0
leaflock/auth/password.go:152.2,160.16 4 1
leaflock/auth/password.go:160.16,162.3 1 1
leaflock/auth/password.go:164.2,164.19 1 1
leaflock/auth/password.go:168.99,184.16 7 1
leaflock/auth/password.go:184.16,186.3 1 1
leaflock/auth/password.go:189.2,189.10 1 1
leaflock/auth/password.go:189.10,191.3 1 1
leaflock/auth/password.go:194.2,194.39 1 1
leaflock/auth/password.go:194.39,196.3 1 1
leaflock/auth/password.go:198.2,198.20 1 1
leaflock/auth/password.go:202.104,205.16 2 1
leaflock/auth/password.go:205.16,207.3 1 1
leaflock/auth/password.go:210.2,210.65 1 1
leaflock/auth/password.go:210.65,212.3 1 1
leaflock/auth/password.go:215.2,216.16 2 1
leaflock/auth/password.go:216.16,218.3 1 0
leaflock/auth/password.go:221.2,225.48 3 1
leaflock/auth/password.go:225.48,227.3 1 0
leaflock/auth/password.go:230.2,242.16 4 1
leaflock/auth/password.go:242.16,244.3 1 0
leaflock/auth/password.go:247.2,248.16 2 1
leaflock/auth/password.go:248.16,250.3 1 0
leaflock/auth/password.go:251.2,251.15 1 1
leaflock/auth/password.go:251.15,253.3 1 1
leaflock/auth/password.go:256.2,262.16 3 1
leaflock/auth/password.go:262.16,264.3 1 1
leaflock/auth/password.go:267.2,273.16 3 1
leaflock/auth/password.go:273.16,275.3 1 0
leaflock/auth/password.go:278.2,278.39 1 1
leaflock/auth/password.go:278.39,280.3 1 0
leaflock/auth/password.go:283.2,287.12 2 1
leaflock/auth/password.go:291.98,298.16 3 1
leaflock/auth/password.go:298.16,300.3 1 1
leaflock/auth/password.go:301.2,301.12 1 1
leaflock/auth/password.go:305.76,311.16 3 1
leaflock/auth/password.go:311.16,313.3 1 1
leaflock/auth/password.go:314.2,314.12 1 1
leaflock/auth/password.go:318.124,325.16 4 1
leaflock/auth/password.go:325.16,327.3 1 0
leaflock/auth/password.go:329.2,330.16 2 1
leaflock/auth/password.go:330.16,332.3 1 0
leaflock/auth/password.go:335.2,336.21 2 1
leaflock/auth/password.go:336.21,338.17 2 1
leaflock/auth/password.go:338.17,340.4 1 1
leaflock/auth/password.go:344.2,348.100 2 1
leaflock/auth/service.go:43.118,52.2 1 1
leaflock/auth/service.go:55.96,57.70 1 1
leaflock/auth/service.go:57.70,59.3 1 1
leaflock/auth/service.go:62.2,63.16 2 1
leaflock/auth/service.go:63.16,65.3 1 0
leaflock/auth/service.go:68.2,72.48 3 1
leaflock/auth/service.go:72.48,74.3 1 0
leaflock/auth/service.go:77.2,80.16 4 1
leaflock/auth/service.go:80.16,82.3 1 0
leaflock/auth/service.go:85.2,90.16 4 1
leaflock/auth/service.go:90.16,92.3 1 0
leaflock/auth/service.go:95.2,99.16 3 1
leaflock/auth/service.go:99.16,101.3 1 1
leaflock/auth/service.go:102.2,102.15 1 1
leaflock/auth/service.go:102.15,104.3 1 1
leaflock/auth/service.go:107.2,121.16 4 1
leaflock/auth/service.go:121.16,122.92 1 1
leaflock/auth/service.go:122.92,124.4 1 1
leaflock/auth/service.go:125.3,125.59 1 1
leaflock/auth/service.go:129.2,130.50 2 1
leaflock/auth/service.go:130.50,132.3 1 0
leaflock/auth/service.go:134.2,139.16 3 1
leaflock/auth/service.go:139.16,141.3 1 1
leaflock/auth/service.go:144.2,146.51 3 0
leaflock/auth/service.go:146.51,148.3 1 0
leaflock/auth/service.go:151.2,153.16 3 0
leaflock/auth/service.go:153.16,155.3 1 0
leaflock/auth/service.go:158.2,160.16 3 0
leaflock/auth/service.go:160.16,162.3 1 0
leaflock/auth/service.go:164.2,169.16 3 0
leaflock/auth/service.go:169.16,171.3 1 0
leaflock/auth/service.go:174.2,179.16 3 0
leaflock/auth/service.go:179.16,181.3 1 0
leaflock/auth/service.go:184.2,184.39 1 0
leaflock/auth/service.go:184.39,186.3 1 0
leaflock/auth/service.go:189.2,199.16 5 0
leaflock/auth/service.go:199.16,201.3 1 0
leaflock/auth/service.go:203.2,204.16 2 0
leaflock/auth/service.go:204.16,206.3 1 0
leaflock/auth/service.go:208.2,214.33 1 0
leaflock/auth/service.go:214.33,215.22 1 0
leaflock/auth/service.go:215.22,217.5 1 0
leaflock/auth/service.go:218.4,218.50 1 0
leaflock/auth/service.go:225.102,251.16 13 1
leaflock/auth/service.go:251.16,253.3 1 1
leaflock/auth/service.go:256.2,256.65 1 1
leaflock/auth/service.go:256.65,258.3 1 1
leaflock/auth/service.go:261.2,261.62 1 1
leaflock/auth/service.go:261.62,272.3 3 1
leaflock/auth/service.go:275.2,278.16 2 1
leaflock/auth/service.go:278.16,280.20 1 1
leaflock/auth/service.go:280.20,283.18 2 1
leaflock/auth/service.go:283.18,285.5 1 1
leaflock/auth/service.go:288.4,289.14 2 1
leaflock/auth/service.go:289.14,292.29 2 1
leaflock/auth/service.go:292.29,294.6 1 1
leaflock/auth/service.go:298.4,298.59 1 0
leaflock/auth/service.go:302.3,306.17 4 1
leaflock/auth/service.go:306.17,308.4 1 0
leaflock/auth/service.go:310.3,317.9 2 1
leaflock/auth/service.go:321.2,322.16 2 0
leaflock/auth/service.go:322.16,324.3 1 0
leaflock/auth/service.go:327.2,332.22 2 0
leaflock/auth/service.go:336.100,339.16 2 1
leaflock/auth/service.go:339.16,341.3 1 1
leaflock/auth/service.go:344.2,353.16 5 0
leaflock/auth/service.go:353.16,355.3 1 0
leaflock/auth/service.go:358.2,359.16 2 0
leaflock/auth/service.go:359.16,361.3 1 0
leaflock/auth/service.go:364.2,365.12 2 0
leaflock/auth/service.go:365.12,368.27 2 0
leaflock/auth/service.go:368.27,370.4 1 0
leaflock/auth/service.go:374.2,378.16 3 0
leaflock/auth/service.go:378.16,380.3 1 0
leaflock/auth/service.go:383.2,387.22 2 0
leaflock/auth/service.go:391.67,393.2 1 1
leaflock/auth/service.go:396.79,406.16 4 1
leaflock/auth/service.go:406.16,408.3 1 0
leaflock/auth/service.go:410.2,410.25 1 1
leaflock/auth/service.go:414.76,415.83 1 1
leaflock/auth/service.go:415.83,416.58 1 1
leaflock/auth/service.go:416.58,418.4 1 0
leaflock/auth/service.go:419.3,419.34 1 1
leaflock/auth/service.go:422.2,422.16 1 1
leaflock/auth/service.go:422.16,424.3 1 1
leaflock/auth/service.go:426.2,426.18 1 1
leaflock/auth/service.go:426.18,428.3 1 0
leaflock/auth/service.go:430.2,431.9 2 1
leaflock/auth/service.go:431.9,433.3 1 0
leaflock/auth/service.go:435.2,436.9 2 1
leaflock/auth/service.go:436.9,438.3 1 1
leaflock/auth/service.go:440.2,441.16 2 1
leaflock/auth/service.go:441.16,443.3 1 0
leaflock/auth/service.go:445.2,447.29 2 1
leaflock/auth/service.go:452.127,459.16 4 1
leaflock/auth/service.go:459.16,461.3 1 0
leaflock/auth/service.go:464.2,474.16 6 1
leaflock/auth/service.go:474.16,476.3 1 0
leaflock/auth/service.go:479.2,480.16 2 1
leaflock/auth/service.go:480.16,482.3 1 0
leaflock/auth/service.go:484.2,491.29 2 1
leaflock/auth/service.go:491.29,493.3 1 1
leaflock/auth/service.go:496.2,499.108 3 1
leaflock/auth/service.go:499.108,502.3 2 1
leaflock/auth/service.go:504.2,504.22 1 1
leaflock/auth/service.go:507.103,512.22 3 1
leaflock/auth/service.go:512.22,515.3 2 1
leaflock/auth/service.go:517.2,522.64 2 1
leaflock/auth/service.go:525.78,532.2 2 1
leaflock/auth/service.go:535.103,536.14 1 1
leaflock/auth/service.go:536.14,538.3 1 0
leaflock/auth/service.go:541.2,543.16 3 1
leaflock/auth/service.go:543.16,545.3 1 0
leaflock/auth/service.go:547.2,547.19 1 1
leaflock/auth/service.go:547.19,549.3 1 1
leaflock/auth/service.go:552.2,552.70 1 1
leaflock/auth/service.go:552.70,554.3 1 0
leaflock/auth/service.go:557.2,558.16 2 1
leaflock/auth/service.go:558.16,560.3 1 0
leaflock/auth/service.go:563.2,567.48 3 1
leaflock/auth/service.go:567.48,569.3 1 0
leaflock/auth/service.go:572.2,575.16 4 1
leaflock/auth/service.go:575.16,577.3 1 0
leaflock/auth/service.go:580.2,585.16 4 1
leaflock/auth/service.go:585.16,587.3 1 0
leaflock/auth/service.go:590.2,594.16 3 1
leaflock/auth/service.go:594.16,596.3 1 0
leaflock/auth/service.go:597.2,597.15 1 1
leaflock/auth/service.go:597.15,599.3 1 1
leaflock/auth/service.go:602.2,616.16 4 1
leaflock/auth/service.go:616.16,618.3 1 0
leaflock/auth/service.go:621.2,622.50 2 1
leaflock/auth/service.go:622.50,624.3 1 0
leaflock/auth/service.go:626.2,631.16 3 1
leaflock/auth/service.go:631.16,633.3 1 0
leaflock/auth/service.go:636.2,638.51 3 1
leaflock/auth/service.go:638.51,640.3 1 0
leaflock/auth/service.go:643.2,645.16 3 1
leaflock/auth/service.go:645.16,647.3 1 0
leaflock/auth/service.go:650.2,652.16 3 1
leaflock/auth/service.go:652.16,654.3 1 0
leaflock/auth/service.go:656.2,661.16 3 1
leaflock/auth/service.go:661.16,663.3 1 0
leaflock/auth/service.go:666.2,671.16 3 1
leaflock/auth/service.go:671.16,673.3 1 0
leaflock/auth/service.go:676.2,676.39 1 1
leaflock/auth/service.go:676.39,678.3 1 0
leaflock/auth/service.go:680.2,680.12 1 1
leaflock/auth/service.go:684.115,691.16 4 1
leaflock/auth/service.go:691.16,693.3 1 0
leaflock/auth/service.go:695.2,696.16 2 1
leaflock/auth/service.go:696.16,698.3 1 0
leaflock/auth/service.go:701.2,702.21 2 1
leaflock/auth/service.go:702.21,704.17 2 1
leaflock/auth/service.go:704.17,706.4 1 1
leaflock/auth/service.go:710.2,714.99 2 1
leaflock/auth/session.go:34.92,39.2 1 1
leaflock/auth/session.go:42.153,45.49 2 1
leaflock/auth/session.go:45.49,47.3 1 0
leaflock/auth/session.go:48.2,68.16 6 1
leaflock/auth/session.go:68.16,70.3 1 0
leaflock/auth/session.go:73.2,74.16 2 1
leaflock/auth/session.go:74.16,76.3 1 0
leaflock/auth/session.go:79.2,79.90 1 1
leaflock/auth/session.go:79.90,81.3 1 0
leaflock/auth/session.go:83.2,83.28 1 1
leaflock/auth/session.go:87.91,93.22 4 1
leaflock/auth/session.go:93.22,95.3 1 1
leaflock/auth/session.go:96.2,96.16 1 1
leaflock/auth/session.go:96.16,98.3 1 0
leaflock/auth/session.go:101.2,102.16 2 1
leaflock/auth/session.go:102.16,104.3 1 0
leaflock/auth/session.go:107.2,108.62 2 1
leaflock/auth/session.go:108.62,110.3 1 0
leaflock/auth/session.go:113.2,113.47 1 1
leaflock/auth/session.go:113.47,116.3 2 0
leaflock/auth/session.go:118.2,118.22 1 1
leaflock/auth/session.go:122.82,126.58 3 1
leaflock/auth/session.go:126.58,128.3 1 1
leaflock/auth/session.go:130.2,130.12 1 1
leaflock/auth/session.go:134.152,137.49 2 1
leaflock/auth/session.go:137.49,139.3 1 0
leaflock/auth/session.go:140.2,160.16 6 1
leaflock/auth/session.go:160.16,162.3 1 0
leaflock/auth/session.go:164.2,165.16 2 1
leaflock/auth/session.go:165.16,167.3 1 0
leaflock/auth/session.go:170.2,170.93 1 1
leaflock/auth/session.go:170.93,172.3 1 0
leaflock/auth/session.go:174.2,174.19 1 1
leaflock/auth/session.go:178.97,184.22 4 1
leaflock/auth/session.go:184.22,186.3 1 1
leaflock/auth/session.go:187.2,187.16 1 1
leaflock/auth/session.go:187.16,189.3 1 0
leaflock/auth/session.go:192.2,193.16 2 1
leaflock/auth/session.go:193.16,195.3 1 0
leaflock/auth/session.go:198.2,199.65 2 1
leaflock/auth/session.go:199.65,201.3 1 0
leaflock/auth/session.go:204.2,204.50 1 1
leaflock/auth/session.go:204.50,207.3 2 0
leaflock/auth/session.go:209.2,209.25 1 1
leaflock/auth/session.go:213.85,217.58 3 1
leaflock/auth/session.go:217.58,219.3 1 0
leaflock/auth/session.go:221.2,221.12 1 1
leaflock/auth/session.go:225.58,229.2 2 1
leaflock/auth/session.go:232.83,234.16 2 1
leaflock/auth/session.go:234.16,236.3 1 0
leaflock/auth/session.go:239.2,246.16 5 1
leaflock/auth/session.go:246.16,248.3 1 0
leaflock/auth/session.go:250.2,251.16 2 1
leaflock/auth/session.go:251.16,253.3 1 0
leaflock/auth/session.go:255.2,255.90 1 1
leaflock/auth/session.go:255.90,257.3 1 0
leaflock/auth/session.go:259.2,259.12 1 1
leaflock/middleware/rate_limit.go:32.61,40.43 2 1
leaflock/middleware/rate_limit.go:40.43,42.4 1 1
leaflock/middleware/rate_limit.go:44.42,48.4 1 0
leaflock/middleware/rate_limit.go:51.2,54.43 1 1
leaflock/middleware/rate_limit.go:54.43,56.4 1 0
leaflock/middleware/rate_limit.go:58.42,62.4 1 0
leaflock/middleware/rate_limit.go:65.2,68.43 1 1
leaflock/middleware/rate_limit.go:68.43,70.4 1 0
leaflock/middleware/rate_limit.go:72.42,76.4 1 0
leaflock/middleware/rate_limit.go:79.2,82.43 1 1
leaflock/middleware/rate_limit.go:82.43,84.4 1 0
leaflock/middleware/rate_limit.go:86.42,90.4 1 0
leaflock/middleware/rate_limit.go:94.2,97.43 1 1
leaflock/middleware/rate_limit.go:97.43,99.4 1 0
leaflock/middleware/rate_limit.go:101.42,105.4 1 0
leaflock/middleware/rate_limit.go:108.2,111.43 1 1
leaflock/middleware/rate_limit.go:111.43,113.4 1 0
leaflock/middleware/rate_limit.go:115.42,119.4 1 0
leaflock/middleware/rate_limit.go:123.2,126.43 1 1
leaflock/middleware/rate_limit.go:126.43,128.4 1 0
leaflock/middleware/rate_limit.go:130.42,134.4 1 0
leaflock/middleware/rate_limit.go:137.2,140.43 1 1
leaflock/middleware/rate_limit.go:140.43,142.4 1 0
leaflock/middleware/rate_limit.go:144.42,148.4 1 0
leaflock/middleware/rate_limit.go:151.2,154.43 1 1
leaflock/middleware/rate_limit.go:154.43,156.4 1 0
leaflock/middleware/rate_limit.go:158.42,162.4 1 0
leaflock/middleware/rate_limit.go:165.2,168.43 1 1
leaflock/middleware/rate_limit.go:168.43,170.4 1 0
leaflock/middleware/rate_limit.go:172.42,176.4 1 0
leaflock/middleware/rate_limit.go:180.2,183.43 1 1
leaflock/middleware/rate_limit.go:183.43,185.4 1 0
leaflock/middleware/rate_limit.go:187.42,191.4 1 0
leaflock/middleware/rate_limit.go:194.2,197.43 1 1
leaflock/middleware/rate_limit.go:197.43,199.4 1 0
leaflock/middleware/rate_limit.go:201.42,205.4 1 0
leaflock/middleware/rate_limit.go:209.2,212.43 1 1
leaflock/middleware/rate_limit.go:212.43,214.4 1 0
leaflock/middleware/rate_limit.go:216.42,220.4 1 0
leaflock/middleware/rate_limit.go:223.2,237.3 1 1
leaflock/middleware/share_link.go:18.114,21.34 2 1
leaflock/middleware/share_link.go:21.34,23.18 2 1
leaflock/middleware/share_link.go:23.18,27.4 1 1
leaflock/middleware/share_link.go:29.3,33.17 3 1
leaflock/middleware/share_link.go:33.17,35.4 1 0
leaflock/middleware/share_link.go:38.3,46.24 8 1
leaflock/middleware/share_link.go:46.24,50.38 3 1
leaflock/middleware/share_link.go:50.38,52.5 1 0
leaflock/middleware/share_link.go:53.4,53.30 1 1
leaflock/middleware/share_link.go:53.30,55.5 1 0
leaflock/middleware/share_link.go:56.4,64.18 3 1
leaflock/middleware/share_link.go:64.18,68.5 1 0
leaflock/middleware/share_link.go:69.9,77.18 2 1
leaflock/middleware/share_link.go:77.18,81.5 1 0
leaflock/middleware/share_link.go:84.4,90.24 2 1
leaflock/middleware/share_link.go:90.24,92.5 1 1
leaflock/middleware/share_link.go:93.4,93.22 1 1
leaflock/middleware/share_link.go:93.22,95.5 1 1
leaflock/middleware/share_link.go:97.4,97.62 1 1
leaflock/middleware/share_link.go:101.3,101.16 1 1
leaflock/middleware/share_link.go:101.16,105.4 1 1
leaflock/middleware/share_link.go:108.3,108.55 1 1
leaflock/middleware/share_link.go:108.55,112.4 1 1
leaflock/middleware/share_link.go:115.3,115.45 1 1
leaflock/middleware/share_link.go:115.45,119.4 1 1
leaflock/middleware/share_link.go:122.3,122.26 1 1
leaflock/middleware/share_link.go:122.26,125.28 2 1
leaflock/middleware/share_link.go:125.28,129.47 2 1
leaflock/middleware/share_link.go:129.47,131.6 1 1
leaflock/middleware/share_link.go:133.4,133.22 1 1
leaflock/middleware/share_link.go:133.22,135.5 1 1
leaflock/middleware/share_link.go:137.4,137.22 1 1
leaflock/middleware/share_link.go:137.22,142.5 1 1
leaflock/middleware/share_link.go:145.4,145.58 1 1
leaflock/middleware/share_link.go:145.58,149.5 1 0
leaflock/middleware/share_link.go:153.3,161.17 2 1
leaflock/middleware/share_link.go:161.17,163.4 1 0
leaflock/middleware/share_link.go:166.3,166.23 1 1
leaflock/middleware/share_link.go:166.23,168.4 1 1
leaflock/middleware/share_link.go:171.3,176.18 5 1
leaflock/middleware/share_link.go:181.70,184.16 3 1
leaflock/middleware/share_link.go:184.16,186.3 1 0
leaflock/middleware/share_link.go:187.2,187.18 1 1
leaflock/metrics/metrics.go:136.43,137.34 1 1
leaflock/metrics/metrics.go:137.34,147.17 6 1
leaflock/metrics/metrics.go:147.17,149.4 1 0
leaflock/metrics/metrics.go:150.3,155.13 4 1
leaflock/metrics/metrics.go:160.35,162.2 1 1
leaflock/metrics/metrics.go:165.47,167.2 1 1
leaflock/metrics/metrics.go:170.44,172.2 1 1
leaflock/metrics/metrics.go:175.44,177.2 1 1
leaflock/metrics/metrics.go:180.46,183.2 2 1
leaflock/metrics/metrics.go:186.47,188.2 1 1
leaflock/metrics/metrics.go:191.40,193.2 1 1
leaflock/metrics/metrics.go:196.48,198.2 1 1
leaflock/metrics/metrics.go:201.50,203.2 1 1
leaflock/metrics/metrics.go:206.75,209.25 3 1
leaflock/metrics/metrics.go:209.25,211.3 1 1
leaflock/docs/docs.go:2844.13,2846.2 1 0
leaflock/auth/docs/docs.go:733.13,735.2 1 0
leaflock/server/adapter.go:19.66,25.2 1 1
leaflock/server/adapter.go:29.52,31.2 1 1
leaflock/server/adapter.go:35.63,37.36 1 1
leaflock/server/adapter.go:37.36,38.32 1 1
leaflock/server/adapter.go:38.32,40.4 1 1
leaflock/server/adapter.go:44.2,44.21 1 1
leaflock/server/adapter.go:44.21,46.3 1 1
leaflock/server/adapter.go:48.2,48.26 1 1
leaflock/server/adapter.go:53.59,55.2 1 1
leaflock/server/app.go:17.77,33.53 1 1
leaflock/server/app.go:33.53,37.39 3 0
leaflock/server/app.go:37.39,40.5 2 0
leaflock/server/app.go:40.10,40.25 1 0
leaflock/server/app.go:40.25,43.5 1 0
leaflock/server/app.go:43.10,50.5 1 0
leaflock/server/app.go:52.4,52.59 1 0
leaflock/server/app.go:57.2,59.56 1 1
leaflock/server/app.go:59.56,66.4 1 0
leaflock/server/app.go:70.2,70.35 1 1
leaflock/server/app.go:70.35,75.3 4 1
leaflock/server/app.go:78.2,86.33 2 1
leaflock/server/app.go:86.33,89.4 1 1
leaflock/server/app.go:93.2,96.51 2 1
leaflock/server/app.go:96.51,102.3 1 1
leaflock/server/app.go:105.2,105.52 1 1
leaflock/server/app.go:105.52,115.32 4 1
leaflock/server/app.go:115.32,118.106 2 0
leaflock/server/app.go:118.106,122.5 3 0
leaflock/server/app.go:125.4,125.64 1 0
leaflock/server/app.go:125.64,129.5 3 0
leaflock/server/app.go:131.4,132.25 2 0
leaflock/server/app.go:133.9,141.4 6 1
leaflock/server/app.go:144.2,144.12 1 1
leaflock/server/health.go:30.111,37.2 1 1
leaflock/server/health.go:40.39,42.2 1 1
leaflock/server/health.go:45.43,47.2 1 1
leaflock/server/health.go:50.43,52.2 1 1
leaflock/server/health.go:55.39,57.2 1 1
leaflock/server/health.go:60.42,65.2 1 1
leaflock/server/health.go:68.44,70.2 1 1
leaflock/server/health.go:73.47,75.2 1 1
leaflock/server/health.go:78.49,80.2 1 1
leaflock/server/health.go:83.48,85.2 1 1
leaflock/server/health.go:88.42,90.2 1 1
leaflock/server/health.go:93.46,95.2 1 1
leaflock/server/health.go:98.46,100.2 1 1
leaflock/server/health.go:103.42,105.2 1 1
leaflock/server/listener.go:16.88,22.67 4 1
leaflock/server/listener.go:22.67,23.25 1 1
leaflock/server/listener.go:23.25,25.5 1 0
leaflock/server/listener.go:27.4,28.48 2 1
leaflock/server/listener.go:28.48,30.5 1 1
leaflock/server/listener.go:30.26,32.5 1 0
leaflock/server/listener.go:33.4,33.18 1 1
leaflock/server/listener.go:37.2,38.16 2 1
leaflock/server/listener.go:38.16,42.3 3 1
leaflock/server/listener.go:44.2,52.16 7 1
leaflock/server/listener.go:52.16,56.3 3 1
leaflock/server/listener.go:58.2,59.26 2 0
leaflock/services/allowlist.go:16.13,18.2 1 1
leaflock/services/allowlist.go:21.45,23.14 2 1
leaflock/services/allowlist.go:23.14,25.3 1 0
leaflock/services/allowlist.go:26.2,26.32 1 1
leaflock/services/allowlist.go:30.49,31.64 1 1
leaflock/services/allowlist.go:31.64,33.3 1 1
leaflock/services/allowlist.go:35.2,36.30 2 1
leaflock/services/allowlist.go:36.30,37.56 1 1
leaflock/services/allowlist.go:37.56,39.4 1 1
leaflock/services/allowlist.go:41.2,41.14 1 1
leaflock/services/allowlist.go:45.94,49.19 3 1
leaflock/services/allowlist.go:49.19,53.49 4 1
leaflock/services/allowlist.go:53.49,55.15 2 1
leaflock/services/allowlist.go:55.15,57.5 1 1
leaflock/services/allowlist.go:61.2,61.20 1 1
leaflock/services/allowlist.go:61.20,62.46 1 1
leaflock/services/allowlist.go:62.46,63.17 1 1
leaflock/services/allowlist.go:63.17,65.5 1 1
leaflock/services/allowlist.go:66.4,67.23 2 1
leaflock/services/allowlist.go:67.23,69.51 2 1
leaflock/services/allowlist.go:69.51,70.14 1 1
leaflock/services/allowlist.go:72.5,72.51 1 1
leaflock/services/allowlist.go:72.51,79.48 6 1
leaflock/services/allowlist.go:79.48,81.18 2 1
leaflock/services/allowlist.go:81.18,83.8 1 1
leaflock/services/allowlist.go:89.2,89.24 1 1
leaflock/services/allowlist.go:93.37,98.12 4 0
leaflock/services/allowlist.go:98.12,102.22 4 0
leaflock/services/allowlist.go:102.22,104.22 2 0
leaflock/services/allowlist.go:104.22,108.5 3 0
leaflock/services/cleanup.go:12.48,13.12 1 1
leaflock/services/cleanup.go:13.12,21.22 5 1
leaflock/services/cleanup.go:21.22,23.4 1 0
leaflock/services/cleanup.go:28.65,39.16 3 1
leaflock/services/cleanup.go:39.16,41.3 1 1
leaflock/services/cleanup.go:41.8,41.38 1 1
leaflock/services/cleanup.go:41.38,43.3 1 1
leaflock/services/cleanup.go:46.2,47.17 2 1
leaflock/services/cleanup.go:47.17,49.3 1 1
leaflock/services/cleanup.go:49.8,51.3 1 1
leaflock/services/cleanup.go:54.2,57.22 3 1
leaflock/services/cleanup.go:57.22,59.3 1 1
leaflock/services/cleanup.go:61.2,61.58 1 1
leaflock/services/email_service.go:24.56,28.2 1 1
leaflock/services/email_service.go:42.101,43.27 1 1
leaflock/services/email_service.go:43.27,47.3 3 1
leaflock/services/email_service.go:49.2,58.27 8 1
leaflock/services/email_service.go:58.27,63.3 1 0
leaflock/services/email_service.go:63.8,67.3 1 1
leaflock/services/email_service.go:70.2,71.25 2 1
leaflock/services/email_service.go:71.25,72.12 1 1
leaflock/services/email_service.go:72.12,74.4 1 1
leaflock/services/email_service.go:76.3,77.26 2 1
leaflock/services/email_service.go:77.26,81.4 3 0
leaflock/services/email_service.go:81.9,84.4 2 1
leaflock/services/email_service.go:86.3,86.17 1 1
leaflock/services/email_service.go:86.17,89.4 2 0
leaflock/services/email_service.go:90.3,91.67 2 1
leaflock/services/email_service.go:94.2,95.56 2 1
leaflock/services/email_service.go:99.96,101.24 1 1
leaflock/services/email_service.go:101.24,103.3 1 1
leaflock/services/email_service.go:104.2,104.23 1 1
leaflock/services/email_service.go:104.23,106.3 1 1
leaflock/services/email_service.go:107.2,107.20 1 1
leaflock/services/email_service.go:107.20,109.3 1 1
leaflock/services/email_service.go:112.2,114.16 3 1
leaflock/services/email_service.go:114.16,116.3 1 0
leaflock/services/email_service.go:119.2,120.60 2 1
leaflock/services/email_service.go:120.60,122.3 1 0
leaflock/services/email_service.go:125.2,127.69 2 1
leaflock/services/email_service.go:131.40,144.28 10 1
leaflock/services/email_service.go:144.28,145.18 1 1
leaflock/services/email_service.go:145.18,147.4 1 1
leaflock/services/email_service.go:147.9,147.25 1 1
leaflock/services/email_service.go:147.25,149.4 1 1
leaflock/services/email_service.go:149.9,149.20 1 1
leaflock/services/email_service.go:149.20,151.4 1 1
leaflock/services/email_service.go:155.2,158.16 3 1
leaflock/services/email_service.go:162.80,172.2 2 1
leaflock/services/email_service.go:175.106,188.2 3 1
leaflock/services/email_service.go:191.89,200.2 2 1
leaflock/services/share_links.go:30.63,32.2 1 1
leaflock/services/share_links.go:35.38,38.44 2 1
leaflock/services/share_links.go:38.44,40.3 1 0
leaflock/services/share_links.go:43.2,44.19 2 1
leaflock/services/share_links.go:48.105,53.16 3 1
leaflock/services/share_links.go:53.16,55.3 1 0
leaflock/services/share_links.go:58.2,59.30 2 1
leaflock/services/share_links.go:59.30,61.15 2 1
leaflock/services/share_links.go:61.15,63.4 1 0
leaflock/services/share_links.go:64.8,67.3 1 1
leaflock/services/share_links.go:70.2,70.65 1 1
leaflock/services/share_links.go:70.65,72.3 1 0
leaflock/services/share_links.go:74.2,74.12 1 1
leaflock/services/share_links.go:78.101,83.22 3 1
leaflock/services/share_links.go:83.22,85.3 1 1
leaflock/services/share_links.go:85.8,85.23 1 1
leaflock/services/share_links.go:85.23,87.3 1 0
leaflock/services/share_links.go:90.2,91.64 2 1
leaflock/services/share_links.go:91.64,93.3 1 0
leaflock/services/share_links.go:96.2,96.66 1 1
leaflock/services/share_links.go:96.66,100.3 2 0
leaflock/services/share_links.go:102.2,102.19 1 1
leaflock/services/share_links.go:106.89,109.50 2 1
leaflock/services/share_links.go:109.50,111.3 1 0
leaflock/services/share_links.go:113.2,113.12 1 1
leaflock/services/share_links.go:117.87,120.16 2 1
leaflock/services/share_links.go:120.16,122.3 1 0
leaflock/services/share_links.go:123.2,123.17 1 1
leaflock/services/share_links.go:123.17,125.3 1 0
leaflock/services/share_links.go:128.2,131.44 2 1
leaflock/services/share_links.go:135.95,141.6 4 1
leaflock/services/share_links.go:141.6,145.17 4 1
leaflock/services/share_links.go:145.17,147.4 1 0
leaflock/services/share_links.go:150.3,150.32 1 1
leaflock/services/share_links.go:150.32,152.18 2 1
leaflock/services/share_links.go:152.18,153.13 1 0
leaflock/services/share_links.go:156.4,157.66 2 1
leaflock/services/share_links.go:157.66,158.13 1 0
leaflock/services/share_links.go:161.4,161.29 1 1
leaflock/services/share_links.go:161.29,163.5 1 1
leaflock/services/share_links.go:166.3,166.18 1 1
leaflock/services/share_links.go:166.18,167.9 1 1
leaflock/services/share_links.go:172.2,172.19 1 1
leaflock/services/share_links.go:172.19,173.55 1 1
leaflock/services/share_links.go:173.55,175.4 1 0
leaflock/services/share_links.go:178.2,178.12 1 1
leaflock/services/share_links.go:182.80,187.16 3 1
leaflock/services/share_links.go:187.16,189.3 1 0
leaflock/services/share_links.go:190.2,190.17 1 1
leaflock/services/share_links.go:190.17,192.3 1 0
leaflock/services/share_links.go:195.2,195.29 1 1
leaflock/services/share_links.go:195.29,197.59 2 1
leaflock/services/share_links.go:197.59,199.4 1 0
leaflock/services/share_links.go:202.2,202.12 1 1
leaflock/services/templates.go:339.88,345.16 4 1
leaflock/services/templates.go:345.16,347.3 1 1
leaflock/services/templates.go:349.2,349.15 1 1
leaflock/services/templates.go:349.15,352.3 2 1
leaflock/services/templates.go:354.2,356.44 2 1
leaflock/services/templates.go:356.44,359.17 2 1
leaflock/services/templates.go:359.17,361.4 1 0
leaflock/services/templates.go:363.3,364.17 2 1
leaflock/services/templates.go:364.17,366.4 1 0
leaflock/services/templates.go:368.3,369.17 2 1
leaflock/services/templates.go:369.17,371.4 1 0
leaflock/services/templates.go:374.3,381.17 3 1
leaflock/services/templates.go:381.17,383.4 1 1
leaflock/services/templates.go:385.3,385.64 1 1
leaflock/services/templates.go:388.2,389.12 2 1
leaflock/docs/swagger/docs.go:368.13,370.2 1 0
leaflock/utils/helpers.go:19.39,20.13 1 1
leaflock/utils/helpers.go:20.13,22.3 1 1
leaflock/utils/helpers.go:23.2,23.12 1 1
leaflock/utils/helpers.go:27.24,28.11 1 1
leaflock/utils/helpers.go:28.11,30.3 1 1
leaflock/utils/helpers.go:31.2,31.10 1 1
leaflock/utils/helpers.go:35.24,36.11 1 1
leaflock/utils/helpers.go:36.11,38.3 1 1
leaflock/utils/helpers.go:39.2,39.10 1 1
leaflock/utils/helpers.go:43.33,45.39 1 1
leaflock/utils/helpers.go:45.39,48.3 2 1
leaflock/utils/helpers.go:49.2,49.10 1 1
leaflock/utils/helpers.go:53.44,54.13 1 1
leaflock/utils/helpers.go:54.13,56.3 1 1
leaflock/utils/helpers.go:57.2,57.11 1 1
leaflock/utils/helpers.go:61.57,62.58 1 1
leaflock/utils/helpers.go:62.58,64.3 1 1
leaflock/utils/helpers.go:65.2,65.11 1 1
leaflock/utils/helpers.go:69.58,70.59 1 1
leaflock/utils/helpers.go:70.59,72.3 1 1
leaflock/utils/helpers.go:73.2,73.11 1 1
leaflock/utils/logging.go:46.20,48.16 2 1
leaflock/utils/logging.go:48.16,50.3 1 0
leaflock/utils/logging.go:51.2,62.21 9 1
leaflock/utils/logging.go:66.67,67.16 1 1
leaflock/utils/logging.go:67.16,72.3 4 1
leaflock/utils/logging.go:76.55,81.2 4 1
leaflock/utils/logging.go:84.55,89.2 4 1
leaflock/utils/logging.go:92.56,97.2 4 1
leaflock/utils/logging.go:100.88,101.16 1 1
leaflock/utils/logging.go:101.16,117.3 6 1
leaflock/utils/logging.go:121.35,122.50 1 1
leaflock/utils/logging.go:122.50,124.3 1 1
leaflock/utils/logging.go:125.2,125.15 1 0
leaflock/utils/logging.go:129.37,131.2 1 1
leaflock/utils/logging.go:134.26,135.88 1 1
leaflock/utils/logging.go:135.88,137.3 1 1
leaflock/utils/logging.go:138.2,138.15 1 1
leaflock/utils/logging.go:142.50,144.17 2 1
leaflock/utils/logging.go:144.17,146.3 1 1
leaflock/utils/logging.go:147.2,147.17 1 1
leaflock/utils/logging.go:147.17,149.3 1 1
leaflock/utils/logging.go:150.2,150.43 1 1
leaflock/utils/logging.go:150.43,152.3 1 1
leaflock/utils/logging.go:153.2,153.43 1 1
leaflock/utils/logging.go:157.51,158.32 1 1
leaflock/utils/logging.go:159.24,160.26 1 1
leaflock/utils/logging.go:161.29,162.25 1 0
leaflock/utils/logging.go:163.25,164.25 1 0
leaflock/utils/logging.go:165.22,166.26 1 0
leaflock/utils/logging.go:167.36,168.26 1 0
leaflock/utils/logging.go:169.10,170.26 1 1
leaflock/utils/logging.go:175.44,177.9 2 1
leaflock/utils/logging.go:178.71,179.20 1 1
leaflock/utils/logging.go:180.105,181.20 1 1
leaflock/utils/logging.go:182.108,183.19 1 1
leaflock/utils/logging.go:184.40,185.20 1 1
leaflock/utils/logging.go:186.10,187.19 1 1
leaflock/utils/logging.go:197.62,199.2 1 1
leaflock/utils/logging.go:201.52,202.25 1 1
leaflock/utils/logging.go:202.25,204.3 1 1
leaflock/utils/logging.go:205.2,205.23 1 0
leaflock/utils/logging.go:214.54,216.23 2 1
leaflock/utils/logging.go:216.23,218.3 1 0
leaflock/utils/logging.go:219.2,219.24 1 1
leaflock/utils/logging.go:219.24,221.3 1 1
leaflock/utils/logging.go:222.2,222.27 1 1
leaflock/utils/network.go:16.13,26.30 2 1
leaflock/utils/network.go:26.30,27.55 1 1
leaflock/utils/network.go:27.55,29.4 1 1
leaflock/utils/network.go:34.36,35.31 1 1
leaflock/utils/network.go:35.31,37.3 1 1
leaflock/utils/network.go:38.2,38.66 1 1
leaflock/utils/network.go:38.66,39.39 1 1
leaflock/utils/network.go:39.39,41.4 1 1
leaflock/utils/network.go:43.2,43.60 1 1
leaflock/utils/network.go:43.60,45.54 2 1
leaflock/utils/network.go:45.54,47.52 2 1
leaflock/utils/network.go:47.52,48.13 1 0
leaflock/utils/network.go:50.4,51.21 2 1
leaflock/utils/network.go:51.21,52.13 1 0
leaflock/utils/network.go:54.4,54.26 1 1
leaflock/utils/network.go:54.26,56.5 1 1
leaflock/utils/network.go:57.4,57.22 1 1
leaflock/utils/network.go:57.22,59.5 1 1
leaflock/utils/network.go:61.3,61.21 1 1
leaflock/utils/network.go:61.21,63.4 1 1
leaflock/utils/network.go:65.2,65.67 1 0
leaflock/utils/network.go:65.67,66.43 1 0
leaflock/utils/network.go:66.43,68.4 1 0
leaflock/utils/network.go:70.2,70.85 1 0
leaflock/utils/network.go:70.85,71.51 1 0
leaflock/utils/network.go:71.51,73.4 1 0
leaflock/utils/network.go:75.2,75.15 1 0
leaflock/utils/network.go:79.33,80.56 1 1
leaflock/utils/network.go:80.56,82.3 1 1
leaflock/utils/network.go:83.2,83.40 1 1
leaflock/utils/network.go:83.40,84.25 1 1
leaflock/utils/network.go:84.25,86.4 1 1
leaflock/utils/network.go:88.2,88.13 1 1
leaflock/utils/validation.go:4.41,5.40 1 1
leaflock/utils/validation.go:5.40,7.3 1 1
leaflock/utils/validation.go:8.2,8.25 1 1
leaflock/utils/validation.go:8.25,10.75 2 1
leaflock/utils/validation.go:10.75,12.4 1 1
leaflock/utils/validation.go:14.2,14.13 1 1
leaflock/cmd/entrypoint/main.go:11.13,12.29 1 0
leaflock/cmd/entrypoint/main.go:12.29,15.3 1 0
leaflock/cmd/entrypoint/main.go:18.2,18.54 1 0
leaflock/cmd/entrypoint/main.go:18.54,19.63 1 0
leaflock/cmd/entrypoint/main.go:19.63,22.4 2 0
leaflock/cmd/entrypoint/main.go:25.2,26.18 2 0
leaflock/cmd/entrypoint/main.go:26.18,28.3 1 0
leaflock/cmd/entrypoint/main.go:29.2,29.77 1 0
leaflock/cmd/entrypoint/main.go:29.77,31.3 1 0
leaflock/websocket/handler.go:18.73,19.15 1 0
leaflock/websocket/handler.go:19.15,21.3 1 0
leaflock/websocket/handler.go:24.2,29.20 4 0
leaflock/websocket/handler.go:29.20,32.3 2 0
leaflock/websocket/handler.go:35.2,36.80 2 0
leaflock/websocket/handler.go:36.80,37.58 1 0
leaflock/websocket/handler.go:37.58,39.4 1 0
leaflock/websocket/handler.go:40.3,40.28 1 0
leaflock/websocket/handler.go:43.2,43.32 1 0
leaflock/websocket/handler.go:43.32,46.3 2 0
leaflock/websocket/handler.go:49.2,50.9 2 0
leaflock/websocket/handler.go:50.9,53.3 2 0
leaflock/websocket/handler.go:56.2,57.37 2 0
leaflock/websocket/handler.go:57.37,60.3 2 0
leaflock/websocket/handler.go:62.2,63.16 2 0
leaflock/websocket/handler.go:63.16,66.3 2 0
leaflock/websocket/handler.go:68.2,69.16 2 0
leaflock/websocket/handler.go:69.16,72.3 2 0
leaflock/websocket/handler.go:75.2,87.30 4 0
leaflock/websocket/handler.go:87.30,90.3 2 0
leaflock/websocket/handler.go:93.2,104.12 3 0
leaflock/websocket/handler.go:104.12,105.16 1 0
leaflock/websocket/handler.go:105.16,107.4 1 0
leaflock/websocket/handler.go:109.3,109.34 1 0
leaflock/websocket/handler.go:109.34,110.73 1 0
leaflock/websocket/handler.go:110.73,113.5 2 0
leaflock/websocket/handler.go:115.3,115.55 1 0
leaflock/websocket/handler.go:119.2,119.6 1 0
leaflock/websocket/handler.go:119.6,122.17 3 0
leaflock/websocket/handler.go:122.17,123.103 1 0
leaflock/websocket/handler.go:123.103,125.5 1 0
leaflock/websocket/handler.go:126.4,126.9 1 0
leaflock/websocket/handler.go:130.3,130.19 1 0
leaflock/websocket/handler.go:131.15,138.14 1 0
leaflock/websocket/handler.go:140.17,147.14 1 0
leaflock/websocket/handler.go:149.19,156.14 1 0
leaflock/websocket/hub.go:32.20,41.2 1 1
leaflock/websocket/hub.go:44.23,46.9 2 1
leaflock/websocket/hub.go:47.16,47.16 0 1
leaflock/websocket/hub.go:49.10,53.21 4 1
leaflock/websocket/hub.go:55.2,55.15 1 1
leaflock/websocket/hub.go:59.52,61.2 1 1
leaflock/websocket/hub.go:64.54,66.2 1 1
leaflock/websocket/hub.go:69.21,70.6 1 1
leaflock/websocket/hub.go:70.6,71.10 1 1
leaflock/websocket/hub.go:72.17,73.10 1 1
leaflock/websocket/hub.go:74.33,75.11 1 1
leaflock/websocket/hub.go:75.11,77.5 1 1
leaflock/websocket/hub.go:78.4,81.39 3 1
leaflock/websocket/hub.go:81.39,83.5 1 1
leaflock/websocket/hub.go:84.4,95.19 3 1
leaflock/websocket/hub.go:97.35,98.11 1 1
leaflock/websocket/hub.go:98.11,100.5 1 0
leaflock/websocket/hub.go:101.4,102.51 2 1
leaflock/websocket/hub.go:102.51,104.62 2 1
leaflock/websocket/hub.go:104.62,106.29 2 1
leaflock/websocket/hub.go:106.29,108.7 1 1
leaflock/websocket/hub.go:110.5,110.21 1 1
leaflock/websocket/hub.go:112.4,122.19 2 1
leaflock/websocket/hub.go:129.93,134.22 4 1
leaflock/websocket/hub.go:134.22,136.3 1 1
leaflock/websocket/hub.go:138.2,139.16 2 1
leaflock/websocket/hub.go:139.16,141.3 1 0
leaflock/websocket/hub.go:143.2,143.38 1 1
leaflock/websocket/hub.go:143.38,144.30 1 1
leaflock/websocket/hub.go:144.30,145.11 1 1
leaflock/websocket/hub.go:146.27,146.27 0 1
leaflock/websocket/hub.go:147.12,149.30 2 1
leaflock/websocket/hub.go:156.22,158.2 1 1
leaflock/websocket/hub.go:161.60,166.22 4 1
leaflock/websocket/hub.go:166.22,168.3 1 1
leaflock/websocket/hub.go:170.2,171.32 2 1
leaflock/websocket/hub.go:171.32,173.3 1 1
leaflock/websocket/hub.go:174.2,174.14 1 1
leaflock/handlers/docs/docs.go:2156.13,2158.2 1 0
