mode: atomic
leaflock/utils/error_context.go:39.47,45.25 5 0
leaflock/utils/error_context.go:45.25,52.3 2 0
leaflock/utils/error_context.go:53.2,53.15 1 0
leaflock/utils/error_context.go:57.84,58.16 1 0
leaflock/utils/error_context.go:58.16,60.3 1 0
leaflock/utils/error_context.go:62.2,71.23 2 0
leaflock/utils/error_context.go:75.107,76.16 1 0
leaflock/utils/error_context.go:76.16,78.3 1 0
leaflock/utils/error_context.go:80.2,100.23 4 0
leaflock/utils/error_context.go:104.91,122.2 4 0
leaflock/utils/error_context.go:125.74,135.2 2 0
leaflock/utils/error_context.go:138.75,148.2 2 0
leaflock/utils/error_context.go:152.38,156.20 2 0
leaflock/utils/error_context.go:156.20,158.17 2 0
leaflock/utils/error_context.go:158.17,161.4 2 0
leaflock/utils/error_context.go:164.3,164.20 1 0
leaflock/utils/error_context.go:165.25,166.47 1 0
leaflock/utils/error_context.go:167.15,168.46 1 0
leaflock/utils/error_context.go:169.16,170.47 1 0
leaflock/utils/error_context.go:171.11,172.46 1 0
leaflock/utils/error_context.go:174.8,177.3 1 0
leaflock/utils/error_context.go:181.41,184.21 2 0
leaflock/utils/error_context.go:184.21,186.3 1 0
leaflock/utils/error_context.go:188.2,188.25 1 0
leaflock/utils/error_context.go:188.25,190.3 1 0
leaflock/utils/error_context.go:192.2,192.78 1 0
leaflock/utils/error_context.go:192.78,194.3 1 0
leaflock/utils/error_context.go:196.2,196.40 1 0
leaflock/utils/error_context.go:196.40,198.3 1 0
leaflock/utils/error_context.go:200.2,200.18 1 0
leaflock/utils/error_context.go:200.18,202.3 1 0
leaflock/utils/error_context.go:204.2,204.27 1 0
leaflock/utils/error_context.go:204.27,207.3 2 0
leaflock/utils/error_context.go:210.2,210.19 1 0
leaflock/utils/error_context.go:211.24,214.25 2 0
leaflock/utils/error_context.go:214.25,216.36 2 0
leaflock/utils/error_context.go:216.36,217.16 1 0
leaflock/utils/error_context.go:217.16,218.11 1 0
leaflock/utils/error_context.go:220.5,220.82 1 0
leaflock/utils/error_context.go:223.14,224.30 1 0
leaflock/utils/error_context.go:225.15,226.31 1 0
leaflock/utils/error_context.go:227.10,228.30 1 0
leaflock/utils/error_context.go:233.37,234.30 1 0
leaflock/utils/error_context.go:234.30,247.3 4 0
leaflock/utils/helpers.go:20.39,21.13 1 2
leaflock/utils/helpers.go:21.13,23.3 1 1
leaflock/utils/helpers.go:24.2,24.12 1 1
leaflock/utils/helpers.go:28.24,29.11 1 6
leaflock/utils/helpers.go:29.11,31.3 1 3
leaflock/utils/helpers.go:32.2,32.10 1 3
leaflock/utils/helpers.go:36.24,37.11 1 6
leaflock/utils/helpers.go:37.11,39.3 1 3
leaflock/utils/helpers.go:40.2,40.10 1 3
leaflock/utils/helpers.go:44.33,46.39 1 7
leaflock/utils/helpers.go:46.39,49.3 2 5
leaflock/utils/helpers.go:50.2,50.10 1 2
leaflock/utils/helpers.go:54.44,55.13 1 2
leaflock/utils/helpers.go:55.13,57.3 1 1
leaflock/utils/helpers.go:58.2,58.11 1 1
leaflock/utils/helpers.go:62.57,63.58 1 2
leaflock/utils/helpers.go:63.58,65.3 1 1
leaflock/utils/helpers.go:66.2,66.11 1 1
leaflock/utils/helpers.go:70.58,71.59 1 2
leaflock/utils/helpers.go:71.59,73.3 1 1
leaflock/utils/helpers.go:74.2,74.11 1 1
leaflock/utils/helpers.go:78.30,80.15 2 0
leaflock/utils/helpers.go:80.15,82.3 1 0
leaflock/utils/helpers.go:83.2,83.15 1 0
leaflock/utils/helpers.go:83.15,85.3 1 0
leaflock/utils/helpers.go:86.2,86.12 1 0
leaflock/utils/helpers.go:90.26,93.2 2 0
leaflock/utils/helpers.go:96.27,98.2 1 0
leaflock/utils/logging.go:49.20,51.16 2 1
leaflock/utils/logging.go:51.16,53.3 1 0
leaflock/utils/logging.go:54.2,65.21 9 1
leaflock/utils/logging.go:69.67,70.16 1 1
leaflock/utils/logging.go:70.16,75.3 4 1
leaflock/utils/logging.go:79.55,84.2 4 1
leaflock/utils/logging.go:87.55,92.2 4 1
leaflock/utils/logging.go:95.56,100.2 4 1
leaflock/utils/logging.go:103.88,104.16 1 1
leaflock/utils/logging.go:104.16,120.3 6 1
leaflock/utils/logging.go:124.35,125.50 1 1
leaflock/utils/logging.go:125.50,127.3 1 1
leaflock/utils/logging.go:128.2,128.15 1 0
leaflock/utils/logging.go:132.37,134.2 1 5
leaflock/utils/logging.go:137.26,138.88 1 6
leaflock/utils/logging.go:138.88,140.3 1 5
leaflock/utils/logging.go:141.2,141.15 1 1
leaflock/utils/logging.go:145.50,147.17 2 4
leaflock/utils/logging.go:147.17,149.3 1 2
leaflock/utils/logging.go:150.2,150.17 1 4
leaflock/utils/logging.go:150.17,152.3 1 2
leaflock/utils/logging.go:153.2,153.43 1 2
leaflock/utils/logging.go:153.43,155.3 1 1
leaflock/utils/logging.go:156.2,156.43 1 1
leaflock/utils/logging.go:160.51,161.32 1 2
leaflock/utils/logging.go:162.24,163.26 1 1
leaflock/utils/logging.go:164.29,165.25 1 0
leaflock/utils/logging.go:166.25,167.25 1 0
leaflock/utils/logging.go:168.22,169.26 1 0
leaflock/utils/logging.go:170.36,171.26 1 0
leaflock/utils/logging.go:172.10,173.26 1 1
leaflock/utils/logging.go:178.44,180.9 2 9
leaflock/utils/logging.go:181.71,182.20 1 1
leaflock/utils/logging.go:183.105,184.20 1 2
leaflock/utils/logging.go:185.108,186.19 1 3
leaflock/utils/logging.go:187.40,188.20 1 1
leaflock/utils/logging.go:189.10,190.19 1 2
leaflock/utils/logging.go:200.62,202.2 1 5
leaflock/utils/logging.go:204.52,205.25 1 1
leaflock/utils/logging.go:205.25,207.3 1 1
leaflock/utils/logging.go:208.2,208.23 1 0
leaflock/utils/logging.go:217.54,219.23 2 2
leaflock/utils/logging.go:219.23,221.3 1 0
leaflock/utils/logging.go:222.2,222.24 1 2
leaflock/utils/logging.go:222.24,224.3 1 1
leaflock/utils/logging.go:225.2,225.27 1 1
leaflock/utils/network.go:16.13,26.30 2 1
leaflock/utils/network.go:26.30,27.55 1 7
leaflock/utils/network.go:27.55,29.4 1 7
leaflock/utils/network.go:34.36,35.31 1 4
leaflock/utils/network.go:35.31,37.3 1 1
leaflock/utils/network.go:38.2,38.66 1 3
leaflock/utils/network.go:38.66,39.39 1 1
leaflock/utils/network.go:39.39,41.4 1 1
leaflock/utils/network.go:43.2,43.60 1 2
leaflock/utils/network.go:43.60,45.54 2 2
leaflock/utils/network.go:45.54,47.52 2 3
leaflock/utils/network.go:47.52,48.13 1 0
leaflock/utils/network.go:50.4,51.21 2 3
leaflock/utils/network.go:51.21,52.13 1 0
leaflock/utils/network.go:54.4,54.26 1 3
leaflock/utils/network.go:54.26,56.5 1 1
leaflock/utils/network.go:57.4,57.22 1 2
leaflock/utils/network.go:57.22,59.5 1 1
leaflock/utils/network.go:61.3,61.21 1 1
leaflock/utils/network.go:61.21,63.4 1 1
leaflock/utils/network.go:65.2,65.67 1 0
leaflock/utils/network.go:65.67,66.43 1 0
leaflock/utils/network.go:66.43,68.4 1 0
leaflock/utils/network.go:70.2,70.85 1 0
leaflock/utils/network.go:70.85,71.51 1 0
leaflock/utils/network.go:71.51,73.4 1 0
leaflock/utils/network.go:75.2,75.15 1 0
leaflock/utils/network.go:79.33,80.56 1 16
leaflock/utils/network.go:80.56,82.3 1 5
leaflock/utils/network.go:83.2,83.40 1 11
leaflock/utils/network.go:83.40,84.25 1 51
leaflock/utils/network.go:84.25,86.4 1 7
leaflock/utils/network.go:88.2,88.13 1 4
leaflock/utils/sanitize.go:10.51,11.18 1 14
leaflock/utils/sanitize.go:11.18,13.3 1 0
leaflock/utils/sanitize.go:15.2,29.12 8 14
leaflock/utils/sanitize.go:33.33,34.14 1 0
leaflock/utils/sanitize.go:34.14,36.3 1 0
leaflock/utils/sanitize.go:39.2,39.31 1 0
leaflock/utils/sanitize.go:39.31,41.22 2 0
leaflock/utils/sanitize.go:41.22,43.4 1 0
leaflock/utils/sanitize.go:46.2,46.26 1 0
leaflock/utils/sanitize.go:50.49,51.21 1 0
leaflock/utils/sanitize.go:51.21,53.3 1 0
leaflock/utils/sanitize.go:56.2,59.11 3 0
leaflock/utils/security_logger.go:16.58,20.2 1 8
leaflock/utils/security_logger.go:23.119,29.35 3 2
leaflock/utils/security_logger.go:29.35,31.3 1 6
leaflock/utils/security_logger.go:33.2,34.48 1 2
leaflock/utils/security_logger.go:38.107,41.34 2 3
leaflock/utils/security_logger.go:41.34,43.3 1 4
leaflock/utils/security_logger.go:45.2,46.32 1 3
leaflock/utils/security_logger.go:50.97,53.34 2 1
leaflock/utils/security_logger.go:53.34,55.3 1 3
leaflock/utils/security_logger.go:57.2,58.39 1 1
leaflock/utils/security_logger.go:62.91,66.2 2 1
leaflock/utils/security_logger.go:69.93,75.2 3 1
leaflock/utils/security_logger.go:79.109,85.2 2 1
leaflock/utils/security_logger.go:88.38,89.20 1 8
leaflock/utils/security_logger.go:89.20,91.3 1 1
leaflock/utils/security_logger.go:92.2,92.44 1 7
leaflock/utils/security_logger.go:96.47,97.24 1 5
leaflock/utils/security_logger.go:97.24,99.3 1 2
leaflock/utils/security_logger.go:100.2,100.45 1 3
leaflock/utils/validation.go:4.41,5.40 1 15
leaflock/utils/validation.go:5.40,7.3 1 5
leaflock/utils/validation.go:8.2,8.25 1 10
leaflock/utils/validation.go:8.25,10.75 2 51
leaflock/utils/validation.go:10.75,12.4 1 4
leaflock/utils/validation.go:14.2,14.13 1 6
