mode: atomic
leaflock/database/database.go:34.57,39.42 2 0
leaflock/database/database.go:39.42,41.17 2 0
leaflock/database/database.go:41.17,43.4 1 0
leaflock/database/database.go:45.3,45.42 1 0
leaflock/database/database.go:45.42,48.64 3 0
leaflock/database/database.go:48.64,50.5 1 0
leaflock/database/database.go:52.4,52.15 1 0
leaflock/database/database.go:52.15,53.70 1 0
leaflock/database/database.go:53.70,55.6 1 0
leaflock/database/database.go:57.9,59.4 1 0
leaflock/database/database.go:60.3,60.22 1 0
leaflock/database/database.go:64.2,68.16 3 0
leaflock/database/database.go:68.16,70.3 1 0
leaflock/database/database.go:73.2,88.16 10 0
leaflock/database/database.go:88.16,90.3 1 0
leaflock/database/database.go:93.2,93.58 1 0
leaflock/database/database.go:93.58,95.3 1 0
leaflock/database/database.go:98.2,98.59 1 0
leaflock/database/database.go:98.59,100.3 1 0
leaflock/database/database.go:102.2,103.18 2 0
leaflock/database/database.go:108.61,115.42 3 0
leaflock/database/database.go:115.42,117.17 2 0
leaflock/database/database.go:117.17,119.4 1 0
leaflock/database/database.go:121.3,121.42 1 0
leaflock/database/database.go:121.42,124.64 3 0
leaflock/database/database.go:124.64,126.5 1 0
leaflock/database/database.go:128.4,128.15 1 0
leaflock/database/database.go:128.15,129.70 1 0
leaflock/database/database.go:129.70,131.6 1 0
leaflock/database/database.go:133.9,135.4 1 0
leaflock/database/database.go:136.3,136.22 1 0
leaflock/database/database.go:140.2,144.16 3 0
leaflock/database/database.go:144.16,146.3 1 0
leaflock/database/database.go:149.2,161.16 9 0
leaflock/database/database.go:161.16,163.3 1 0
leaflock/database/database.go:166.2,166.39 1 0
leaflock/database/database.go:166.39,168.3 1 0
leaflock/database/database.go:170.2,171.18 2 0
leaflock/database/database.go:175.76,179.21 2 0
leaflock/database/database.go:179.21,182.3 2 0
leaflock/database/database.go:184.2,189.16 4 0
leaflock/database/database.go:189.16,191.3 1 0
leaflock/database/database.go:192.2,192.15 1 0
leaflock/database/database.go:192.15,194.3 1 0
leaflock/database/database.go:197.2,197.56 1 0
leaflock/database/database.go:197.56,199.3 1 0
leaflock/database/database.go:202.2,202.80 1 0
leaflock/database/database.go:202.80,204.3 1 0
leaflock/database/database.go:207.2,207.39 1 0
leaflock/database/database.go:207.39,209.3 1 0
leaflock/database/database.go:211.2,212.12 2 0
leaflock/database/database.go:216.83,226.16 2 0
leaflock/database/database.go:226.16,229.3 2 0
leaflock/database/database.go:232.2,234.16 3 0
leaflock/database/database.go:234.16,235.36 1 0
leaflock/database/database.go:235.36,238.4 1 0
leaflock/database/database.go:239.3,240.18 2 0
leaflock/database/database.go:244.2,244.46 1 0
leaflock/database/database.go:244.46,246.3 1 0
leaflock/database/database.go:249.2,255.59 3 0
leaflock/database/database.go:255.59,258.3 1 0
leaflock/database/database.go:260.2,260.29 1 0
leaflock/database/database.go:264.83,267.2 2 0
leaflock/database/database.go:270.69,274.16 3 0
leaflock/database/database.go:274.16,276.3 1 0
leaflock/database/database.go:277.2,277.12 1 0
leaflock/database/database.go:281.61,286.51 3 0
leaflock/database/database.go:286.51,288.3 1 0
leaflock/database/database.go:290.2,291.12 2 0
leaflock/database/database.go:295.55,297.16 2 3
leaflock/database/database.go:297.16,299.3 1 0
leaflock/database/database.go:301.2,304.27 3 3
leaflock/database/database.go:308.46,309.31 1 7
leaflock/database/database.go:309.31,311.3 1 3
leaflock/database/database.go:312.2,312.18 1 4
leaflock/config/config.go:53.27,55.23 2 0
leaflock/config/config.go:55.23,57.3 1 0
leaflock/config/config.go:58.2,59.72 2 0
leaflock/config/config.go:59.72,61.3 1 0
leaflock/config/config.go:62.2,62.23 1 0
leaflock/config/config.go:62.23,64.3 1 0
leaflock/config/config.go:65.2,65.36 1 0
leaflock/config/config.go:65.36,66.24 1 0
leaflock/config/config.go:66.24,68.4 1 0
leaflock/config/config.go:69.3,69.20 1 0
leaflock/config/config.go:73.2,74.21 2 0
leaflock/config/config.go:74.21,76.3 1 0
leaflock/config/config.go:77.2,77.25 1 0
leaflock/config/config.go:77.25,79.3 1 0
leaflock/config/config.go:81.2,83.35 3 0
leaflock/config/config.go:83.35,84.78 1 0
leaflock/config/config.go:84.78,86.4 1 0
leaflock/config/config.go:89.2,90.18 2 0
leaflock/config/config.go:90.18,92.3 1 0
leaflock/config/config.go:93.2,93.22 1 0
leaflock/config/config.go:93.22,95.3 1 0
leaflock/config/config.go:97.2,98.35 2 0
leaflock/config/config.go:98.35,99.75 1 0
leaflock/config/config.go:99.75,101.4 1 0
leaflock/config/config.go:104.2,105.17 2 0
leaflock/config/config.go:105.17,107.54 1 0
leaflock/config/config.go:107.54,109.4 1 0
leaflock/config/config.go:109.9,112.4 1 0
leaflock/config/config.go:116.2,117.48 2 0
leaflock/config/config.go:117.48,119.30 1 0
leaflock/config/config.go:119.30,121.4 1 0
leaflock/config/config.go:122.3,124.43 3 0
leaflock/config/config.go:124.43,125.102 1 0
leaflock/config/config.go:125.102,127.5 1 0
leaflock/config/config.go:132.2,133.25 2 0
leaflock/config/config.go:133.25,134.29 1 0
leaflock/config/config.go:134.29,136.4 1 0
leaflock/config/config.go:137.3,139.43 3 0
leaflock/config/config.go:139.43,140.102 1 0
leaflock/config/config.go:140.102,142.5 1 0
leaflock/config/config.go:147.2,147.123 1 0
leaflock/config/config.go:147.123,149.3 1 0
leaflock/config/config.go:151.2,158.35 1 0
leaflock/config/config.go:158.35,162.36 2 0
leaflock/config/config.go:162.36,165.5 2 0
leaflock/config/config.go:168.4,170.27 2 0
leaflock/config/config.go:170.27,172.5 1 0
leaflock/config/config.go:174.4,175.18 2 0
leaflock/config/config.go:203.45,204.32 1 0
leaflock/config/config.go:205.18,206.16 1 0
leaflock/config/config.go:207.24,208.17 1 0
leaflock/config/config.go:209.25,210.16 1 0
leaflock/config/config.go:211.22,212.17 1 0
leaflock/config/config.go:213.36,214.17 1 0
leaflock/config/config.go:215.10,216.32 1 0
leaflock/config/config.go:220.45,221.15 1 0
leaflock/config/config.go:222.49,223.14 1 0
leaflock/config/config.go:224.10,225.15 1 0
leaflock/config/config.go:230.55,231.42 1 3
leaflock/config/config.go:231.42,233.3 1 1
leaflock/config/config.go:234.2,234.21 1 2
leaflock/config/config.go:238.55,239.61 1 8
leaflock/config/config.go:239.61,241.56 2 7
leaflock/config/config.go:241.56,243.4 1 3
leaflock/config/config.go:244.3,244.56 1 4
leaflock/config/config.go:244.56,246.4 1 3
leaflock/config/config.go:248.2,248.21 1 2
leaflock/config/config.go:252.70,253.61 1 4
leaflock/config/config.go:253.61,256.30 3 3
leaflock/config/config.go:256.30,257.57 1 7
leaflock/config/config.go:257.57,259.5 1 7
leaflock/config/config.go:261.3,261.16 1 3
leaflock/config/config.go:263.2,263.21 1 1
leaflock/config/config.go:267.52,268.61 1 4
leaflock/config/config.go:268.61,269.55 1 3
leaflock/config/config.go:269.55,271.4 1 2
leaflock/config/config.go:273.2,273.21 1 2
leaflock/config/config.go:277.47,279.19 2 5
leaflock/config/config.go:279.19,281.3 1 1
leaflock/config/config.go:282.2,282.39 1 4
leaflock/config/config.go:282.39,284.3 1 2
leaflock/config/config.go:285.2,286.16 2 2
leaflock/config/config.go:286.16,289.3 2 0
leaflock/config/config.go:290.2,290.18 1 2
leaflock/config/config.go:290.18,292.3 1 2
leaflock/config/config.go:293.2,293.16 1 0
leaflock/config/config.go:298.61,299.20 1 4
leaflock/config/config.go:299.20,301.3 1 1
leaflock/config/config.go:302.2,303.56 2 3
leaflock/config/config.go:303.56,305.3 1 1
leaflock/config/config.go:306.2,307.16 2 2
leaflock/config/config.go:307.16,309.3 1 0
leaflock/config/config.go:310.2,310.19 1 2
leaflock/config/config.go:310.19,311.50 1 1
leaflock/config/config.go:311.50,313.4 1 1
leaflock/config/config.go:315.2,315.17 1 1
leaflock/config/config.go:320.39,322.16 2 2
leaflock/config/config.go:322.16,324.3 1 1
leaflock/config/config.go:325.2,326.16 2 2
leaflock/config/config.go:326.16,328.3 1 1
leaflock/config/config.go:329.2,330.16 2 2
leaflock/config/config.go:330.16,332.3 1 1
leaflock/config/config.go:333.2,333.16 1 2
leaflock/config/config.go:333.16,335.3 1 1
leaflock/config/config.go:336.2,337.14 2 2
leaflock/config/config.go:337.14,339.3 1 1
leaflock/config/config.go:340.2,340.42 1 2
leaflock/config/config.go:340.42,342.3 1 1
leaflock/config/config.go:343.2,344.16 2 1
leaflock/config/config.go:344.16,346.3 1 0
leaflock/config/config.go:347.2,347.16 1 1
leaflock/config/config.go:347.16,349.3 1 0
leaflock/config/config.go:350.2,351.19 2 1
leaflock/config/config.go:351.19,353.3 1 1
leaflock/config/config.go:354.2,354.19 1 1
leaflock/config/config.go:354.19,356.3 1 1
leaflock/config/config.go:357.2,366.19 5 1
leaflock/middleware/rate_limit.go:32.61,40.43 2 7
leaflock/middleware/rate_limit.go:40.43,42.4 1 24
leaflock/middleware/rate_limit.go:44.42,48.4 1 2
leaflock/middleware/rate_limit.go:51.2,54.43 1 7
leaflock/middleware/rate_limit.go:54.43,56.4 1 6
leaflock/middleware/rate_limit.go:58.42,62.4 1 1
leaflock/middleware/rate_limit.go:65.2,68.43 1 7
leaflock/middleware/rate_limit.go:68.43,70.4 1 0
leaflock/middleware/rate_limit.go:72.42,76.4 1 0
leaflock/middleware/rate_limit.go:79.2,82.43 1 7
leaflock/middleware/rate_limit.go:82.43,84.4 1 0
leaflock/middleware/rate_limit.go:86.42,90.4 1 0
leaflock/middleware/rate_limit.go:94.2,97.43 1 7
leaflock/middleware/rate_limit.go:97.43,99.4 1 21
leaflock/middleware/rate_limit.go:101.42,105.4 1 1
leaflock/middleware/rate_limit.go:108.2,111.43 1 7
leaflock/middleware/rate_limit.go:111.43,113.4 1 0
leaflock/middleware/rate_limit.go:115.42,119.4 1 0
leaflock/middleware/rate_limit.go:123.2,126.43 1 7
leaflock/middleware/rate_limit.go:126.43,128.4 1 31
leaflock/middleware/rate_limit.go:130.42,134.4 1 1
leaflock/middleware/rate_limit.go:137.2,140.43 1 7
leaflock/middleware/rate_limit.go:140.43,142.4 1 0
leaflock/middleware/rate_limit.go:144.42,148.4 1 0
leaflock/middleware/rate_limit.go:151.2,154.43 1 7
leaflock/middleware/rate_limit.go:154.43,156.4 1 0
leaflock/middleware/rate_limit.go:158.42,162.4 1 0
leaflock/middleware/rate_limit.go:165.2,168.43 1 7
leaflock/middleware/rate_limit.go:168.43,170.4 1 0
leaflock/middleware/rate_limit.go:172.42,176.4 1 0
leaflock/middleware/rate_limit.go:180.2,183.43 1 7
leaflock/middleware/rate_limit.go:183.43,185.4 1 101
leaflock/middleware/rate_limit.go:187.42,191.4 1 1
leaflock/middleware/rate_limit.go:194.2,197.43 1 7
leaflock/middleware/rate_limit.go:197.43,199.4 1 0
leaflock/middleware/rate_limit.go:201.42,205.4 1 0
leaflock/middleware/rate_limit.go:209.2,212.43 1 7
leaflock/middleware/rate_limit.go:212.43,214.4 1 0
leaflock/middleware/rate_limit.go:216.42,220.4 1 0
leaflock/middleware/rate_limit.go:223.2,237.3 1 7
leaflock/middleware/share_link.go:18.114,21.34 2 0
leaflock/middleware/share_link.go:21.34,23.18 2 0
leaflock/middleware/share_link.go:23.18,27.4 1 0
leaflock/middleware/share_link.go:29.3,33.17 3 0
leaflock/middleware/share_link.go:33.17,35.4 1 0
leaflock/middleware/share_link.go:38.3,46.24 8 0
leaflock/middleware/share_link.go:46.24,50.38 3 0
leaflock/middleware/share_link.go:50.38,52.5 1 0
leaflock/middleware/share_link.go:53.4,53.30 1 0
leaflock/middleware/share_link.go:53.30,55.5 1 0
leaflock/middleware/share_link.go:56.4,64.18 3 0
leaflock/middleware/share_link.go:64.18,68.5 1 0
leaflock/middleware/share_link.go:69.9,77.18 2 0
leaflock/middleware/share_link.go:77.18,81.5 1 0
leaflock/middleware/share_link.go:84.4,90.24 2 0
leaflock/middleware/share_link.go:90.24,92.5 1 0
leaflock/middleware/share_link.go:93.4,93.22 1 0
leaflock/middleware/share_link.go:93.22,95.5 1 0
leaflock/middleware/share_link.go:97.4,97.62 1 0
leaflock/middleware/share_link.go:101.3,101.16 1 0
leaflock/middleware/share_link.go:101.16,105.4 1 0
leaflock/middleware/share_link.go:108.3,108.55 1 0
leaflock/middleware/share_link.go:108.55,112.4 1 0
leaflock/middleware/share_link.go:115.3,115.45 1 0
leaflock/middleware/share_link.go:115.45,119.4 1 0
leaflock/middleware/share_link.go:122.3,122.26 1 0
leaflock/middleware/share_link.go:122.26,125.28 2 0
leaflock/middleware/share_link.go:125.28,129.47 2 0
leaflock/middleware/share_link.go:129.47,131.6 1 0
leaflock/middleware/share_link.go:133.4,133.22 1 0
leaflock/middleware/share_link.go:133.22,135.5 1 0
leaflock/middleware/share_link.go:137.4,137.22 1 0
leaflock/middleware/share_link.go:137.22,142.5 1 0
leaflock/middleware/share_link.go:145.4,145.58 1 0
leaflock/middleware/share_link.go:145.58,149.5 1 0
leaflock/middleware/share_link.go:153.3,161.17 2 0
leaflock/middleware/share_link.go:161.17,163.4 1 0
leaflock/middleware/share_link.go:166.3,166.23 1 0
leaflock/middleware/share_link.go:166.23,168.4 1 0
leaflock/middleware/share_link.go:171.3,176.18 5 0
leaflock/middleware/share_link.go:181.70,184.16 3 0
leaflock/middleware/share_link.go:184.16,186.3 1 0
leaflock/middleware/share_link.go:187.2,187.18 1 0
leaflock/server/adapter.go:19.66,25.2 1 3
leaflock/server/adapter.go:29.52,31.2 1 2
leaflock/server/adapter.go:35.63,37.36 1 2
leaflock/server/adapter.go:37.36,38.32 1 1
leaflock/server/adapter.go:38.32,40.4 1 1
leaflock/server/adapter.go:44.2,44.21 1 2
leaflock/server/adapter.go:44.21,46.3 1 1
leaflock/server/adapter.go:48.2,48.26 1 2
leaflock/server/adapter.go:53.59,55.2 1 1
leaflock/server/app.go:17.77,33.53 1 1
leaflock/server/app.go:33.53,37.39 3 0
leaflock/server/app.go:37.39,40.5 2 0
leaflock/server/app.go:40.10,40.25 1 0
leaflock/server/app.go:40.25,43.5 1 0
leaflock/server/app.go:43.10,50.5 1 0
leaflock/server/app.go:52.4,52.59 1 0
leaflock/server/app.go:57.2,59.56 1 1
leaflock/server/app.go:59.56,66.4 1 0
leaflock/server/app.go:70.2,70.35 1 1
leaflock/server/app.go:70.35,75.3 4 2
leaflock/server/app.go:78.2,86.33 2 1
leaflock/server/app.go:86.33,89.4 1 2
leaflock/server/app.go:93.2,96.51 2 1
leaflock/server/app.go:96.51,102.3 1 1
leaflock/server/app.go:105.2,105.52 1 1
leaflock/server/app.go:105.52,115.32 4 1
leaflock/server/app.go:115.32,118.106 2 0
leaflock/server/app.go:118.106,122.5 3 0
leaflock/server/app.go:125.4,125.64 1 0
leaflock/server/app.go:125.64,129.5 3 0
leaflock/server/app.go:131.4,132.25 2 0
leaflock/server/app.go:133.9,141.4 6 1
leaflock/server/app.go:144.2,144.12 1 1
leaflock/server/health.go:30.111,37.2 1 4
leaflock/server/health.go:40.39,42.2 1 2
leaflock/server/health.go:45.43,47.2 1 2
leaflock/server/health.go:50.43,52.2 1 2
leaflock/server/health.go:55.39,57.2 1 2
leaflock/server/health.go:60.42,65.2 1 7
leaflock/server/health.go:68.44,70.2 1 0
leaflock/server/health.go:73.47,75.2 1 1
leaflock/server/health.go:78.49,80.2 1 2
leaflock/server/health.go:83.48,85.2 1 2
leaflock/server/health.go:88.42,90.2 1 3
leaflock/server/health.go:93.46,95.2 1 3
leaflock/server/health.go:98.46,100.2 1 3
leaflock/server/health.go:103.42,105.2 1 3
leaflock/server/listener.go:16.88,22.67 4 1
leaflock/server/listener.go:22.67,23.25 1 1
leaflock/server/listener.go:23.25,25.5 1 0
leaflock/server/listener.go:27.4,28.48 2 1
leaflock/server/listener.go:28.48,30.5 1 1
leaflock/server/listener.go:30.26,32.5 1 0
leaflock/server/listener.go:33.4,33.18 1 1
leaflock/server/listener.go:37.2,38.16 2 1
leaflock/server/listener.go:38.16,42.3 3 1
leaflock/server/listener.go:44.2,52.16 7 0
leaflock/server/listener.go:52.16,56.3 3 0
leaflock/server/listener.go:58.2,59.26 2 0
leaflock/handlers/account.go:27.140,34.2 1 0
leaflock/handlers/account.go:66.60,70.9 3 0
leaflock/handlers/account.go:70.9,72.3 1 0
leaflock/handlers/account.go:74.2,75.43 2 0
leaflock/handlers/account.go:75.43,77.3 1 0
leaflock/handlers/account.go:79.2,79.24 1 0
leaflock/handlers/account.go:79.24,81.3 1 0
leaflock/handlers/account.go:83.2,92.16 5 0
leaflock/handlers/account.go:92.16,95.3 2 0
leaflock/handlers/account.go:97.2,97.56 1 0
leaflock/handlers/account.go:97.56,100.3 2 0
leaflock/handlers/account.go:103.2,104.16 2 0
leaflock/handlers/account.go:104.16,107.3 2 0
leaflock/handlers/account.go:108.2,108.15 1 0
leaflock/handlers/account.go:108.15,110.3 1 0
leaflock/handlers/account.go:112.2,127.41 2 0
leaflock/handlers/account.go:127.41,128.67 1 0
leaflock/handlers/account.go:128.67,130.4 1 0
leaflock/handlers/account.go:134.2,140.16 2 0
leaflock/handlers/account.go:140.16,142.3 1 0
leaflock/handlers/account.go:145.2,146.16 2 0
leaflock/handlers/account.go:146.16,148.3 1 0
leaflock/handlers/account.go:153.2,154.16 2 0
leaflock/handlers/account.go:154.16,156.3 1 0
leaflock/handlers/account.go:159.2,160.16 2 0
leaflock/handlers/account.go:160.16,163.3 2 0
leaflock/handlers/account.go:166.2,166.38 1 0
leaflock/handlers/account.go:166.38,169.3 2 0
leaflock/handlers/account.go:172.2,174.21 3 0
leaflock/handlers/account.go:174.21,178.17 3 0
leaflock/handlers/account.go:178.17,179.12 1 0
leaflock/handlers/account.go:182.3,183.17 2 0
leaflock/handlers/account.go:183.17,184.12 1 0
leaflock/handlers/account.go:187.3,188.69 2 0
leaflock/handlers/account.go:188.69,189.12 1 0
leaflock/handlers/account.go:192.3,192.99 1 0
leaflock/handlers/account.go:192.99,194.4 1 0
leaflock/handlers/account.go:198.2,205.4 3 0
leaflock/handlers/account.go:218.57,222.9 3 0
leaflock/handlers/account.go:222.9,224.3 1 0
leaflock/handlers/account.go:226.2,237.16 4 0
leaflock/handlers/account.go:237.16,240.3 2 0
leaflock/handlers/account.go:241.2,243.23 2 0
leaflock/handlers/account.go:243.23,249.104 5 0
leaflock/handlers/account.go:249.104,250.12 1 0
leaflock/handlers/account.go:253.3,260.22 2 0
leaflock/handlers/account.go:260.22,262.4 1 0
leaflock/handlers/account.go:263.3,263.30 1 0
leaflock/handlers/account.go:267.2,273.16 3 0
leaflock/handlers/account.go:273.16,275.3 1 0
leaflock/handlers/account.go:275.8,277.23 2 0
leaflock/handlers/account.go:277.23,283.75 5 0
leaflock/handlers/account.go:283.75,284.13 1 0
leaflock/handlers/account.go:287.4,292.6 1 0
leaflock/handlers/account.go:297.2,303.16 3 0
leaflock/handlers/account.go:303.16,305.3 1 0
leaflock/handlers/account.go:305.8,307.26 2 0
leaflock/handlers/account.go:307.26,313.81 5 0
leaflock/handlers/account.go:313.81,314.13 1 0
leaflock/handlers/account.go:317.4,322.23 2 0
leaflock/handlers/account.go:322.23,324.5 1 0
leaflock/handlers/account.go:325.4,325.37 1 0
leaflock/handlers/account.go:330.2,336.16 3 0
leaflock/handlers/account.go:336.16,338.3 1 0
leaflock/handlers/account.go:338.8,340.28 2 0
leaflock/handlers/account.go:340.28,345.85 4 0
leaflock/handlers/account.go:345.85,346.13 1 0
leaflock/handlers/account.go:349.4,354.6 1 0
leaflock/handlers/account.go:359.2,367.16 6 0
leaflock/handlers/account.go:367.16,371.3 3 0
leaflock/handlers/account.go:374.2,387.25 3 0
leaflock/handlers/account.go:390.139,392.16 2 0
leaflock/handlers/account.go:392.16,395.3 2 0
leaflock/handlers/account.go:396.2,397.16 2 0
leaflock/handlers/account.go:397.16,400.3 2 0
leaflock/handlers/account.go:402.2,406.16 1 0
leaflock/handlers/account.go:406.16,408.3 1 0
leaflock/handlers/announcements.go:58.70,60.2 1 0
leaflock/handlers/announcements.go:71.69,83.21 7 0
leaflock/handlers/announcements.go:83.21,96.3 1 0
leaflock/handlers/announcements.go:96.8,109.3 1 0
leaflock/handlers/announcements.go:111.2,112.16 2 0
leaflock/handlers/announcements.go:112.16,116.3 1 0
leaflock/handlers/announcements.go:117.2,120.18 3 0
leaflock/handlers/announcements.go:120.18,128.17 3 0
leaflock/handlers/announcements.go:128.17,129.12 1 0
leaflock/handlers/announcements.go:133.3,133.25 1 0
leaflock/handlers/announcements.go:133.25,134.62 1 0
leaflock/handlers/announcements.go:134.62,136.5 1 0
leaflock/handlers/announcements.go:137.9,139.4 1 0
leaflock/handlers/announcements.go:141.3,141.43 1 0
leaflock/handlers/announcements.go:144.2,144.30 1 0
leaflock/handlers/announcements.go:161.71,166.43 4 0
leaflock/handlers/announcements.go:166.43,170.3 1 0
leaflock/handlers/announcements.go:173.2,173.62 1 0
leaflock/handlers/announcements.go:173.62,177.3 1 0
leaflock/handlers/announcements.go:179.2,191.16 4 0
leaflock/handlers/announcements.go:191.16,195.3 1 0
leaflock/handlers/announcements.go:197.2,200.4 1 0
leaflock/handlers/announcements.go:219.71,224.54 4 0
leaflock/handlers/announcements.go:224.54,228.3 1 0
leaflock/handlers/announcements.go:230.2,231.43 2 0
leaflock/handlers/announcements.go:231.43,235.3 1 0
leaflock/handlers/announcements.go:238.2,242.22 4 0
leaflock/handlers/announcements.go:242.22,246.3 3 0
leaflock/handlers/announcements.go:247.2,247.24 1 0
leaflock/handlers/announcements.go:247.24,251.3 3 0
leaflock/handlers/announcements.go:252.2,252.27 1 0
leaflock/handlers/announcements.go:252.27,253.65 1 0
leaflock/handlers/announcements.go:253.65,257.4 1 0
leaflock/handlers/announcements.go:258.3,260.11 3 0
leaflock/handlers/announcements.go:262.2,262.22 1 0
leaflock/handlers/announcements.go:262.22,266.3 3 0
leaflock/handlers/announcements.go:267.2,267.23 1 0
leaflock/handlers/announcements.go:267.23,271.3 3 0
leaflock/handlers/announcements.go:272.2,272.28 1 0
leaflock/handlers/announcements.go:272.28,276.3 3 0
leaflock/handlers/announcements.go:277.2,277.25 1 0
leaflock/handlers/announcements.go:277.25,281.3 3 0
leaflock/handlers/announcements.go:282.2,282.26 1 0
leaflock/handlers/announcements.go:282.26,286.3 3 0
leaflock/handlers/announcements.go:287.2,287.24 1 0
leaflock/handlers/announcements.go:287.24,291.3 3 0
leaflock/handlers/announcements.go:293.2,297.16 4 0
leaflock/handlers/announcements.go:297.16,301.3 1 0
leaflock/handlers/announcements.go:303.2,303.32 1 0
leaflock/handlers/announcements.go:303.32,307.3 1 0
leaflock/handlers/announcements.go:309.2,311.4 1 0
leaflock/handlers/announcements.go:329.71,334.54 4 0
leaflock/handlers/announcements.go:334.54,338.3 1 0
leaflock/handlers/announcements.go:340.2,344.16 2 0
leaflock/handlers/announcements.go:344.16,348.3 1 0
leaflock/handlers/announcements.go:350.2,350.32 1 0
leaflock/handlers/announcements.go:350.32,354.3 1 0
leaflock/handlers/announcements.go:356.2,358.4 1 0
leaflock/handlers/announcements.go:373.72,384.16 4 0
leaflock/handlers/announcements.go:384.16,388.3 1 0
leaflock/handlers/announcements.go:389.2,392.18 3 0
leaflock/handlers/announcements.go:392.18,400.17 3 0
leaflock/handlers/announcements.go:400.17,401.12 1 0
leaflock/handlers/announcements.go:405.3,405.25 1 0
leaflock/handlers/announcements.go:405.25,406.62 1 0
leaflock/handlers/announcements.go:406.62,408.5 1 0
leaflock/handlers/announcements.go:409.9,411.4 1 0
leaflock/handlers/announcements.go:413.3,413.43 1 0
leaflock/handlers/announcements.go:416.2,416.30 1 0
leaflock/handlers/attachments.go:24.107,26.2 1 3
leaflock/handlers/attachments.go:45.67,51.16 4 0
leaflock/handlers/attachments.go:51.16,53.3 1 0
leaflock/handlers/attachments.go:56.2,60.31 3 0
leaflock/handlers/attachments.go:60.31,62.3 1 0
leaflock/handlers/attachments.go:65.2,66.16 2 0
leaflock/handlers/attachments.go:66.16,68.3 1 0
leaflock/handlers/attachments.go:71.2,72.29 2 0
leaflock/handlers/attachments.go:72.29,74.3 1 0
leaflock/handlers/attachments.go:77.2,87.93 2 0
leaflock/handlers/attachments.go:87.93,89.3 1 0
leaflock/handlers/attachments.go:92.2,93.16 2 0
leaflock/handlers/attachments.go:93.16,95.3 1 0
leaflock/handlers/attachments.go:96.2,96.15 1 0
leaflock/handlers/attachments.go:96.15,98.3 1 0
leaflock/handlers/attachments.go:100.2,101.16 2 0
leaflock/handlers/attachments.go:101.16,103.3 1 0
leaflock/handlers/attachments.go:106.2,110.16 3 0
leaflock/handlers/attachments.go:110.16,112.3 1 0
leaflock/handlers/attachments.go:114.2,115.16 2 0
leaflock/handlers/attachments.go:115.16,117.3 1 0
leaflock/handlers/attachments.go:120.2,122.20 3 0
leaflock/handlers/attachments.go:122.20,124.3 1 0
leaflock/handlers/attachments.go:126.2,131.16 2 0
leaflock/handlers/attachments.go:131.16,133.3 1 0
leaflock/handlers/attachments.go:135.2,143.4 1 0
leaflock/handlers/attachments.go:147.65,152.16 4 1
leaflock/handlers/attachments.go:152.16,154.3 1 0
leaflock/handlers/attachments.go:157.2,161.31 3 1
leaflock/handlers/attachments.go:161.31,163.3 1 0
leaflock/handlers/attachments.go:165.2,170.16 2 1
leaflock/handlers/attachments.go:170.16,172.3 1 0
leaflock/handlers/attachments.go:173.2,176.18 3 1
leaflock/handlers/attachments.go:176.18,184.17 7 0
leaflock/handlers/attachments.go:184.17,185.12 1 0
leaflock/handlers/attachments.go:189.3,190.17 2 0
leaflock/handlers/attachments.go:190.17,191.12 1 0
leaflock/handlers/attachments.go:194.3,202.5 1 0
leaflock/handlers/attachments.go:205.2,205.28 1 1
leaflock/handlers/attachments.go:209.69,215.16 5 0
leaflock/handlers/attachments.go:215.16,217.3 1 0
leaflock/handlers/attachments.go:219.2,220.16 2 0
leaflock/handlers/attachments.go:220.16,222.3 1 0
leaflock/handlers/attachments.go:225.2,234.16 4 0
leaflock/handlers/attachments.go:234.16,235.27 1 0
leaflock/handlers/attachments.go:235.27,237.4 1 0
leaflock/handlers/attachments.go:238.3,238.78 1 0
leaflock/handlers/attachments.go:242.2,243.16 2 0
leaflock/handlers/attachments.go:243.16,245.3 1 0
leaflock/handlers/attachments.go:247.2,248.16 2 0
leaflock/handlers/attachments.go:248.16,250.3 1 0
leaflock/handlers/attachments.go:252.2,259.24 5 0
leaflock/handlers/attachments.go:263.67,269.16 5 0
leaflock/handlers/attachments.go:269.16,271.3 1 0
leaflock/handlers/attachments.go:273.2,274.16 2 0
leaflock/handlers/attachments.go:274.16,276.3 1 0
leaflock/handlers/attachments.go:279.2,285.16 2 0
leaflock/handlers/attachments.go:285.16,287.3 1 0
leaflock/handlers/attachments.go:289.2,289.32 1 0
leaflock/handlers/attachments.go:289.32,291.3 1 0
leaflock/handlers/attachments.go:293.2,293.72 1 0
leaflock/handlers/collaboration.go:27.111,29.2 1 3
leaflock/handlers/collaboration.go:59.62,62.16 3 0
leaflock/handlers/collaboration.go:62.16,64.3 1 0
leaflock/handlers/collaboration.go:66.2,69.43 3 0
leaflock/handlers/collaboration.go:69.43,71.3 1 0
leaflock/handlers/collaboration.go:74.2,75.44 2 0
leaflock/handlers/collaboration.go:75.44,77.3 1 0
leaflock/handlers/collaboration.go:80.2,81.39 2 0
leaflock/handlers/collaboration.go:81.39,83.3 1 0
leaflock/handlers/collaboration.go:86.2,88.46 3 0
leaflock/handlers/collaboration.go:88.46,90.3 1 0
leaflock/handlers/collaboration.go:93.2,101.31 3 0
leaflock/handlers/collaboration.go:101.31,103.3 1 0
leaflock/handlers/collaboration.go:106.2,108.16 3 0
leaflock/handlers/collaboration.go:108.16,111.3 2 0
leaflock/handlers/collaboration.go:114.2,119.16 3 0
leaflock/handlers/collaboration.go:119.16,121.3 1 0
leaflock/handlers/collaboration.go:124.2,125.46 2 0
leaflock/handlers/collaboration.go:125.46,128.3 2 0
leaflock/handlers/collaboration.go:132.2,133.16 2 0
leaflock/handlers/collaboration.go:133.16,136.3 2 0
leaflock/handlers/collaboration.go:139.2,145.16 3 0
leaflock/handlers/collaboration.go:145.16,148.3 2 0
leaflock/handlers/collaboration.go:151.2,160.4 2 0
leaflock/handlers/collaboration.go:174.69,177.16 3 0
leaflock/handlers/collaboration.go:177.16,179.3 1 0
leaflock/handlers/collaboration.go:181.2,195.30 4 0
leaflock/handlers/collaboration.go:195.30,197.3 1 0
leaflock/handlers/collaboration.go:200.2,207.16 2 0
leaflock/handlers/collaboration.go:207.16,209.3 1 0
leaflock/handlers/collaboration.go:210.2,213.18 3 0
leaflock/handlers/collaboration.go:213.18,218.125 4 0
leaflock/handlers/collaboration.go:218.125,219.12 1 0
leaflock/handlers/collaboration.go:222.3,227.48 5 0
leaflock/handlers/collaboration.go:230.2,230.58 1 0
leaflock/handlers/collaboration.go:233.71,236.16 3 0
leaflock/handlers/collaboration.go:236.16,238.3 1 0
leaflock/handlers/collaboration.go:240.2,241.16 2 0
leaflock/handlers/collaboration.go:241.16,243.3 1 0
leaflock/handlers/collaboration.go:245.2,256.31 4 0
leaflock/handlers/collaboration.go:256.31,258.3 1 0
leaflock/handlers/collaboration.go:261.2,265.16 2 0
leaflock/handlers/collaboration.go:265.16,267.3 1 0
leaflock/handlers/collaboration.go:269.2,269.32 1 0
leaflock/handlers/collaboration.go:269.32,271.3 1 0
leaflock/handlers/collaboration.go:274.2,279.74 2 0
leaflock/handlers/collaboration.go:282.67,297.16 4 1
leaflock/handlers/collaboration.go:297.16,299.3 1 0
leaflock/handlers/collaboration.go:300.2,303.18 3 1
leaflock/handlers/collaboration.go:303.18,309.114 5 0
leaflock/handlers/collaboration.go:309.114,310.12 1 0
leaflock/handlers/collaboration.go:313.3,322.5 1 0
leaflock/handlers/collaboration.go:325.2,325.42 1 1
leaflock/handlers/collaboration.go:328.94,332.16 3 0
leaflock/handlers/collaboration.go:332.16,334.3 1 0
leaflock/handlers/collaboration.go:336.2,340.16 1 0
leaflock/handlers/collaboration.go:340.16,342.3 1 0
leaflock/handlers/folders.go:22.99,24.2 1 3
leaflock/handlers/folders.go:44.57,54.16 4 0
leaflock/handlers/folders.go:54.16,56.3 1 0
leaflock/handlers/folders.go:57.2,60.18 3 0
leaflock/handlers/folders.go:60.18,69.17 8 0
leaflock/handlers/folders.go:69.17,70.12 1 0
leaflock/handlers/folders.go:73.3,74.17 2 0
leaflock/handlers/folders.go:74.17,75.12 1 0
leaflock/handlers/folders.go:78.3,79.22 2 0
leaflock/handlers/folders.go:79.22,82.4 2 0
leaflock/handlers/folders.go:84.3,92.5 1 0
leaflock/handlers/folders.go:95.2,95.46 1 0
leaflock/handlers/folders.go:98.59,102.43 3 1
leaflock/handlers/folders.go:102.43,104.3 1 0
leaflock/handlers/folders.go:106.2,106.58 1 1
leaflock/handlers/folders.go:106.58,108.3 1 0
leaflock/handlers/folders.go:108.8,108.28 1 1
leaflock/handlers/folders.go:108.28,110.3 1 0
leaflock/handlers/folders.go:112.2,113.16 2 1
leaflock/handlers/folders.go:113.16,115.3 1 0
leaflock/handlers/folders.go:117.2,119.48 3 1
leaflock/handlers/folders.go:119.48,121.17 2 0
leaflock/handlers/folders.go:121.17,123.4 1 0
leaflock/handlers/folders.go:124.3,128.17 4 0
leaflock/handlers/folders.go:128.17,130.4 1 0
leaflock/handlers/folders.go:133.2,140.16 3 1
leaflock/handlers/folders.go:140.16,142.3 1 0
leaflock/handlers/folders.go:144.2,149.4 1 1
leaflock/handlers/folders.go:152.59,155.16 3 0
leaflock/handlers/folders.go:155.16,157.3 1 0
leaflock/handlers/folders.go:159.2,169.16 3 0
leaflock/handlers/folders.go:169.16,171.3 1 0
leaflock/handlers/folders.go:173.2,178.16 2 0
leaflock/handlers/folders.go:178.16,180.3 1 0
leaflock/handlers/folders.go:182.2,182.68 1 0
leaflock/handlers/folders.go:185.63,188.16 3 0
leaflock/handlers/folders.go:188.16,190.3 1 0
leaflock/handlers/folders.go:192.2,193.43 2 0
leaflock/handlers/folders.go:193.43,195.3 1 0
leaflock/handlers/folders.go:197.2,200.48 3 0
leaflock/handlers/folders.go:200.48,202.17 2 0
leaflock/handlers/folders.go:202.17,204.4 1 0
leaflock/handlers/folders.go:205.3,209.17 4 0
leaflock/handlers/folders.go:209.17,211.4 1 0
leaflock/handlers/folders.go:214.2,223.16 2 0
leaflock/handlers/folders.go:223.16,225.3 1 0
leaflock/handlers/folders.go:227.2,227.64 1 0
leaflock/handlers/import_export.go:26.109,28.2 1 3
leaflock/handlers/import_export.go:46.96,56.16 4 0
leaflock/handlers/import_export.go:56.16,58.3 1 0
leaflock/handlers/import_export.go:60.2,60.48 1 0
leaflock/handlers/import_export.go:60.48,63.3 1 0
leaflock/handlers/import_export.go:65.2,65.12 1 0
leaflock/handlers/import_export.go:68.97,78.2 3 0
leaflock/handlers/import_export.go:80.56,82.29 1 0
leaflock/handlers/import_export.go:82.29,84.3 1 0
leaflock/handlers/import_export.go:87.2,96.44 3 0
leaflock/handlers/import_export.go:96.44,97.46 1 0
leaflock/handlers/import_export.go:97.46,99.4 1 0
leaflock/handlers/import_export.go:103.2,103.16 1 0
leaflock/handlers/import_export.go:104.14,106.57 1 0
leaflock/handlers/import_export.go:106.57,108.4 1 0
leaflock/handlers/import_export.go:109.14,112.62 2 0
leaflock/handlers/import_export.go:112.62,114.4 1 0
leaflock/handlers/import_export.go:117.2,117.12 1 0
leaflock/handlers/import_export.go:129.66,140.16 5 1
leaflock/handlers/import_export.go:140.16,143.3 2 0
leaflock/handlers/import_export.go:145.2,150.4 1 1
leaflock/handlers/import_export.go:165.62,170.43 4 0
leaflock/handlers/import_export.go:170.43,172.3 1 0
leaflock/handlers/import_export.go:175.2,175.69 1 0
leaflock/handlers/import_export.go:175.69,177.3 1 0
leaflock/handlers/import_export.go:180.2,181.65 2 0
leaflock/handlers/import_export.go:181.65,183.3 1 0
leaflock/handlers/import_export.go:186.2,187.17 2 0
leaflock/handlers/import_export.go:187.17,189.3 1 0
leaflock/handlers/import_export.go:190.2,190.17 1 0
leaflock/handlers/import_export.go:190.17,192.3 1 0
leaflock/handlers/import_export.go:193.2,193.17 1 0
leaflock/handlers/import_export.go:193.17,195.3 1 0
leaflock/handlers/import_export.go:198.2,199.16 2 0
leaflock/handlers/import_export.go:199.16,201.3 1 0
leaflock/handlers/import_export.go:204.2,206.16 3 0
leaflock/handlers/import_export.go:206.16,209.3 2 0
leaflock/handlers/import_export.go:212.2,213.16 2 0
leaflock/handlers/import_export.go:213.16,216.3 2 0
leaflock/handlers/import_export.go:218.2,219.16 2 0
leaflock/handlers/import_export.go:219.16,222.3 2 0
leaflock/handlers/import_export.go:225.2,231.16 3 0
leaflock/handlers/import_export.go:231.16,234.3 2 0
leaflock/handlers/import_export.go:237.2,237.66 1 0
leaflock/handlers/import_export.go:237.66,240.3 1 0
leaflock/handlers/import_export.go:242.2,247.4 1 0
leaflock/handlers/import_export.go:263.62,266.16 3 0
leaflock/handlers/import_export.go:266.16,268.3 1 0
leaflock/handlers/import_export.go:270.2,273.43 3 0
leaflock/handlers/import_export.go:273.43,275.3 1 0
leaflock/handlers/import_export.go:278.2,290.16 4 0
leaflock/handlers/import_export.go:290.16,292.3 1 0
leaflock/handlers/import_export.go:295.2,296.16 2 0
leaflock/handlers/import_export.go:296.16,298.3 1 0
leaflock/handlers/import_export.go:300.2,301.16 2 0
leaflock/handlers/import_export.go:301.16,303.3 1 0
leaflock/handlers/import_export.go:305.2,310.16 4 0
leaflock/handlers/import_export.go:310.16,312.3 1 0
leaflock/handlers/import_export.go:314.2,320.4 1 0
leaflock/handlers/import_export.go:334.62,339.43 4 0
leaflock/handlers/import_export.go:339.43,341.3 1 0
leaflock/handlers/import_export.go:343.2,343.25 1 0
leaflock/handlers/import_export.go:343.25,345.3 1 0
leaflock/handlers/import_export.go:348.2,349.33 2 0
leaflock/handlers/import_export.go:349.33,351.3 1 0
leaflock/handlers/import_export.go:353.2,353.63 1 0
leaflock/handlers/import_export.go:353.63,355.3 1 0
leaflock/handlers/import_export.go:358.2,360.16 3 0
leaflock/handlers/import_export.go:360.16,362.3 1 0
leaflock/handlers/import_export.go:364.2,368.33 4 0
leaflock/handlers/import_export.go:368.33,370.72 1 0
leaflock/handlers/import_export.go:370.72,376.12 2 0
leaflock/handlers/import_export.go:380.3,381.18 2 0
leaflock/handlers/import_export.go:381.18,383.4 1 0
leaflock/handlers/import_export.go:384.3,384.18 1 0
leaflock/handlers/import_export.go:384.18,386.4 1 0
leaflock/handlers/import_export.go:387.3,387.18 1 0
leaflock/handlers/import_export.go:387.18,389.4 1 0
leaflock/handlers/import_export.go:392.3,393.17 2 0
leaflock/handlers/import_export.go:393.17,399.12 2 0
leaflock/handlers/import_export.go:403.3,404.17 2 0
leaflock/handlers/import_export.go:404.17,410.12 2 0
leaflock/handlers/import_export.go:413.3,414.17 2 0
leaflock/handlers/import_export.go:414.17,420.12 2 0
leaflock/handlers/import_export.go:423.3,429.17 3 0
leaflock/handlers/import_export.go:429.17,435.12 2 0
leaflock/handlers/import_export.go:439.3,445.5 2 0
leaflock/handlers/import_export.go:449.2,449.27 1 0
leaflock/handlers/import_export.go:449.27,450.73 1 0
leaflock/handlers/import_export.go:450.73,453.4 1 0
leaflock/handlers/import_export.go:456.2,461.4 1 0
leaflock/handlers/import_export.go:465.61,466.16 1 0
leaflock/handlers/import_export.go:467.18,469.30 2 0
leaflock/handlers/import_export.go:469.30,471.37 2 0
leaflock/handlers/import_export.go:471.37,473.5 1 0
leaflock/handlers/import_export.go:475.14,479.23 3 0
leaflock/handlers/import_export.go:479.23,481.4 1 0
leaflock/handlers/import_export.go:483.3,485.23 3 0
leaflock/handlers/import_export.go:485.23,487.4 1 0
leaflock/handlers/import_export.go:488.14,490.30 2 0
leaflock/handlers/import_export.go:490.30,492.18 2 0
leaflock/handlers/import_export.go:492.18,493.23 1 0
leaflock/handlers/import_export.go:493.23,495.6 1 0
leaflock/handlers/import_export.go:496.5,496.16 1 0
leaflock/handlers/import_export.go:499.14,501.64 2 0
leaflock/handlers/import_export.go:501.64,502.47 1 0
leaflock/handlers/import_export.go:502.47,504.5 1 0
leaflock/handlers/import_export.go:507.2,507.11 1 0
leaflock/handlers/import_export.go:510.64,511.16 1 0
leaflock/handlers/import_export.go:512.18,513.22 1 0
leaflock/handlers/import_export.go:514.14,516.56 1 0
leaflock/handlers/import_export.go:517.14,526.41 7 0
leaflock/handlers/import_export.go:527.14,529.64 2 0
leaflock/handlers/import_export.go:529.64,531.4 1 0
leaflock/handlers/import_export.go:533.3,533.58 1 0
leaflock/handlers/import_export.go:533.58,535.4 1 0
leaflock/handlers/import_export.go:536.3,536.51 1 0
leaflock/handlers/import_export.go:536.51,538.4 1 0
leaflock/handlers/import_export.go:541.3,542.56 2 0
leaflock/handlers/import_export.go:543.10,544.58 1 0
leaflock/handlers/import_export.go:548.113,549.16 1 0
leaflock/handlers/import_export.go:550.18,551.39 1 0
leaflock/handlers/import_export.go:552.14,559.33 6 0
leaflock/handlers/import_export.go:560.14,585.36 13 0
leaflock/handlers/import_export.go:586.14,595.17 3 0
leaflock/handlers/import_export.go:595.17,597.4 1 0
leaflock/handlers/import_export.go:598.3,598.52 1 0
leaflock/handlers/import_export.go:599.10,600.62 1 0
leaflock/handlers/import_export.go:604.52,610.24 4 0
leaflock/handlers/import_export.go:610.24,612.3 1 0
leaflock/handlers/import_export.go:614.2,614.20 1 0
leaflock/handlers/import_export.go:614.20,616.3 1 0
leaflock/handlers/import_export.go:618.2,618.16 1 0
leaflock/handlers/import_export.go:619.18,620.26 1 0
leaflock/handlers/import_export.go:621.14,622.27 1 0
leaflock/handlers/import_export.go:623.14,624.28 1 0
leaflock/handlers/import_export.go:625.14,626.28 1 0
leaflock/handlers/import_export.go:627.10,628.27 1 0
leaflock/handlers/notes.go:25.95,30.2 1 10
leaflock/handlers/notes.go:54.53,61.16 5 1
leaflock/handlers/notes.go:61.16,63.3 1 0
leaflock/handlers/notes.go:66.2,73.16 2 1
leaflock/handlers/notes.go:73.16,75.3 1 0
leaflock/handlers/notes.go:76.2,79.18 3 1
leaflock/handlers/notes.go:79.18,84.88 4 1
leaflock/handlers/notes.go:84.88,85.12 1 0
leaflock/handlers/notes.go:88.3,94.5 1 1
leaflock/handlers/notes.go:97.2,97.42 1 1
leaflock/handlers/notes.go:100.52,103.16 3 2
leaflock/handlers/notes.go:103.16,105.3 1 1
leaflock/handlers/notes.go:107.2,119.16 6 1
leaflock/handlers/notes.go:119.16,121.3 1 0
leaflock/handlers/notes.go:123.2,129.4 1 1
leaflock/handlers/notes.go:132.55,135.43 3 1
leaflock/handlers/notes.go:135.43,137.3 1 0
leaflock/handlers/notes.go:139.2,144.16 4 1
leaflock/handlers/notes.go:144.16,146.3 1 0
leaflock/handlers/notes.go:149.2,150.16 2 1
leaflock/handlers/notes.go:150.16,152.3 1 0
leaflock/handlers/notes.go:154.2,155.16 2 1
leaflock/handlers/notes.go:155.16,157.3 1 0
leaflock/handlers/notes.go:160.2,170.16 4 1
leaflock/handlers/notes.go:170.16,172.3 1 0
leaflock/handlers/notes.go:175.2,181.4 3 1
leaflock/handlers/notes.go:184.55,187.16 3 0
leaflock/handlers/notes.go:187.16,189.3 1 0
leaflock/handlers/notes.go:191.2,192.43 2 0
leaflock/handlers/notes.go:192.43,194.3 1 0
leaflock/handlers/notes.go:196.2,200.16 3 0
leaflock/handlers/notes.go:200.16,202.3 1 0
leaflock/handlers/notes.go:204.2,205.16 2 0
leaflock/handlers/notes.go:205.16,207.3 1 0
leaflock/handlers/notes.go:210.2,214.16 3 0
leaflock/handlers/notes.go:214.16,216.3 1 0
leaflock/handlers/notes.go:217.2,217.15 1 0
leaflock/handlers/notes.go:217.15,219.3 1 0
leaflock/handlers/notes.go:222.2,231.16 4 0
leaflock/handlers/notes.go:231.16,233.3 1 0
leaflock/handlers/notes.go:236.2,241.16 2 0
leaflock/handlers/notes.go:241.16,243.3 1 0
leaflock/handlers/notes.go:246.2,253.16 2 0
leaflock/handlers/notes.go:253.16,255.3 1 0
leaflock/handlers/notes.go:257.2,257.32 1 0
leaflock/handlers/notes.go:257.32,259.3 1 0
leaflock/handlers/notes.go:262.2,263.16 2 0
leaflock/handlers/notes.go:263.16,265.3 1 0
leaflock/handlers/notes.go:268.2,271.66 3 0
leaflock/handlers/notes.go:274.55,277.16 3 2
leaflock/handlers/notes.go:277.16,279.3 1 0
leaflock/handlers/notes.go:281.2,291.16 3 2
leaflock/handlers/notes.go:291.16,293.3 1 0
leaflock/handlers/notes.go:295.2,295.32 1 2
leaflock/handlers/notes.go:295.32,297.3 1 1
leaflock/handlers/notes.go:300.2,303.73 3 1
leaflock/handlers/notes.go:306.53,313.16 5 1
leaflock/handlers/notes.go:313.16,315.3 1 0
leaflock/handlers/notes.go:318.2,325.16 2 1
leaflock/handlers/notes.go:325.16,327.3 1 0
leaflock/handlers/notes.go:328.2,331.18 3 1
leaflock/handlers/notes.go:331.18,336.88 4 0
leaflock/handlers/notes.go:336.88,337.12 1 0
leaflock/handlers/notes.go:340.3,346.5 1 0
leaflock/handlers/notes.go:349.2,349.49 1 1
leaflock/handlers/notes.go:352.56,355.16 3 1
leaflock/handlers/notes.go:355.16,357.3 1 0
leaflock/handlers/notes.go:359.2,369.16 3 1
leaflock/handlers/notes.go:369.16,371.3 1 0
leaflock/handlers/notes.go:373.2,373.32 1 1
leaflock/handlers/notes.go:373.32,375.3 1 0
leaflock/handlers/notes.go:377.2,377.67 1 1
leaflock/handlers/notes.go:381.60,384.16 3 0
leaflock/handlers/notes.go:384.16,386.3 1 0
leaflock/handlers/notes.go:388.2,401.16 3 0
leaflock/handlers/notes.go:401.16,403.3 1 0
leaflock/handlers/notes.go:404.2,407.18 3 0
leaflock/handlers/notes.go:407.18,414.17 6 0
leaflock/handlers/notes.go:414.17,416.4 1 0
leaflock/handlers/notes.go:418.3,423.5 1 0
leaflock/handlers/notes.go:426.2,426.48 1 0
leaflock/handlers/notes.go:430.63,433.16 3 0
leaflock/handlers/notes.go:433.16,435.3 1 0
leaflock/handlers/notes.go:437.2,438.16 2 0
leaflock/handlers/notes.go:438.16,440.3 1 0
leaflock/handlers/notes.go:442.2,446.16 3 0
leaflock/handlers/notes.go:446.16,448.3 1 0
leaflock/handlers/notes.go:449.2,449.15 1 0
leaflock/handlers/notes.go:449.15,451.3 1 0
leaflock/handlers/notes.go:454.2,463.16 3 0
leaflock/handlers/notes.go:463.16,465.3 1 0
leaflock/handlers/notes.go:468.2,477.16 4 0
leaflock/handlers/notes.go:477.16,479.3 1 0
leaflock/handlers/notes.go:482.2,487.16 2 0
leaflock/handlers/notes.go:487.16,489.3 1 0
leaflock/handlers/notes.go:492.2,499.16 2 0
leaflock/handlers/notes.go:499.16,501.3 1 0
leaflock/handlers/notes.go:503.2,503.32 1 0
leaflock/handlers/notes.go:503.32,505.3 1 0
leaflock/handlers/notes.go:508.2,509.16 2 0
leaflock/handlers/notes.go:509.16,511.3 1 0
leaflock/handlers/notes.go:513.2,513.96 1 0
leaflock/handlers/notes.go:516.66,519.16 3 0
leaflock/handlers/notes.go:519.16,521.3 1 0
leaflock/handlers/notes.go:523.2,532.16 3 0
leaflock/handlers/notes.go:532.16,534.3 1 0
leaflock/handlers/notes.go:536.2,536.32 1 0
leaflock/handlers/notes.go:536.32,538.3 1 0
leaflock/handlers/notes.go:540.2,540.78 1 0
leaflock/handlers/search.go:21.97,23.2 1 4
leaflock/handlers/search.go:46.57,50.43 3 2
leaflock/handlers/search.go:50.43,52.3 1 0
leaflock/handlers/search.go:55.2,55.21 1 2
leaflock/handlers/search.go:55.21,57.3 1 1
leaflock/handlers/search.go:59.2,59.20 1 1
leaflock/handlers/search.go:59.20,61.3 1 0
leaflock/handlers/search.go:62.2,62.21 1 1
leaflock/handlers/search.go:62.21,64.3 1 0
leaflock/handlers/search.go:67.2,75.16 3 1
leaflock/handlers/search.go:75.16,77.3 1 0
leaflock/handlers/search.go:78.2,83.18 4 1
leaflock/handlers/search.go:83.18,89.17 5 0
leaflock/handlers/search.go:89.17,90.12 1 0
leaflock/handlers/search.go:94.3,95.17 2 0
leaflock/handlers/search.go:95.17,96.12 1 0
leaflock/handlers/search.go:99.3,100.17 2 0
leaflock/handlers/search.go:100.17,101.12 1 0
leaflock/handlers/search.go:104.3,111.95 5 0
leaflock/handlers/search.go:111.95,125.33 3 0
leaflock/handlers/search.go:125.33,126.10 1 0
leaflock/handlers/search.go:131.2,135.4 1 1
leaflock/handlers/search.go:139.71,144.17 4 0
leaflock/handlers/search.go:144.17,146.32 1 0
leaflock/handlers/search.go:146.32,148.4 1 0
leaflock/handlers/search.go:149.3,149.37 1 0
leaflock/handlers/search.go:153.2,154.15 2 0
leaflock/handlers/search.go:154.15,156.3 1 0
leaflock/handlers/search.go:158.2,159.24 2 0
leaflock/handlers/search.go:159.24,161.3 1 0
leaflock/handlers/search.go:163.2,166.15 2 0
leaflock/handlers/search.go:166.15,168.3 1 0
leaflock/handlers/search.go:169.2,169.24 1 0
leaflock/handlers/search.go:169.24,171.3 1 0
leaflock/handlers/search.go:173.2,173.16 1 0
leaflock/handlers/settings.go:19.64,21.2 1 0
leaflock/handlers/settings.go:43.59,45.22 2 0
leaflock/handlers/settings.go:45.22,47.3 1 0
leaflock/handlers/settings.go:49.2,50.9 2 0
leaflock/handlers/settings.go:50.9,52.3 1 0
leaflock/handlers/settings.go:54.2,63.26 4 0
leaflock/handlers/settings.go:63.26,65.3 1 0
leaflock/handlers/settings.go:66.2,66.16 1 0
leaflock/handlers/settings.go:66.16,68.3 1 0
leaflock/handlers/settings.go:70.2,70.43 1 0
leaflock/handlers/settings.go:86.62,88.22 2 0
leaflock/handlers/settings.go:88.22,90.3 1 0
leaflock/handlers/settings.go:92.2,93.9 2 0
leaflock/handlers/settings.go:93.9,95.3 1 0
leaflock/handlers/settings.go:97.2,98.43 2 0
leaflock/handlers/settings.go:98.43,100.3 1 0
leaflock/handlers/settings.go:103.2,110.29 2 0
leaflock/handlers/settings.go:110.29,114.3 1 0
leaflock/handlers/settings.go:116.2,123.16 3 0
leaflock/handlers/settings.go:123.16,125.3 1 0
leaflock/handlers/settings.go:127.2,127.34 1 0
leaflock/handlers/share_links.go:30.124,36.2 1 0
leaflock/handlers/share_links.go:75.65,78.16 3 0
leaflock/handlers/share_links.go:78.16,80.3 1 0
leaflock/handlers/share_links.go:82.2,85.43 3 0
leaflock/handlers/share_links.go:85.43,87.3 1 0
leaflock/handlers/share_links.go:90.2,98.31 3 0
leaflock/handlers/share_links.go:98.31,100.3 1 0
leaflock/handlers/share_links.go:103.2,104.16 2 0
leaflock/handlers/share_links.go:104.16,107.3 2 0
leaflock/handlers/share_links.go:110.2,111.26 2 0
leaflock/handlers/share_links.go:111.26,113.17 2 0
leaflock/handlers/share_links.go:113.17,115.4 1 0
leaflock/handlers/share_links.go:116.3,117.22 2 0
leaflock/handlers/share_links.go:121.2,122.48 2 0
leaflock/handlers/share_links.go:122.48,124.44 2 0
leaflock/handlers/share_links.go:124.44,127.4 2 0
leaflock/handlers/share_links.go:128.3,129.23 2 0
leaflock/handlers/share_links.go:133.2,142.16 4 0
leaflock/handlers/share_links.go:142.16,145.3 2 0
leaflock/handlers/share_links.go:148.2,155.22 2 0
leaflock/handlers/share_links.go:155.22,157.3 1 0
leaflock/handlers/share_links.go:158.2,158.24 1 0
leaflock/handlers/share_links.go:158.24,160.3 1 0
leaflock/handlers/share_links.go:162.2,162.81 1 0
leaflock/handlers/share_links.go:162.81,165.3 1 0
leaflock/handlers/share_links.go:168.2,187.22 3 0
leaflock/handlers/share_links.go:187.22,190.3 2 0
leaflock/handlers/share_links.go:192.2,192.37 1 0
leaflock/handlers/share_links.go:206.67,209.16 3 0
leaflock/handlers/share_links.go:209.16,211.3 1 0
leaflock/handlers/share_links.go:213.2,224.31 4 0
leaflock/handlers/share_links.go:224.31,226.3 1 0
leaflock/handlers/share_links.go:229.2,236.16 2 0
leaflock/handlers/share_links.go:236.16,238.3 1 0
leaflock/handlers/share_links.go:239.2,242.18 3 0
leaflock/handlers/share_links.go:242.18,249.96 5 0
leaflock/handlers/share_links.go:249.96,250.12 1 0
leaflock/handlers/share_links.go:253.3,258.23 5 0
leaflock/handlers/share_links.go:258.23,261.4 2 0
leaflock/handlers/share_links.go:262.3,262.28 1 0
leaflock/handlers/share_links.go:262.28,265.4 2 0
leaflock/handlers/share_links.go:267.3,267.30 1 0
leaflock/handlers/share_links.go:270.2,270.48 1 0
leaflock/handlers/share_links.go:281.70,296.16 4 0
leaflock/handlers/share_links.go:296.16,298.3 1 0
leaflock/handlers/share_links.go:299.2,302.18 3 0
leaflock/handlers/share_links.go:302.18,314.45 9 0
leaflock/handlers/share_links.go:314.45,315.12 1 0
leaflock/handlers/share_links.go:319.3,320.17 2 0
leaflock/handlers/share_links.go:320.17,322.4 1 0
leaflock/handlers/share_links.go:324.3,337.23 2 0
leaflock/handlers/share_links.go:337.23,339.4 1 0
leaflock/handlers/share_links.go:340.3,340.21 1 0
leaflock/handlers/share_links.go:340.21,342.4 1 0
leaflock/handlers/share_links.go:343.3,343.28 1 0
leaflock/handlers/share_links.go:343.28,345.4 1 0
leaflock/handlers/share_links.go:347.3,347.34 1 0
leaflock/handlers/share_links.go:350.2,350.48 1 0
leaflock/handlers/share_links.go:362.65,374.16 5 0
leaflock/handlers/share_links.go:374.16,376.3 1 0
leaflock/handlers/share_links.go:378.2,378.32 1 0
leaflock/handlers/share_links.go:378.32,380.3 1 0
leaflock/handlers/share_links.go:383.2,383.75 1 0
leaflock/handlers/share_links.go:383.75,385.3 1 0
leaflock/handlers/share_links.go:388.2,390.72 2 0
leaflock/handlers/share_links.go:405.65,411.43 5 0
leaflock/handlers/share_links.go:411.43,413.3 1 0
leaflock/handlers/share_links.go:416.2,420.53 4 0
leaflock/handlers/share_links.go:420.53,422.17 2 0
leaflock/handlers/share_links.go:422.17,424.4 1 0
leaflock/handlers/share_links.go:425.3,428.11 4 0
leaflock/handlers/share_links.go:431.2,431.54 1 0
leaflock/handlers/share_links.go:431.54,432.52 1 0
leaflock/handlers/share_links.go:432.52,434.4 1 0
leaflock/handlers/share_links.go:435.3,436.34 2 0
leaflock/handlers/share_links.go:439.2,439.23 1 0
leaflock/handlers/share_links.go:439.23,441.3 1 0
leaflock/handlers/share_links.go:444.2,451.16 3 0
leaflock/handlers/share_links.go:451.16,453.3 1 0
leaflock/handlers/share_links.go:455.2,455.32 1 0
leaflock/handlers/share_links.go:455.32,457.3 1 0
leaflock/handlers/share_links.go:460.2,460.75 1 0
leaflock/handlers/share_links.go:460.75,462.3 1 0
leaflock/handlers/share_links.go:465.2,467.72 2 0
leaflock/handlers/share_links.go:472.55,473.13 1 0
leaflock/handlers/share_links.go:474.12,475.24 1 0
leaflock/handlers/share_links.go:476.19,477.29 1 0
leaflock/handlers/share_links.go:478.12,479.33 1 0
leaflock/handlers/share_links.go:480.13,481.34 1 0
leaflock/handlers/share_links.go:482.10,483.52 1 0
leaflock/handlers/share_links.go:487.55,489.28 2 0
leaflock/handlers/share_links.go:489.28,491.3 1 0
leaflock/handlers/share_links.go:492.2,493.61 2 0
leaflock/handlers/share_links.go:506.63,524.16 8 0
leaflock/handlers/share_links.go:524.16,526.3 1 0
leaflock/handlers/share_links.go:529.2,542.4 3 0
leaflock/handlers/share_links.go:545.91,549.16 3 0
leaflock/handlers/share_links.go:549.16,551.3 1 0
leaflock/handlers/share_links.go:553.2,557.16 1 0
leaflock/handlers/share_links.go:557.16,559.3 1 0
leaflock/handlers/tags.go:25.93,27.2 1 4
leaflock/handlers/tags.go:38.51,48.16 4 1
leaflock/handlers/tags.go:48.16,50.3 1 0
leaflock/handlers/tags.go:51.2,54.18 3 1
leaflock/handlers/tags.go:54.18,63.82 2 1
leaflock/handlers/tags.go:63.82,64.12 1 0
leaflock/handlers/tags.go:67.3,68.17 2 1
leaflock/handlers/tags.go:68.17,69.12 1 0
leaflock/handlers/tags.go:72.3,78.5 1 1
leaflock/handlers/tags.go:81.2,81.40 1 1
leaflock/handlers/tags.go:84.53,87.43 3 1
leaflock/handlers/tags.go:87.43,89.3 1 0
leaflock/handlers/tags.go:91.2,91.58 1 1
leaflock/handlers/tags.go:91.58,93.3 1 0
leaflock/handlers/tags.go:94.2,94.21 1 1
leaflock/handlers/tags.go:94.21,96.3 1 0
leaflock/handlers/tags.go:98.2,99.26 2 1
leaflock/handlers/tags.go:99.26,101.3 1 0
leaflock/handlers/tags.go:103.2,104.16 2 1
leaflock/handlers/tags.go:104.16,106.3 1 0
leaflock/handlers/tags.go:108.2,119.16 7 1
leaflock/handlers/tags.go:119.16,120.111 1 0
leaflock/handlers/tags.go:120.111,122.4 1 0
leaflock/handlers/tags.go:123.3,123.72 1 0
leaflock/handlers/tags.go:126.2,126.90 1 1
leaflock/handlers/tags.go:129.53,132.16 3 0
leaflock/handlers/tags.go:132.16,134.3 1 0
leaflock/handlers/tags.go:136.2,141.16 3 0
leaflock/handlers/tags.go:141.16,143.3 1 0
leaflock/handlers/tags.go:144.2,144.32 1 0
leaflock/handlers/tags.go:144.32,146.3 1 0
leaflock/handlers/tags.go:148.2,148.65 1 0
leaflock/handlers/tags.go:151.59,154.16 3 0
leaflock/handlers/tags.go:154.16,156.3 1 0
leaflock/handlers/tags.go:158.2,159.43 2 0
leaflock/handlers/tags.go:159.43,161.3 1 0
leaflock/handlers/tags.go:163.2,164.16 2 0
leaflock/handlers/tags.go:164.16,166.3 1 0
leaflock/handlers/tags.go:168.2,173.16 4 0
leaflock/handlers/tags.go:173.16,175.3 1 0
leaflock/handlers/tags.go:177.2,182.16 2 0
leaflock/handlers/tags.go:182.16,184.3 1 0
leaflock/handlers/tags.go:186.2,186.66 1 0
leaflock/handlers/tags.go:189.61,192.16 3 0
leaflock/handlers/tags.go:192.16,194.3 1 0
leaflock/handlers/tags.go:196.2,197.16 2 0
leaflock/handlers/tags.go:197.16,199.3 1 0
leaflock/handlers/tags.go:201.2,213.16 3 0
leaflock/handlers/tags.go:213.16,215.3 1 0
leaflock/handlers/tags.go:216.2,216.32 1 0
leaflock/handlers/tags.go:216.32,218.3 1 0
leaflock/handlers/tags.go:220.2,220.65 1 0
leaflock/handlers/tags.go:223.57,226.16 3 0
leaflock/handlers/tags.go:226.16,228.3 1 0
leaflock/handlers/tags.go:230.2,240.16 3 0
leaflock/handlers/tags.go:240.16,242.3 1 0
leaflock/handlers/tags.go:243.2,246.18 3 0
leaflock/handlers/tags.go:246.18,255.88 2 0
leaflock/handlers/tags.go:255.88,256.12 1 0
leaflock/handlers/tags.go:259.3,265.5 1 0
leaflock/handlers/tags.go:268.2,268.42 1 0
leaflock/handlers/templates.go:22.103,24.2 1 3
leaflock/handlers/templates.go:49.61,59.16 4 0
leaflock/handlers/templates.go:59.16,61.3 1 0
leaflock/handlers/templates.go:62.2,65.18 3 0
leaflock/handlers/templates.go:65.18,75.17 9 0
leaflock/handlers/templates.go:75.17,76.12 1 0
leaflock/handlers/templates.go:80.3,81.17 2 0
leaflock/handlers/templates.go:81.17,82.12 1 0
leaflock/handlers/templates.go:84.3,87.36 3 0
leaflock/handlers/templates.go:87.36,89.18 2 0
leaflock/handlers/templates.go:89.18,91.5 1 0
leaflock/handlers/templates.go:95.3,107.42 2 0
leaflock/handlers/templates.go:110.2,110.50 1 0
leaflock/handlers/templates.go:113.60,116.16 3 0
leaflock/handlers/templates.go:116.16,118.3 1 0
leaflock/handlers/templates.go:120.2,133.16 9 0
leaflock/handlers/templates.go:133.16,135.3 1 0
leaflock/handlers/templates.go:138.2,139.16 2 0
leaflock/handlers/templates.go:139.16,141.3 1 0
leaflock/handlers/templates.go:142.2,145.35 3 0
leaflock/handlers/templates.go:145.35,147.17 2 0
leaflock/handlers/templates.go:147.17,149.4 1 0
leaflock/handlers/templates.go:152.2,153.16 2 0
leaflock/handlers/templates.go:153.16,155.3 1 0
leaflock/handlers/templates.go:156.2,171.25 3 0
leaflock/handlers/templates.go:174.63,178.43 3 1
leaflock/handlers/templates.go:178.43,180.3 1 0
leaflock/handlers/templates.go:183.2,184.16 2 1
leaflock/handlers/templates.go:184.16,186.3 1 0
leaflock/handlers/templates.go:188.2,189.27 2 1
leaflock/handlers/templates.go:189.27,191.17 2 1
leaflock/handlers/templates.go:191.17,193.4 1 0
leaflock/handlers/templates.go:196.2,197.16 2 1
leaflock/handlers/templates.go:197.16,199.3 1 0
leaflock/handlers/templates.go:202.2,203.16 2 1
leaflock/handlers/templates.go:203.16,205.3 1 0
leaflock/handlers/templates.go:207.2,214.16 4 1
leaflock/handlers/templates.go:214.16,216.3 1 0
leaflock/handlers/templates.go:218.2,221.4 1 1
leaflock/handlers/templates.go:224.63,227.16 3 0
leaflock/handlers/templates.go:227.16,229.3 1 0
leaflock/handlers/templates.go:231.2,232.43 2 0
leaflock/handlers/templates.go:232.43,234.3 1 0
leaflock/handlers/templates.go:237.2,238.16 2 0
leaflock/handlers/templates.go:238.16,240.3 1 0
leaflock/handlers/templates.go:242.2,243.27 2 0
leaflock/handlers/templates.go:243.27,245.17 2 0
leaflock/handlers/templates.go:245.17,247.4 1 0
leaflock/handlers/templates.go:250.2,251.16 2 0
leaflock/handlers/templates.go:251.16,253.3 1 0
leaflock/handlers/templates.go:256.2,257.16 2 0
leaflock/handlers/templates.go:257.16,259.3 1 0
leaflock/handlers/templates.go:261.2,267.16 3 0
leaflock/handlers/templates.go:267.16,269.3 1 0
leaflock/handlers/templates.go:271.2,271.32 1 0
leaflock/handlers/templates.go:271.32,273.3 1 0
leaflock/handlers/templates.go:275.2,275.70 1 0
leaflock/handlers/templates.go:278.63,281.16 3 0
leaflock/handlers/templates.go:281.16,283.3 1 0
leaflock/handlers/templates.go:285.2,287.16 3 0
leaflock/handlers/templates.go:287.16,289.3 1 0
leaflock/handlers/templates.go:291.2,291.32 1 0
leaflock/handlers/templates.go:291.32,293.3 1 0
leaflock/handlers/templates.go:295.2,295.70 1 0
leaflock/handlers/templates.go:298.60,301.16 3 0
leaflock/handlers/templates.go:301.16,303.3 1 0
leaflock/handlers/templates.go:305.2,306.43 2 0
leaflock/handlers/templates.go:306.43,308.3 1 0
leaflock/handlers/templates.go:310.2,320.16 5 0
leaflock/handlers/templates.go:320.16,322.3 1 0
leaflock/handlers/templates.go:325.2,326.16 2 0
leaflock/handlers/templates.go:326.16,328.3 1 0
leaflock/handlers/templates.go:329.2,332.16 3 0
leaflock/handlers/templates.go:332.16,334.3 1 0
leaflock/handlers/templates.go:335.2,339.17 3 0
leaflock/handlers/templates.go:339.17,341.3 1 0
leaflock/handlers/templates.go:344.2,345.16 2 0
leaflock/handlers/templates.go:345.16,347.3 1 0
leaflock/handlers/templates.go:349.2,350.16 2 0
leaflock/handlers/templates.go:350.16,352.3 1 0
leaflock/handlers/templates.go:355.2,356.48 2 0
leaflock/handlers/templates.go:356.48,358.17 2 0
leaflock/handlers/templates.go:358.17,360.4 1 0
leaflock/handlers/templates.go:361.3,366.17 4 0
leaflock/handlers/templates.go:366.17,368.4 1 0
leaflock/handlers/templates.go:372.2,378.16 3 0
leaflock/handlers/templates.go:378.16,380.3 1 0
leaflock/handlers/templates.go:383.2,386.16 2 0
leaflock/handlers/templates.go:386.16,389.3 1 0
leaflock/handlers/templates.go:391.2,394.4 1 0
leaflock/utils/helpers.go:19.39,20.13 1 2
leaflock/utils/helpers.go:20.13,22.3 1 1
leaflock/utils/helpers.go:23.2,23.12 1 1
leaflock/utils/helpers.go:27.24,28.11 1 6
leaflock/utils/helpers.go:28.11,30.3 1 3
leaflock/utils/helpers.go:31.2,31.10 1 3
leaflock/utils/helpers.go:35.24,36.11 1 6
leaflock/utils/helpers.go:36.11,38.3 1 3
leaflock/utils/helpers.go:39.2,39.10 1 3
leaflock/utils/helpers.go:43.33,45.39 1 7
leaflock/utils/helpers.go:45.39,48.3 2 5
leaflock/utils/helpers.go:49.2,49.10 1 2
leaflock/utils/helpers.go:53.44,54.13 1 2
leaflock/utils/helpers.go:54.13,56.3 1 1
leaflock/utils/helpers.go:57.2,57.11 1 1
leaflock/utils/helpers.go:61.57,62.58 1 0
leaflock/utils/helpers.go:62.58,64.3 1 0
leaflock/utils/helpers.go:65.2,65.11 1 0
leaflock/utils/helpers.go:69.58,70.59 1 0
leaflock/utils/helpers.go:70.59,72.3 1 0
leaflock/utils/helpers.go:73.2,73.11 1 0
leaflock/utils/logging.go:46.20,48.16 2 0
leaflock/utils/logging.go:48.16,50.3 1 0
leaflock/utils/logging.go:51.2,62.21 9 0
leaflock/utils/logging.go:66.67,67.16 1 0
leaflock/utils/logging.go:67.16,72.3 4 0
leaflock/utils/logging.go:76.55,81.2 4 0
leaflock/utils/logging.go:84.55,89.2 4 0
leaflock/utils/logging.go:92.56,97.2 4 0
leaflock/utils/logging.go:100.88,101.16 1 0
leaflock/utils/logging.go:101.16,117.3 6 0
leaflock/utils/logging.go:121.35,122.50 1 2
leaflock/utils/logging.go:122.50,124.3 1 1
leaflock/utils/logging.go:125.2,125.15 1 1
leaflock/utils/logging.go:129.37,131.2 1 0
leaflock/utils/logging.go:134.26,135.88 1 0
leaflock/utils/logging.go:135.88,137.3 1 0
leaflock/utils/logging.go:138.2,138.15 1 0
leaflock/utils/logging.go:142.50,144.17 2 3
leaflock/utils/logging.go:144.17,146.3 1 1
leaflock/utils/logging.go:147.2,147.17 1 3
leaflock/utils/logging.go:147.17,149.3 1 0
leaflock/utils/logging.go:150.2,150.43 1 3
leaflock/utils/logging.go:150.43,152.3 1 2
leaflock/utils/logging.go:153.2,153.43 1 1
leaflock/utils/logging.go:157.51,158.32 1 8
leaflock/utils/logging.go:159.24,160.26 1 1
leaflock/utils/logging.go:161.29,162.25 1 1
leaflock/utils/logging.go:163.25,164.25 1 2
leaflock/utils/logging.go:165.22,166.26 1 2
leaflock/utils/logging.go:167.36,168.26 1 1
leaflock/utils/logging.go:169.10,170.26 1 1
leaflock/utils/logging.go:175.44,177.9 2 0
leaflock/utils/logging.go:178.71,179.20 1 0
leaflock/utils/logging.go:180.105,181.20 1 0
leaflock/utils/logging.go:182.108,183.19 1 0
leaflock/utils/logging.go:184.40,185.20 1 0
leaflock/utils/logging.go:186.10,187.19 1 0
leaflock/utils/logging.go:197.62,199.2 1 0
leaflock/utils/logging.go:201.52,202.25 1 0
leaflock/utils/logging.go:202.25,204.3 1 0
leaflock/utils/logging.go:205.2,205.23 1 0
leaflock/utils/logging.go:214.54,216.23 2 0
leaflock/utils/logging.go:216.23,218.3 1 0
leaflock/utils/logging.go:219.2,219.24 1 0
leaflock/utils/logging.go:219.24,221.3 1 0
leaflock/utils/logging.go:222.2,222.27 1 0
leaflock/utils/network.go:16.13,26.30 2 1
leaflock/utils/network.go:26.30,27.55 1 7
leaflock/utils/network.go:27.55,29.4 1 7
leaflock/utils/network.go:34.36,35.31 1 0
leaflock/utils/network.go:35.31,37.3 1 0
leaflock/utils/network.go:38.2,38.66 1 0
leaflock/utils/network.go:38.66,39.39 1 0
leaflock/utils/network.go:39.39,41.4 1 0
leaflock/utils/network.go:43.2,43.60 1 0
leaflock/utils/network.go:43.60,45.54 2 0
leaflock/utils/network.go:45.54,47.52 2 0
leaflock/utils/network.go:47.52,48.13 1 0
leaflock/utils/network.go:50.4,51.21 2 0
leaflock/utils/network.go:51.21,52.13 1 0
leaflock/utils/network.go:54.4,54.26 1 0
leaflock/utils/network.go:54.26,56.5 1 0
leaflock/utils/network.go:57.4,57.22 1 0
leaflock/utils/network.go:57.22,59.5 1 0
leaflock/utils/network.go:61.3,61.21 1 0
leaflock/utils/network.go:61.21,63.4 1 0
leaflock/utils/network.go:65.2,65.67 1 0
leaflock/utils/network.go:65.67,66.43 1 0
leaflock/utils/network.go:66.43,68.4 1 0
leaflock/utils/network.go:70.2,70.85 1 0
leaflock/utils/network.go:70.85,71.51 1 0
leaflock/utils/network.go:71.51,73.4 1 0
leaflock/utils/network.go:75.2,75.15 1 0
leaflock/utils/network.go:79.33,80.56 1 13
leaflock/utils/network.go:80.56,82.3 1 5
leaflock/utils/network.go:83.2,83.40 1 8
leaflock/utils/network.go:83.40,84.25 1 40
leaflock/utils/network.go:84.25,86.4 1 5
leaflock/utils/network.go:88.2,88.13 1 3
leaflock/utils/validation.go:4.41,5.40 1 15
leaflock/utils/validation.go:5.40,7.3 1 5
leaflock/utils/validation.go:8.2,8.25 1 10
leaflock/utils/validation.go:8.25,10.75 2 51
leaflock/utils/validation.go:10.75,12.4 1 4
leaflock/utils/validation.go:14.2,14.13 1 6
leaflock/services/allowlist.go:16.13,18.2 1 1
leaflock/services/allowlist.go:21.45,23.14 2 6
leaflock/services/allowlist.go:23.14,25.3 1 0
leaflock/services/allowlist.go:26.2,26.32 1 6
leaflock/services/allowlist.go:30.49,31.64 1 4
leaflock/services/allowlist.go:31.64,33.3 1 2
leaflock/services/allowlist.go:35.2,36.30 2 2
leaflock/services/allowlist.go:36.30,37.56 1 2
leaflock/services/allowlist.go:37.56,39.4 1 1
leaflock/services/allowlist.go:41.2,41.14 1 1
leaflock/services/allowlist.go:45.94,49.19 3 6
leaflock/services/allowlist.go:49.19,53.49 4 2
leaflock/services/allowlist.go:53.49,55.15 2 4
leaflock/services/allowlist.go:55.15,57.5 1 4
leaflock/services/allowlist.go:61.2,61.20 1 6
leaflock/services/allowlist.go:61.20,62.46 1 4
leaflock/services/allowlist.go:62.46,63.17 1 4
leaflock/services/allowlist.go:63.17,65.5 1 4
leaflock/services/allowlist.go:66.4,67.23 2 4
leaflock/services/allowlist.go:67.23,69.51 2 7
leaflock/services/allowlist.go:69.51,70.14 1 3
leaflock/services/allowlist.go:72.5,72.51 1 4
leaflock/services/allowlist.go:72.51,79.48 6 4
leaflock/services/allowlist.go:79.48,81.18 2 6
leaflock/services/allowlist.go:81.18,83.8 1 6
leaflock/services/allowlist.go:89.2,89.24 1 6
leaflock/services/allowlist.go:93.37,98.12 4 0
leaflock/services/allowlist.go:98.12,102.22 4 0
leaflock/services/allowlist.go:102.22,104.22 2 0
leaflock/services/allowlist.go:104.22,108.5 3 0
leaflock/services/cleanup.go:12.48,13.12 1 1
leaflock/services/cleanup.go:13.12,21.22 5 1
leaflock/services/cleanup.go:21.22,23.4 1 0
leaflock/services/cleanup.go:28.65,39.16 3 3
leaflock/services/cleanup.go:39.16,41.3 1 1
leaflock/services/cleanup.go:41.8,41.38 1 2
leaflock/services/cleanup.go:41.38,43.3 1 0
leaflock/services/cleanup.go:46.2,47.17 2 3
leaflock/services/cleanup.go:47.17,49.3 1 1
leaflock/services/cleanup.go:49.8,51.3 1 2
leaflock/services/cleanup.go:54.2,57.22 3 3
leaflock/services/cleanup.go:57.22,59.3 1 1
leaflock/services/cleanup.go:61.2,61.58 1 3
leaflock/services/email_service.go:24.56,28.2 1 0
leaflock/services/email_service.go:42.101,43.27 1 0
leaflock/services/email_service.go:43.27,47.3 3 0
leaflock/services/email_service.go:49.2,58.27 8 0
leaflock/services/email_service.go:58.27,63.3 1 0
leaflock/services/email_service.go:63.8,67.3 1 0
leaflock/services/email_service.go:70.2,71.25 2 0
leaflock/services/email_service.go:71.25,72.12 1 0
leaflock/services/email_service.go:72.12,74.4 1 0
leaflock/services/email_service.go:76.3,77.26 2 0
leaflock/services/email_service.go:77.26,81.4 3 0
leaflock/services/email_service.go:81.9,84.4 2 0
leaflock/services/email_service.go:86.3,86.17 1 0
leaflock/services/email_service.go:86.17,89.4 2 0
leaflock/services/email_service.go:90.3,91.67 2 0
leaflock/services/email_service.go:94.2,95.56 2 0
leaflock/services/email_service.go:99.96,101.24 1 0
leaflock/services/email_service.go:101.24,103.3 1 0
leaflock/services/email_service.go:104.2,104.23 1 0
leaflock/services/email_service.go:104.23,106.3 1 0
leaflock/services/email_service.go:107.2,107.20 1 0
leaflock/services/email_service.go:107.20,109.3 1 0
leaflock/services/email_service.go:112.2,114.16 3 0
leaflock/services/email_service.go:114.16,116.3 1 0
leaflock/services/email_service.go:119.2,120.60 2 0
leaflock/services/email_service.go:120.60,122.3 1 0
leaflock/services/email_service.go:125.2,127.69 2 0
leaflock/services/email_service.go:131.40,144.28 10 0
leaflock/services/email_service.go:144.28,145.18 1 0
leaflock/services/email_service.go:145.18,147.4 1 0
leaflock/services/email_service.go:147.9,147.25 1 0
leaflock/services/email_service.go:147.25,149.4 1 0
leaflock/services/email_service.go:149.9,149.20 1 0
leaflock/services/email_service.go:149.20,151.4 1 0
leaflock/services/email_service.go:155.2,158.16 3 0
leaflock/services/email_service.go:162.80,172.2 2 0
leaflock/services/email_service.go:175.106,188.2 3 0
leaflock/services/email_service.go:191.89,200.2 2 0
leaflock/services/share_links.go:30.63,32.2 1 0
leaflock/services/share_links.go:35.38,38.44 2 0
leaflock/services/share_links.go:38.44,40.3 1 0
leaflock/services/share_links.go:43.2,44.19 2 0
leaflock/services/share_links.go:48.105,53.16 3 0
leaflock/services/share_links.go:53.16,55.3 1 0
leaflock/services/share_links.go:58.2,59.30 2 0
leaflock/services/share_links.go:59.30,61.15 2 0
leaflock/services/share_links.go:61.15,63.4 1 0
leaflock/services/share_links.go:64.8,67.3 1 0
leaflock/services/share_links.go:70.2,70.65 1 0
leaflock/services/share_links.go:70.65,72.3 1 0
leaflock/services/share_links.go:74.2,74.12 1 0
leaflock/services/share_links.go:78.101,83.22 3 0
leaflock/services/share_links.go:83.22,85.3 1 0
leaflock/services/share_links.go:85.8,85.23 1 0
leaflock/services/share_links.go:85.23,87.3 1 0
leaflock/services/share_links.go:90.2,91.64 2 0
leaflock/services/share_links.go:91.64,93.3 1 0
leaflock/services/share_links.go:96.2,96.66 1 0
leaflock/services/share_links.go:96.66,100.3 2 0
leaflock/services/share_links.go:102.2,102.19 1 0
leaflock/services/share_links.go:106.89,109.50 2 0
leaflock/services/share_links.go:109.50,111.3 1 0
leaflock/services/share_links.go:113.2,113.12 1 0
leaflock/services/share_links.go:117.87,120.16 2 0
leaflock/services/share_links.go:120.16,122.3 1 0
leaflock/services/share_links.go:123.2,123.17 1 0
leaflock/services/share_links.go:123.17,125.3 1 0
leaflock/services/share_links.go:128.2,131.44 2 0
leaflock/services/share_links.go:135.95,141.6 4 0
leaflock/services/share_links.go:141.6,145.17 4 0
leaflock/services/share_links.go:145.17,147.4 1 0
leaflock/services/share_links.go:150.3,150.32 1 0
leaflock/services/share_links.go:150.32,152.18 2 0
leaflock/services/share_links.go:152.18,153.13 1 0
leaflock/services/share_links.go:156.4,157.66 2 0
leaflock/services/share_links.go:157.66,158.13 1 0
leaflock/services/share_links.go:161.4,161.29 1 0
leaflock/services/share_links.go:161.29,163.5 1 0
leaflock/services/share_links.go:166.3,166.18 1 0
leaflock/services/share_links.go:166.18,167.9 1 0
leaflock/services/share_links.go:172.2,172.19 1 0
leaflock/services/share_links.go:172.19,173.55 1 0
leaflock/services/share_links.go:173.55,175.4 1 0
leaflock/services/share_links.go:178.2,178.12 1 0
leaflock/services/share_links.go:182.80,187.16 3 0
leaflock/services/share_links.go:187.16,189.3 1 0
leaflock/services/share_links.go:190.2,190.17 1 0
leaflock/services/share_links.go:190.17,192.3 1 0
leaflock/services/share_links.go:195.2,195.29 1 0
leaflock/services/share_links.go:195.29,197.59 2 0
leaflock/services/share_links.go:197.59,199.4 1 0
leaflock/services/share_links.go:202.2,202.12 1 0
leaflock/services/templates.go:339.88,345.16 4 0
leaflock/services/templates.go:345.16,347.3 1 0
leaflock/services/templates.go:349.2,349.15 1 0
leaflock/services/templates.go:349.15,352.3 2 0
leaflock/services/templates.go:354.2,356.44 2 0
leaflock/services/templates.go:356.44,359.17 2 0
leaflock/services/templates.go:359.17,361.4 1 0
leaflock/services/templates.go:363.3,364.17 2 0
leaflock/services/templates.go:364.17,366.4 1 0
leaflock/services/templates.go:368.3,369.17 2 0
leaflock/services/templates.go:369.17,371.4 1 0
leaflock/services/templates.go:374.3,381.17 3 0
leaflock/services/templates.go:381.17,383.4 1 0
leaflock/services/templates.go:385.3,385.64 1 0
leaflock/services/templates.go:388.2,389.12 2 0
leaflock/websocket/handler.go:18.73,19.15 1 0
leaflock/websocket/handler.go:19.15,21.3 1 0
leaflock/websocket/handler.go:24.2,29.20 4 0
leaflock/websocket/handler.go:29.20,32.3 2 0
leaflock/websocket/handler.go:35.2,36.80 2 0
leaflock/websocket/handler.go:36.80,37.58 1 0
leaflock/websocket/handler.go:37.58,39.4 1 0
leaflock/websocket/handler.go:40.3,40.28 1 0
leaflock/websocket/handler.go:43.2,43.32 1 0
leaflock/websocket/handler.go:43.32,46.3 2 0
leaflock/websocket/handler.go:49.2,50.9 2 0
leaflock/websocket/handler.go:50.9,53.3 2 0
leaflock/websocket/handler.go:56.2,57.37 2 0
leaflock/websocket/handler.go:57.37,60.3 2 0
leaflock/websocket/handler.go:62.2,63.16 2 0
leaflock/websocket/handler.go:63.16,66.3 2 0
leaflock/websocket/handler.go:68.2,69.16 2 0
leaflock/websocket/handler.go:69.16,72.3 2 0
leaflock/websocket/handler.go:75.2,87.30 4 0
leaflock/websocket/handler.go:87.30,90.3 2 0
leaflock/websocket/handler.go:93.2,104.12 3 0
leaflock/websocket/handler.go:104.12,105.16 1 0
leaflock/websocket/handler.go:105.16,107.4 1 0
leaflock/websocket/handler.go:109.3,109.34 1 0
leaflock/websocket/handler.go:109.34,110.73 1 0
leaflock/websocket/handler.go:110.73,113.5 2 0
leaflock/websocket/handler.go:115.3,115.55 1 0
leaflock/websocket/handler.go:119.2,119.6 1 0
leaflock/websocket/handler.go:119.6,122.17 3 0
leaflock/websocket/handler.go:122.17,123.103 1 0
leaflock/websocket/handler.go:123.103,125.5 1 0
leaflock/websocket/handler.go:126.4,126.9 1 0
leaflock/websocket/handler.go:130.3,130.19 1 0
leaflock/websocket/handler.go:131.15,138.14 1 0
leaflock/websocket/handler.go:140.17,147.14 1 0
leaflock/websocket/handler.go:149.19,156.14 1 0
leaflock/websocket/hub.go:32.20,41.2 1 9
leaflock/websocket/hub.go:44.23,46.9 2 0
leaflock/websocket/hub.go:47.16,47.16 0 0
leaflock/websocket/hub.go:49.10,53.21 4 0
leaflock/websocket/hub.go:55.2,55.15 1 0
leaflock/websocket/hub.go:59.52,61.2 1 0
leaflock/websocket/hub.go:64.54,66.2 1 0
leaflock/websocket/hub.go:69.21,70.6 1 6
leaflock/websocket/hub.go:70.6,71.10 1 17
leaflock/websocket/hub.go:72.17,73.10 1 5
leaflock/websocket/hub.go:74.33,75.11 1 10
leaflock/websocket/hub.go:75.11,77.5 1 1
leaflock/websocket/hub.go:78.4,81.39 3 9
leaflock/websocket/hub.go:81.39,83.5 1 7
leaflock/websocket/hub.go:84.4,95.19 3 9
leaflock/websocket/hub.go:97.35,98.11 1 2
leaflock/websocket/hub.go:98.11,100.5 1 0
leaflock/websocket/hub.go:101.4,102.51 2 2
leaflock/websocket/hub.go:102.51,104.62 2 2
leaflock/websocket/hub.go:104.62,106.29 2 2
leaflock/websocket/hub.go:106.29,108.7 1 2
leaflock/websocket/hub.go:110.5,110.21 1 2
leaflock/websocket/hub.go:112.4,122.19 2 2
leaflock/websocket/hub.go:129.93,134.22 4 13
leaflock/websocket/hub.go:134.22,136.3 1 2
leaflock/websocket/hub.go:138.2,139.16 2 11
leaflock/websocket/hub.go:139.16,141.3 1 0
leaflock/websocket/hub.go:143.2,143.38 1 11
leaflock/websocket/hub.go:143.38,144.30 1 15
leaflock/websocket/hub.go:144.30,145.11 1 5
leaflock/websocket/hub.go:146.27,146.27 0 5
leaflock/websocket/hub.go:147.12,149.30 2 0
leaflock/websocket/hub.go:156.22,158.2 1 5
leaflock/websocket/hub.go:161.60,166.22 4 4
leaflock/websocket/hub.go:166.22,168.3 1 2
leaflock/websocket/hub.go:170.2,171.32 2 2
leaflock/websocket/hub.go:171.32,173.3 1 3
leaflock/websocket/hub.go:174.2,174.14 1 2
leaflock/docs/swagger/docs.go:368.13,370.2 1 0
leaflock/metrics/metrics.go:136.43,137.34 1 0
leaflock/metrics/metrics.go:137.34,147.17 6 0
leaflock/metrics/metrics.go:147.17,149.4 1 0
leaflock/metrics/metrics.go:150.3,155.13 4 0
leaflock/metrics/metrics.go:160.35,162.2 1 0
leaflock/metrics/metrics.go:165.47,167.2 1 0
leaflock/metrics/metrics.go:170.44,172.2 1 0
leaflock/metrics/metrics.go:175.44,177.2 1 0
leaflock/metrics/metrics.go:180.46,183.2 2 0
leaflock/metrics/metrics.go:186.47,188.2 1 0
leaflock/metrics/metrics.go:191.40,193.2 1 0
leaflock/metrics/metrics.go:196.48,198.2 1 0
leaflock/metrics/metrics.go:201.50,203.2 1 0
leaflock/metrics/metrics.go:206.75,209.25 3 0
leaflock/metrics/metrics.go:209.25,211.3 1 0
leaflock/cmd/entrypoint/main.go:11.13,12.29 1 0
leaflock/cmd/entrypoint/main.go:12.29,15.3 1 0
leaflock/cmd/entrypoint/main.go:18.2,18.54 1 0
leaflock/cmd/entrypoint/main.go:18.54,19.63 1 0
leaflock/cmd/entrypoint/main.go:19.63,22.4 2 0
leaflock/cmd/entrypoint/main.go:25.2,26.18 2 0
leaflock/cmd/entrypoint/main.go:26.18,28.3 1 0
leaflock/cmd/entrypoint/main.go:29.2,29.77 1 0
leaflock/cmd/entrypoint/main.go:29.77,31.3 1 0
leaflock/auth/handlers.go:18.44,22.2 1 0
leaflock/auth/handlers.go:34.48,36.43 2 0
leaflock/auth/handlers.go:36.43,41.3 1 0
leaflock/auth/handlers.go:44.2,44.58 1 0
leaflock/auth/handlers.go:44.58,49.3 1 0
leaflock/auth/handlers.go:52.2,56.16 4 0
leaflock/auth/handlers.go:56.16,57.54 1 0
leaflock/auth/handlers.go:57.54,62.4 1 0
leaflock/auth/handlers.go:63.3,63.48 1 0
leaflock/auth/handlers.go:63.48,68.4 1 0
leaflock/auth/handlers.go:69.3,72.5 1 0
leaflock/auth/handlers.go:75.2,75.25 1 0
leaflock/auth/handlers.go:88.45,90.43 2 0
leaflock/auth/handlers.go:90.43,95.3 1 0
leaflock/auth/handlers.go:98.2,102.16 4 0
leaflock/auth/handlers.go:102.16,103.46 1 0
leaflock/auth/handlers.go:103.46,108.4 1 0
leaflock/auth/handlers.go:109.3,109.48 1 0
leaflock/auth/handlers.go:109.48,114.4 1 0
leaflock/auth/handlers.go:115.3,118.5 1 0
leaflock/auth/handlers.go:121.2,121.25 1 0
leaflock/auth/handlers.go:134.49,136.43 2 0
leaflock/auth/handlers.go:136.43,141.3 1 0
leaflock/auth/handlers.go:143.2,145.16 3 0
leaflock/auth/handlers.go:145.16,146.47 1 0
leaflock/auth/handlers.go:146.47,151.4 1 0
leaflock/auth/handlers.go:152.3,155.5 1 0
leaflock/auth/handlers.go:158.2,158.25 1 0
leaflock/auth/handlers.go:168.46,171.22 2 0
leaflock/auth/handlers.go:171.22,176.3 1 0
leaflock/auth/handlers.go:179.2,180.45 2 0
leaflock/auth/handlers.go:180.45,185.3 1 0
leaflock/auth/handlers.go:187.2,190.53 3 0
leaflock/auth/handlers.go:190.53,195.3 1 0
leaflock/auth/handlers.go:197.2,199.4 1 0
leaflock/auth/handlers.go:210.52,214.16 3 0
leaflock/auth/handlers.go:214.16,219.3 1 0
leaflock/auth/handlers.go:221.2,224.4 1 0
leaflock/auth/handlers.go:235.53,243.16 6 0
leaflock/auth/handlers.go:243.16,248.3 1 0
leaflock/auth/handlers.go:251.2,252.16 2 0
leaflock/auth/handlers.go:252.16,257.3 1 0
leaflock/auth/handlers.go:258.2,262.16 3 0
leaflock/auth/handlers.go:262.16,267.3 1 0
leaflock/auth/handlers.go:269.2,272.4 1 0
leaflock/auth/handlers.go:285.49,292.43 3 0
leaflock/auth/handlers.go:292.43,297.3 1 0
leaflock/auth/handlers.go:299.2,300.16 2 0
leaflock/auth/handlers.go:300.16,305.3 1 0
leaflock/auth/handlers.go:307.2,309.4 1 0
leaflock/auth/handlers.go:322.50,326.43 3 0
leaflock/auth/handlers.go:326.43,331.3 1 0
leaflock/auth/handlers.go:333.2,333.80 1 0
leaflock/auth/handlers.go:333.80,338.3 1 0
leaflock/auth/handlers.go:340.2,342.4 1 0
leaflock/auth/handlers.go:355.61,361.43 3 0
leaflock/auth/handlers.go:361.43,366.3 1 0
leaflock/auth/handlers.go:368.2,369.16 2 0
leaflock/auth/handlers.go:369.16,374.3 1 0
leaflock/auth/handlers.go:376.2,378.4 1 0
leaflock/auth/handlers.go:390.60,392.43 2 0
leaflock/auth/handlers.go:392.43,397.3 1 0
leaflock/auth/handlers.go:404.2,406.4 1 0
leaflock/auth/handlers.go:418.56,420.17 2 0
leaflock/auth/handlers.go:420.17,425.3 1 0
leaflock/auth/handlers.go:427.2,428.16 2 0
leaflock/auth/handlers.go:428.16,433.3 1 0
leaflock/auth/handlers.go:435.2,437.4 1 0
leaflock/auth/handlers.go:449.60,451.43 2 0
leaflock/auth/handlers.go:451.43,456.3 1 0
leaflock/auth/handlers.go:458.2,458.106 1 0
leaflock/auth/handlers.go:458.106,459.48 1 0
leaflock/auth/handlers.go:459.48,464.4 1 0
leaflock/auth/handlers.go:465.3,468.5 1 0
leaflock/auth/handlers.go:471.2,473.4 1 0
leaflock/auth/handlers.go:483.61,489.2 1 0
leaflock/auth/mfa.go:34.83,39.2 1 0
leaflock/auth/mfa.go:42.74,50.16 2 0
leaflock/auth/mfa.go:50.16,52.3 1 0
leaflock/auth/mfa.go:54.2,54.17 1 0
leaflock/auth/mfa.go:58.60,60.2 1 0
leaflock/auth/mfa.go:63.73,67.39 3 0
leaflock/auth/mfa.go:67.39,70.51 2 0
leaflock/auth/mfa.go:70.51,72.4 1 0
leaflock/auth/mfa.go:75.3,82.19 6 0
leaflock/auth/mfa.go:85.2,85.27 1 0
leaflock/auth/mfa.go:89.106,104.16 6 0
leaflock/auth/mfa.go:104.16,106.3 1 0
leaflock/auth/mfa.go:109.2,112.41 3 0
leaflock/auth/mfa.go:112.41,113.45 1 0
leaflock/auth/mfa.go:113.45,115.9 2 0
leaflock/auth/mfa.go:119.2,119.24 1 0
leaflock/auth/mfa.go:119.24,121.3 1 0
leaflock/auth/mfa.go:124.2,124.37 1 0
leaflock/auth/mfa.go:124.37,125.43 1 0
leaflock/auth/mfa.go:125.43,127.4 1 0
leaflock/auth/mfa.go:131.2,139.16 4 0
leaflock/auth/mfa.go:139.16,141.3 1 0
leaflock/auth/mfa.go:143.2,143.18 1 0
leaflock/auth/mfa.go:147.118,149.34 1 0
leaflock/auth/mfa.go:149.34,151.3 1 0
leaflock/auth/mfa.go:154.2,155.16 2 0
leaflock/auth/mfa.go:155.16,157.3 1 0
leaflock/auth/mfa.go:160.2,161.16 2 0
leaflock/auth/mfa.go:161.16,163.3 1 0
leaflock/auth/mfa.go:166.2,177.16 3 0
leaflock/auth/mfa.go:177.16,179.3 1 0
leaflock/auth/mfa.go:181.2,181.24 1 0
leaflock/auth/mfa.go:185.92,195.16 4 0
leaflock/auth/mfa.go:195.16,197.3 1 0
leaflock/auth/mfa.go:200.2,201.16 2 0
leaflock/auth/mfa.go:201.16,203.3 1 0
leaflock/auth/mfa.go:206.2,206.47 1 0
leaflock/auth/mfa.go:206.47,209.27 2 0
leaflock/auth/mfa.go:209.27,211.4 1 0
leaflock/auth/mfa.go:215.2,226.16 3 0
leaflock/auth/mfa.go:226.16,228.3 1 0
leaflock/auth/mfa.go:230.2,230.12 1 0
leaflock/auth/mfa.go:234.119,245.16 5 0
leaflock/auth/mfa.go:245.16,247.3 1 0
leaflock/auth/mfa.go:250.2,251.54 2 0
leaflock/auth/mfa.go:251.54,253.3 1 0
leaflock/auth/mfa.go:256.2,257.16 2 0
leaflock/auth/mfa.go:257.16,259.3 1 0
leaflock/auth/mfa.go:262.2,271.16 3 0
leaflock/auth/mfa.go:271.16,273.3 1 0
leaflock/auth/mfa.go:275.2,275.24 1 0
leaflock/auth/mfa.go:279.94,291.16 5 0
leaflock/auth/mfa.go:291.16,293.3 1 0
leaflock/auth/mfa.go:295.2,295.37 1 0
leaflock/auth/mfa.go:299.101,308.16 4 0
leaflock/auth/mfa.go:308.16,310.3 1 0
leaflock/auth/mfa.go:312.2,313.16 2 0
leaflock/auth/mfa.go:313.16,315.3 1 0
leaflock/auth/mfa.go:317.2,317.33 1 0
leaflock/auth/mfa.go:322.58,327.2 3 0
leaflock/auth/mfa.go:329.63,330.30 1 0
leaflock/auth/mfa.go:330.30,332.3 1 0
leaflock/auth/mfa.go:335.2,336.34 2 0
leaflock/auth/mfa.go:336.34,338.3 1 0
leaflock/auth/mfa.go:340.2,340.18 1 0
leaflock/auth/mfa.go:343.60,345.20 1 0
leaflock/auth/mfa.go:345.20,347.3 1 0
leaflock/auth/mfa.go:348.2,348.66 1 0
leaflock/auth/mfa.go:351.63,356.2 3 0
leaflock/auth/middleware.go:11.53,14.22 2 0
leaflock/auth/middleware.go:14.22,19.3 1 0
leaflock/auth/middleware.go:22.2,23.45 2 0
leaflock/auth/middleware.go:23.45,28.3 1 0
leaflock/auth/middleware.go:30.2,34.16 3 0
leaflock/auth/middleware.go:34.16,39.3 1 0
leaflock/auth/middleware.go:42.2,46.17 4 0
leaflock/auth/middleware.go:50.61,52.22 2 0
leaflock/auth/middleware.go:52.22,54.3 1 0
leaflock/auth/middleware.go:56.2,57.45 2 0
leaflock/auth/middleware.go:57.45,59.3 1 0
leaflock/auth/middleware.go:61.2,65.16 3 0
leaflock/auth/middleware.go:65.16,67.3 1 0
leaflock/auth/middleware.go:70.2,74.17 4 0
leaflock/auth/middleware.go:78.61,80.19 2 0
leaflock/auth/middleware.go:80.19,85.3 1 0
leaflock/auth/middleware.go:87.2,87.17 1 0
leaflock/auth/middleware.go:91.62,93.21 2 0
leaflock/auth/middleware.go:93.21,98.3 1 0
leaflock/auth/middleware.go:100.2,100.17 1 0
leaflock/auth/middleware.go:104.49,106.9 2 0
leaflock/auth/middleware.go:106.9,108.3 1 0
leaflock/auth/middleware.go:109.2,109.20 1 0
leaflock/auth/middleware.go:113.33,116.2 2 0
leaflock/auth/password.go:39.93,44.2 1 0
leaflock/auth/password.go:47.78,66.2 2 0
leaflock/auth/password.go:70.80,79.2 1 0
leaflock/auth/password.go:82.92,85.2 2 0
leaflock/auth/password.go:88.76,89.39 1 0
leaflock/auth/password.go:89.39,91.3 1 0
leaflock/auth/password.go:94.2,94.67 1 0
leaflock/auth/password.go:94.67,96.3 1 0
leaflock/auth/password.go:99.2,99.67 1 0
leaflock/auth/password.go:99.67,101.3 1 0
leaflock/auth/password.go:104.2,104.67 1 0
leaflock/auth/password.go:104.67,106.3 1 0
leaflock/auth/password.go:109.2,109.98 1 0
leaflock/auth/password.go:109.98,111.3 1 0
leaflock/auth/password.go:113.2,113.12 1 0
leaflock/auth/password.go:117.59,119.43 2 0
leaflock/auth/password.go:119.43,121.3 1 0
leaflock/auth/password.go:122.2,122.18 1 0
leaflock/auth/password.go:126.129,129.49 2 0
leaflock/auth/password.go:129.49,131.3 1 0
leaflock/auth/password.go:132.2,139.16 4 0
leaflock/auth/password.go:139.16,141.3 1 0
leaflock/auth/password.go:143.2,144.16 2 0
leaflock/auth/password.go:144.16,146.3 1 0
leaflock/auth/password.go:149.2,157.16 4 0
leaflock/auth/password.go:157.16,159.3 1 0
leaflock/auth/password.go:161.2,161.19 1 0
leaflock/auth/password.go:165.99,181.16 7 0
leaflock/auth/password.go:181.16,183.3 1 0
leaflock/auth/password.go:186.2,186.10 1 0
leaflock/auth/password.go:186.10,188.3 1 0
leaflock/auth/password.go:191.2,191.39 1 0
leaflock/auth/password.go:191.39,193.3 1 0
leaflock/auth/password.go:195.2,195.20 1 0
leaflock/auth/password.go:199.104,202.16 2 0
leaflock/auth/password.go:202.16,204.3 1 0
leaflock/auth/password.go:207.2,207.65 1 0
leaflock/auth/password.go:207.65,209.3 1 0
leaflock/auth/password.go:212.2,213.16 2 0
leaflock/auth/password.go:213.16,215.3 1 0
leaflock/auth/password.go:218.2,222.48 3 0
leaflock/auth/password.go:222.48,224.3 1 0
leaflock/auth/password.go:227.2,239.16 4 0
leaflock/auth/password.go:239.16,241.3 1 0
leaflock/auth/password.go:244.2,245.16 2 0
leaflock/auth/password.go:245.16,247.3 1 0
leaflock/auth/password.go:248.2,248.15 1 0
leaflock/auth/password.go:248.15,250.3 1 0
leaflock/auth/password.go:253.2,259.16 3 0
leaflock/auth/password.go:259.16,261.3 1 0
leaflock/auth/password.go:264.2,270.16 3 0
leaflock/auth/password.go:270.16,272.3 1 0
leaflock/auth/password.go:275.2,275.39 1 0
leaflock/auth/password.go:275.39,277.3 1 0
leaflock/auth/password.go:279.2,279.12 1 0
leaflock/auth/password.go:283.98,290.16 3 0
leaflock/auth/password.go:290.16,292.3 1 0
leaflock/auth/password.go:293.2,293.12 1 0
leaflock/auth/password.go:297.76,303.16 3 0
leaflock/auth/password.go:303.16,305.3 1 0
leaflock/auth/password.go:306.2,306.12 1 0
leaflock/auth/service.go:30.114,39.2 1 0
leaflock/auth/service.go:42.96,44.70 1 0
leaflock/auth/service.go:44.70,46.3 1 0
leaflock/auth/service.go:49.2,50.16 2 0
leaflock/auth/service.go:50.16,52.3 1 0
leaflock/auth/service.go:55.2,59.48 3 0
leaflock/auth/service.go:59.48,61.3 1 0
leaflock/auth/service.go:64.2,67.16 4 0
leaflock/auth/service.go:67.16,69.3 1 0
leaflock/auth/service.go:72.2,77.16 4 0
leaflock/auth/service.go:77.16,79.3 1 0
leaflock/auth/service.go:82.2,86.16 3 0
leaflock/auth/service.go:86.16,88.3 1 0
leaflock/auth/service.go:89.2,89.15 1 0
leaflock/auth/service.go:89.15,91.3 1 0
leaflock/auth/service.go:94.2,108.16 4 0
leaflock/auth/service.go:108.16,109.92 1 0
leaflock/auth/service.go:109.92,111.4 1 0
leaflock/auth/service.go:112.3,112.59 1 0
leaflock/auth/service.go:116.2,117.50 2 0
leaflock/auth/service.go:117.50,119.3 1 0
leaflock/auth/service.go:121.2,126.16 3 0
leaflock/auth/service.go:126.16,128.3 1 0
leaflock/auth/service.go:131.2,133.51 3 0
leaflock/auth/service.go:133.51,135.3 1 0
leaflock/auth/service.go:138.2,140.16 3 0
leaflock/auth/service.go:140.16,142.3 1 0
leaflock/auth/service.go:145.2,147.16 3 0
leaflock/auth/service.go:147.16,149.3 1 0
leaflock/auth/service.go:151.2,156.16 3 0
leaflock/auth/service.go:156.16,158.3 1 0
leaflock/auth/service.go:161.2,166.16 3 0
leaflock/auth/service.go:166.16,168.3 1 0
leaflock/auth/service.go:171.2,171.39 1 0
leaflock/auth/service.go:171.39,173.3 1 0
leaflock/auth/service.go:176.2,180.16 4 0
leaflock/auth/service.go:180.16,182.3 1 0
leaflock/auth/service.go:184.2,185.16 2 0
leaflock/auth/service.go:185.16,187.3 1 0
leaflock/auth/service.go:189.2,195.8 1 0
leaflock/auth/service.go:199.102,225.16 13 0
leaflock/auth/service.go:225.16,227.3 1 0
leaflock/auth/service.go:230.2,230.65 1 0
leaflock/auth/service.go:230.65,232.3 1 0
leaflock/auth/service.go:235.2,235.62 1 0
leaflock/auth/service.go:235.62,239.3 2 0
leaflock/auth/service.go:242.2,245.16 2 0
leaflock/auth/service.go:245.16,247.20 1 0
leaflock/auth/service.go:247.20,250.18 2 0
leaflock/auth/service.go:250.18,252.5 1 0
leaflock/auth/service.go:255.4,256.14 2 0
leaflock/auth/service.go:256.14,259.29 2 0
leaflock/auth/service.go:259.29,261.6 1 0
leaflock/auth/service.go:265.4,265.59 1 0
leaflock/auth/service.go:269.3,273.17 4 0
leaflock/auth/service.go:273.17,275.4 1 0
leaflock/auth/service.go:277.3,281.9 1 0
leaflock/auth/service.go:285.2,285.58 1 0
leaflock/auth/service.go:289.100,292.16 2 0
leaflock/auth/service.go:292.16,294.3 1 0
leaflock/auth/service.go:297.2,306.16 5 0
leaflock/auth/service.go:306.16,308.3 1 0
leaflock/auth/service.go:311.2,312.16 2 0
leaflock/auth/service.go:312.16,314.3 1 0
leaflock/auth/service.go:317.2,318.12 2 0
leaflock/auth/service.go:318.12,321.27 2 0
leaflock/auth/service.go:321.27,323.4 1 0
leaflock/auth/service.go:327.2,330.68 2 0
leaflock/auth/service.go:334.67,336.2 1 0
leaflock/auth/service.go:339.79,349.16 4 0
leaflock/auth/service.go:349.16,351.3 1 0
leaflock/auth/service.go:353.2,353.25 1 0
leaflock/auth/service.go:357.76,358.83 1 0
leaflock/auth/service.go:358.83,359.58 1 0
leaflock/auth/service.go:359.58,361.4 1 0
leaflock/auth/service.go:362.3,362.34 1 0
leaflock/auth/service.go:365.2,365.16 1 0
leaflock/auth/service.go:365.16,367.3 1 0
leaflock/auth/service.go:369.2,369.18 1 0
leaflock/auth/service.go:369.18,371.3 1 0
leaflock/auth/service.go:373.2,374.9 2 0
leaflock/auth/service.go:374.9,376.3 1 0
leaflock/auth/service.go:378.2,379.9 2 0
leaflock/auth/service.go:379.9,381.3 1 0
leaflock/auth/service.go:383.2,384.16 2 0
leaflock/auth/service.go:384.16,386.3 1 0
leaflock/auth/service.go:388.2,390.29 2 0
leaflock/auth/service.go:395.127,402.16 4 0
leaflock/auth/service.go:402.16,404.3 1 0
leaflock/auth/service.go:407.2,417.16 6 0
leaflock/auth/service.go:417.16,419.3 1 0
leaflock/auth/service.go:422.2,423.16 2 0
leaflock/auth/service.go:423.16,425.3 1 0
leaflock/auth/service.go:427.2,434.29 2 0
leaflock/auth/service.go:434.29,436.3 1 0
leaflock/auth/service.go:439.2,441.22 2 0
leaflock/auth/service.go:444.103,449.22 3 0
leaflock/auth/service.go:449.22,452.3 2 0
leaflock/auth/service.go:454.2,459.64 2 0
leaflock/auth/service.go:462.78,469.2 2 0
leaflock/auth/session.go:34.92,39.2 1 0
leaflock/auth/session.go:42.153,45.49 2 0
leaflock/auth/session.go:45.49,47.3 1 0
leaflock/auth/session.go:48.2,68.16 6 0
leaflock/auth/session.go:68.16,70.3 1 0
leaflock/auth/session.go:73.2,74.16 2 0
leaflock/auth/session.go:74.16,76.3 1 0
leaflock/auth/session.go:79.2,79.90 1 0
leaflock/auth/session.go:79.90,81.3 1 0
leaflock/auth/session.go:83.2,83.28 1 0
leaflock/auth/session.go:87.91,93.22 4 0
leaflock/auth/session.go:93.22,95.3 1 0
leaflock/auth/session.go:96.2,96.16 1 0
leaflock/auth/session.go:96.16,98.3 1 0
leaflock/auth/session.go:101.2,102.16 2 0
leaflock/auth/session.go:102.16,104.3 1 0
leaflock/auth/session.go:107.2,108.62 2 0
leaflock/auth/session.go:108.62,110.3 1 0
leaflock/auth/session.go:113.2,113.47 1 0
leaflock/auth/session.go:113.47,116.3 2 0
leaflock/auth/session.go:118.2,118.22 1 0
leaflock/auth/session.go:122.82,126.58 3 0
leaflock/auth/session.go:126.58,128.3 1 0
leaflock/auth/session.go:130.2,130.12 1 0
leaflock/auth/session.go:134.152,137.49 2 0
leaflock/auth/session.go:137.49,139.3 1 0
leaflock/auth/session.go:140.2,160.16 6 0
leaflock/auth/session.go:160.16,162.3 1 0
leaflock/auth/session.go:164.2,165.16 2 0
leaflock/auth/session.go:165.16,167.3 1 0
leaflock/auth/session.go:170.2,170.93 1 0
leaflock/auth/session.go:170.93,172.3 1 0
leaflock/auth/session.go:174.2,174.19 1 0
leaflock/auth/session.go:178.97,184.22 4 0
leaflock/auth/session.go:184.22,186.3 1 0
leaflock/auth/session.go:187.2,187.16 1 0
leaflock/auth/session.go:187.16,189.3 1 0
leaflock/auth/session.go:192.2,193.16 2 0
leaflock/auth/session.go:193.16,195.3 1 0
leaflock/auth/session.go:198.2,199.65 2 0
leaflock/auth/session.go:199.65,201.3 1 0
leaflock/auth/session.go:204.2,204.50 1 0
leaflock/auth/session.go:204.50,207.3 2 0
leaflock/auth/session.go:209.2,209.25 1 0
leaflock/auth/session.go:213.85,217.58 3 0
leaflock/auth/session.go:217.58,219.3 1 0
leaflock/auth/session.go:221.2,221.12 1 0
leaflock/auth/session.go:225.58,229.2 2 0
leaflock/auth/session.go:232.83,234.16 2 0
leaflock/auth/session.go:234.16,236.3 1 0
leaflock/auth/session.go:239.2,246.16 5 0
leaflock/auth/session.go:246.16,248.3 1 0
leaflock/auth/session.go:250.2,251.16 2 0
leaflock/auth/session.go:251.16,253.3 1 0
leaflock/auth/session.go:255.2,255.90 1 0
leaflock/auth/session.go:255.90,257.3 1 0
leaflock/auth/session.go:259.2,259.12 1 0
leaflock/main.go:45.13,66.42 12 0
leaflock/main.go:66.42,68.3 1 0
leaflock/main.go:69.2,69.27 1 0
leaflock/main.go:69.27,71.3 1 0
leaflock/main.go:71.8,73.3 1 0
leaflock/main.go:76.2,82.24 5 0
leaflock/main.go:82.24,85.3 2 0
leaflock/main.go:85.8,87.3 1 0
leaflock/main.go:88.2,88.16 1 0
leaflock/main.go:88.16,90.3 1 0
leaflock/main.go:91.2,106.15 5 0
leaflock/main.go:106.15,108.3 1 0
leaflock/main.go:109.2,131.12 13 0
leaflock/main.go:131.12,132.83 1 0
leaflock/main.go:132.83,134.4 1 0
leaflock/main.go:138.2,151.66 7 0
leaflock/main.go:151.66,153.3 1 0
leaflock/main.go:154.2,163.12 6 0
leaflock/main.go:163.12,167.45 4 0
leaflock/main.go:167.45,169.4 1 0
leaflock/main.go:169.9,171.4 1 0
leaflock/main.go:172.3,172.30 1 0
leaflock/main.go:175.2,181.9 4 0
leaflock/routes.go:29.185,35.26 1 0
leaflock/routes.go:35.26,36.75 1 0
leaflock/routes.go:36.75,38.5 1 0
leaflock/routes.go:39.4,39.12 1 0
leaflock/routes.go:61.2,70.33 1 0
leaflock/routes.go:70.33,78.4 3 0
leaflock/routes.go:82.2,83.46 1 0
leaflock/routes.go:83.46,85.74 1 0
leaflock/routes.go:85.74,87.5 1 0
leaflock/routes.go:90.4,90.56 1 0
leaflock/routes.go:90.56,92.32 1 0
leaflock/routes.go:92.32,94.6 1 0
leaflock/routes.go:96.5,96.45 1 0
leaflock/routes.go:96.45,99.31 3 0
leaflock/routes.go:99.31,101.7 1 0
leaflock/routes.go:104.4,104.16 1 0
leaflock/routes.go:113.2,113.53 1 0
leaflock/routes.go:113.53,115.3 1 0
leaflock/routes.go:118.2,142.51 17 0
leaflock/routes.go:142.51,148.3 1 0
leaflock/routes.go:150.2,150.52 1 0
leaflock/routes.go:150.52,159.32 4 0
leaflock/routes.go:159.32,161.106 2 0
leaflock/routes.go:161.106,165.5 3 0
leaflock/routes.go:167.4,167.64 1 0
leaflock/routes.go:167.64,171.5 3 0
leaflock/routes.go:173.4,175.25 3 0
leaflock/routes.go:178.3,183.63 6 0
leaflock/routes.go:186.2,186.46 1 0
leaflock/routes.go:186.46,199.89 6 0
leaflock/routes.go:199.89,203.4 3 0
leaflock/routes.go:203.9,206.4 2 0
leaflock/routes.go:208.3,209.45 2 0
leaflock/routes.go:209.45,213.4 3 0
leaflock/routes.go:213.9,215.4 1 0
leaflock/routes.go:217.3,217.34 1 0
leaflock/routes.go:217.34,220.4 2 0
leaflock/routes.go:222.3,222.24 1 0
leaflock/routes.go:226.2,340.42 76 0
leaflock/routes.go:340.42,341.36 1 0
leaflock/routes.go:341.36,343.4 1 0
leaflock/routes.go:344.3,344.34 1 0
leaflock/routes.go:347.2,347.54 1 0
leaflock/routes.go:347.54,349.3 1 0
leaflock/swagger.go:16.39,18.24 2 0
leaflock/swagger.go:18.24,20.3 1 0
leaflock/swagger.go:22.2,22.34 1 0
leaflock/swagger.go:22.34,24.20 2 0
leaflock/swagger.go:24.20,26.4 1 0
leaflock/swagger.go:27.3,28.29 2 0
leaflock/swagger.go:29.15,30.11 1 0
leaflock/swagger.go:31.37,32.20 1 0
leaflock/swagger.go:33.11,34.42 1 0
leaflock/swagger.go:36.3,36.28 1 0
leaflock/swagger.go:36.28,37.27 1 0
leaflock/swagger.go:37.27,39.5 1 0
leaflock/swagger.go:41.3,41.81 1 0
leaflock/swagger.go:47.45,49.16 2 0
leaflock/swagger.go:49.16,51.3 1 0
leaflock/swagger.go:52.2,53.21 2 0
leaflock/swagger.go:56.43,80.2 4 0
leaflock/crypto/crypto.go:24.50,26.2 1 14
leaflock/crypto/crypto.go:30.67,32.16 2 6
leaflock/crypto/crypto.go:32.16,34.3 1 0
leaflock/crypto/crypto.go:36.2,37.44 2 6
leaflock/crypto/crypto.go:37.44,39.3 1 0
leaflock/crypto/crypto.go:41.2,42.42 2 6
leaflock/crypto/crypto.go:47.68,49.16 2 7
leaflock/crypto/crypto.go:49.16,51.3 1 0
leaflock/crypto/crypto.go:53.2,53.40 1 7
leaflock/crypto/crypto.go:53.40,55.3 1 1
leaflock/crypto/crypto.go:57.2,60.47 3 6
leaflock/crypto/crypto.go:66.96,74.16 7 4
leaflock/crypto/crypto.go:74.16,76.3 1 0
leaflock/crypto/crypto.go:78.2,83.51 5 4
leaflock/crypto/crypto.go:88.123,96.16 7 1
leaflock/crypto/crypto.go:96.16,98.3 1 0
leaflock/crypto/crypto.go:100.2,105.47 5 1
leaflock/crypto/crypto.go:110.100,117.16 6 2
leaflock/crypto/crypto.go:117.16,119.3 1 0
leaflock/crypto/crypto.go:120.2,121.44 2 2
leaflock/crypto/crypto.go:121.44,123.3 1 0
leaflock/crypto/crypto.go:124.2,125.42 2 2
leaflock/crypto/crypto.go:130.101,137.16 6 2
leaflock/crypto/crypto.go:137.16,139.3 1 0
leaflock/crypto/crypto.go:140.2,140.40 1 2
leaflock/crypto/crypto.go:140.40,142.3 1 0
leaflock/crypto/crypto.go:143.2,145.47 3 2
leaflock/crypto/crypto.go:150.98,152.16 2 2
leaflock/crypto/crypto.go:152.16,154.3 1 0
leaflock/crypto/crypto.go:155.2,156.44 2 2
leaflock/crypto/crypto.go:156.44,158.3 1 0
leaflock/crypto/crypto.go:159.2,160.42 2 2
leaflock/crypto/crypto.go:165.99,167.16 2 2
leaflock/crypto/crypto.go:167.16,169.3 1 0
leaflock/crypto/crypto.go:170.2,170.40 1 2
leaflock/crypto/crypto.go:170.40,172.3 1 0
leaflock/crypto/crypto.go:173.2,175.47 3 2
leaflock/crypto/crypto.go:180.56,184.2 3 6
leaflock/crypto/crypto.go:188.72,190.2 1 0
leaflock/crypto/crypto.go:194.73,196.2 1 0
leaflock/crypto/password.go:22.56,28.2 4 20
leaflock/crypto/password.go:34.56,36.21 2 22
leaflock/crypto/password.go:36.21,38.3 1 3
leaflock/crypto/password.go:40.2,44.62 4 19
